Component: ARM Compiler 5.06 update 7 (build 960) Tool: armlink [4d3601]

==============================================================================

Section Cross References

    startup_stm32f405xx.o(STACK) refers (Special) to heapauxi.o(.text) for __use_two_region_memory
    startup_stm32f405xx.o(HEAP) refers (Special) to heapauxi.o(.text) for __use_two_region_memory
    startup_stm32f405xx.o(RESET) refers (Special) to heapauxi.o(.text) for __use_two_region_memory
    startup_stm32f405xx.o(RESET) refers to startup_stm32f405xx.o(STACK) for __initial_sp
    startup_stm32f405xx.o(RESET) refers to startup_stm32f405xx.o(.text) for Reset_Handler
    startup_stm32f405xx.o(RESET) refers to stm32f4xx_it.o(i.NMI_Handler) for NMI_Handler
    startup_stm32f405xx.o(RESET) refers to stm32f4xx_it.o(i.HardFault_Handler) for HardFault_Handler
    startup_stm32f405xx.o(RESET) refers to stm32f4xx_it.o(i.MemManage_Handler) for MemManage_Handler
    startup_stm32f405xx.o(RESET) refers to stm32f4xx_it.o(i.BusFault_Handler) for BusFault_Handler
    startup_stm32f405xx.o(RESET) refers to stm32f4xx_it.o(i.UsageFault_Handler) for UsageFault_Handler
    startup_stm32f405xx.o(RESET) refers to port.o(.emb_text) for SVC_Handler
    startup_stm32f405xx.o(RESET) refers to stm32f4xx_it.o(i.DebugMon_Handler) for DebugMon_Handler
    startup_stm32f405xx.o(RESET) refers to cmsis_os2.o(i.SysTick_Handler) for SysTick_Handler
    startup_stm32f405xx.o(RESET) refers to stm32f4xx_it.o(i.DMA1_Stream4_IRQHandler) for DMA1_Stream4_IRQHandler
    startup_stm32f405xx.o(RESET) refers to stm32f4xx_it.o(i.DMA1_Stream5_IRQHandler) for DMA1_Stream5_IRQHandler
    startup_stm32f405xx.o(RESET) refers to stm32f4xx_it.o(i.TIM1_UP_TIM10_IRQHandler) for TIM1_UP_TIM10_IRQHandler
    startup_stm32f405xx.o(RESET) refers to stm32f4xx_it.o(i.UART4_IRQHandler) for UART4_IRQHandler
    startup_stm32f405xx.o(.text) refers (Special) to heapauxi.o(.text) for __use_two_region_memory
    startup_stm32f405xx.o(.text) refers to system_stm32f4xx.o(i.SystemInit) for SystemInit
    startup_stm32f405xx.o(.text) refers to __main.o(!!!main) for __main
    startup_stm32f405xx.o(.text) refers to startup_stm32f405xx.o(HEAP) for Heap_Mem
    startup_stm32f405xx.o(.text) refers to startup_stm32f405xx.o(STACK) for Stack_Mem
    main.o(i.HAL_TIM_PeriodElapsedCallback) refers to stm32f4xx_hal.o(i.HAL_IncTick) for HAL_IncTick
    main.o(i.SystemClock_Config) refers to rt_memclr_w.o(.text) for __aeabi_memclr4
    main.o(i.SystemClock_Config) refers to stm32f4xx_hal_rcc.o(i.HAL_RCC_OscConfig) for HAL_RCC_OscConfig
    main.o(i.SystemClock_Config) refers to stm32f4xx_hal_rcc.o(i.HAL_RCC_ClockConfig) for HAL_RCC_ClockConfig
    main.o(i.main) refers to stm32f4xx_hal.o(i.HAL_Init) for HAL_Init
    main.o(i.main) refers to main.o(i.SystemClock_Config) for SystemClock_Config
    main.o(i.main) refers to gpio.o(i.MX_GPIO_Init) for MX_GPIO_Init
    main.o(i.main) refers to dma.o(i.MX_DMA_Init) for MX_DMA_Init
    main.o(i.main) refers to can.o(i.MX_CAN1_Init) for MX_CAN1_Init
    main.o(i.main) refers to usart.o(i.MX_USART2_UART_Init) for MX_USART2_UART_Init
    main.o(i.main) refers to usart.o(i.MX_UART4_Init) for MX_UART4_Init
    main.o(i.main) refers to cmsis_os2.o(i.osKernelInitialize) for osKernelInitialize
    main.o(i.main) refers to freertos.o(i.MX_FREERTOS_Init) for MX_FREERTOS_Init
    main.o(i.main) refers to cmsis_os2.o(i.osKernelStart) for osKernelStart
    gpio.o(i.MX_GPIO_Init) refers to rt_memclr_w.o(.text) for __aeabi_memclr4
    gpio.o(i.MX_GPIO_Init) refers to stm32f4xx_hal_gpio.o(i.HAL_GPIO_WritePin) for HAL_GPIO_WritePin
    gpio.o(i.MX_GPIO_Init) refers to stm32f4xx_hal_gpio.o(i.HAL_GPIO_Init) for HAL_GPIO_Init
    freertos.o(i.MX_FREERTOS_Init) refers to movement_task.o(i.Movement_Init) for Movement_Init
    freertos.o(i.MX_FREERTOS_Init) refers to remote_control_task.o(i.RemoteControlTask_Init) for RemoteControlTask_Init
    freertos.o(i.MX_FREERTOS_Init) refers to cmsis_os2.o(i.osSemaphoreNew) for osSemaphoreNew
    freertos.o(i.MX_FREERTOS_Init) refers to cmsis_os2.o(i.osMessageQueueNew) for osMessageQueueNew
    freertos.o(i.MX_FREERTOS_Init) refers to cmsis_os2.o(i.osThreadNew) for osThreadNew
    freertos.o(i.MX_FREERTOS_Init) refers to freertos.o(.constdata) for .constdata
    freertos.o(i.MX_FREERTOS_Init) refers to freertos.o(.data) for .data
    freertos.o(i.MX_FREERTOS_Init) refers to freertos.o(i.StartDefaultTask) for StartDefaultTask
    freertos.o(i.MX_FREERTOS_Init) refers to remote_control_task.o(i.Receive_and_Process_Signal) for Receive_and_Process_Signal
    freertos.o(i.MX_FREERTOS_Init) refers to movement_task.o(i.Motor_Movement) for Motor_Movement
    freertos.o(i.MX_FREERTOS_Init) refers to vofa_transmit_task.o(i.Vofa_Debugging_Transmition) for Vofa_Debugging_Transmition
    freertos.o(i.Motor_Movement) refers to cmsis_os2.o(i.osDelay) for osDelay
    freertos.o(i.Receive_and_Process_Signal) refers to cmsis_os2.o(i.osDelay) for osDelay
[...]
    xNumberOfSuccessfulFrees                 0x200000fc   Data           4  heap_4.o(.data)
    xBlockAllocatedBit                       0x20000100   Data           4  heap_4.o(.data)
    xStart                                   0x20000104   Data           8  heap_4.o(.data)
    .data                                    0x2000010c   Section       12  port.o(.data)
    ucMaxSysCallPriority                     0x2000010c   Data           1  port.o(.data)
    uxCriticalNesting                        0x20000110   Data           4  port.o(.data)
    ulMaxPRIGROUPValue                       0x20000114   Data           4  port.o(.data)
    .bss                                     0x20000118   Section       40  can.o(.bss)
    .bss                                     0x20000140   Section      336  usart.o(.bss)
    .bss                                     0x20000290   Section       72  stm32f4xx_hal_timebase_tim.o(.bss)
    .bss                                     0x200002d8   Section      108  remote_control.o(.bss)
    dbus_rx_buffer                           0x200002d8   Data          64  remote_control.o(.bss)
    dbus_frame                               0x20000318   Data          18  remote_control.o(.bss)
    cached_state                             0x2000032c   Data          24  remote_control.o(.bss)
    .bss                                     0x20000344   Section       90  m3508.o(.bss)
    m3508_current_cmd                        0x20000344   Data          18  m3508.o(.bss)
    m3508_feedback                           0x20000356   Data          72  m3508.o(.bss)
    .bss                                     0x200003a0   Section      800  steering_chassis.o(.bss)
    g_wheel                                  0x200003a0   Data         224  steering_chassis.o(.bss)
    g_mt6701_dev                             0x20000480   Data          64  steering_chassis.o(.bss)
    g_steer_pos_pid                          0x200004c0   Data         128  steering_chassis.o(.bss)
    g_steer_vel_pid                          0x20000540   Data         128  steering_chassis.o(.bss)
    g_drive_vel_pid                          0x200005c0   Data         128  steering_chassis.o(.bss)
    g_homing_pos_pid                         0x20000640   Data         128  steering_chassis.o(.bss)
    .bss                                     0x200006c0   Section       64  queue.o(.bss)
    .bss                                     0x20000700   Section     1220  tasks.o(.bss)
    pxReadyTasksLists                        0x20000700   Data        1120  tasks.o(.bss)
    xDelayedTaskList1                        0x20000b60   Data          20  tasks.o(.bss)
    xDelayedTaskList2                        0x20000b74   Data          20  tasks.o(.bss)
    xPendingReadyList                        0x20000b88   Data          20  tasks.o(.bss)
    xTasksWaitingTermination                 0x20000b9c   Data          20  tasks.o(.bss)
    xSuspendedTaskList                       0x20000bb0   Data          20  tasks.o(.bss)
    .bss                                     0x20000bc4   Section      280  timers.o(.bss)
    xStaticTimerQueue                        0x20000bc4   Data          80  timers.o(.bss)
    ucStaticTimerQueueStorage                0x20000c14   Data         160  timers.o(.bss)
    xActiveTimerList1                        0x20000cb4   Data          20  timers.o(.bss)
    xActiveTimerList2                        0x20000cc8   Data          20  timers.o(.bss)
    .bss                                     0x20000cdc   Section     1720  cmsis_os2.o(.bss)
    Idle_TCB                                 0x20000cdc   Data          92  cmsis_os2.o(.bss)
    Idle_Stack                               0x20000d38   Data         512  cmsis_os2.o(.bss)
    Timer_TCB                                0x20000f38   Data          92  cmsis_os2.o(.bss)
    Timer_Stack                              0x20000f94   Data        1024  cmsis_os2.o(.bss)
    .bss                                     0x20001394   Section    15360  heap_4.o(.bss)
    ucHeap                                   0x20001394   Data       15360  heap_4.o(.bss)
    .bss                                     0x20004f94   Section       96  libspace.o(.bss)
    HEAP                                     0x20004ff8   Section      512  startup_stm32f405xx.o(HEAP)
    Heap_Mem                                 0x20004ff8   Data         512  startup_stm32f405xx.o(HEAP)
    STACK                                    0x200051f8   Section     1024  startup_stm32f405xx.o(STACK)
    Stack_Mem                                0x200051f8   Data        1024  startup_stm32f405xx.o(STACK)
    __initial_sp                             0x200055f8   Data           0  startup_stm32f405xx.o(STACK)

    Global Symbols

    Symbol Name                              Value     Ov Type        Size  Object(Section)

    BuildAttributes$$THM_ISAv4$E$P$D$K$B$S$7EM$VFPi3$EXTD16$VFPS$VFMA$PE$A:L22UL41UL21$X:L11$S22US41US21$IEEE1$IW$USESV6$~STKCKD$USESV7$~SHL$OTIME$ROPI$IEEEX$EBA8$UX$STANDARDLIB$REQ8$PRES8$EABIv2 0x00000000   Number         0  anon$$obj.o ABSOLUTE
    __ARM_use_no_argv                        0x00000000   Number         0  main.o ABSOLUTE
    __ARM_exceptions_init                     - Undefined Weak Reference
    __alloca_initialize                       - Undefined Weak Reference
    __arm_fini_                               - Undefined Weak Reference
    __arm_preinit_                            - Undefined Weak Reference
    __cpp_initialize__aeabi_                  - Undefined Weak Reference
    __cxa_finalize                            - Undefined Weak Reference
    __rt_locale                               - Undefined Weak Reference
    __sigvec_lookup                           - Undefined Weak Reference
    _atexit_init                              - Undefined Weak Reference
    _call_atexit_fns                          - Undefined Weak Reference
    _clock_init                               - Undefined Weak Reference
    _fp_trap_init                             - Undefined Weak Reference
    _fp_trap_shutdown                         - Undefined Weak Reference
    _get_lc_collate                           - Undefined Weak Reference
    _get_lc_ctype                             - Undefined Weak Reference
    _get_lc_monetary                          - Undefined Weak Reference
    _get_lc_numeric                           - Undefined Weak Reference
    _get_lc_time                              - Undefined Weak Reference
    _getenv_init                              - Undefined Weak Reference
    _handle_redirection                       - Undefined Weak Reference
    _init_alloc                               - Undefined Weak Reference
    _init_user_alloc                          - Undefined Weak Reference
    _initio                                   - Undefined Weak Reference
    _rand_init                                - Undefined Weak Reference
    _signal_finish                            - Undefined Weak Reference
    _signal_init                              - Undefined Weak Reference
    _terminate_alloc                          - Undefined Weak Reference
    _terminate_user_alloc                     - Undefined Weak Reference
    _terminateio                              - Undefined Weak Reference
    __Vectors_Size                           0x00000188   Number         0  startup_stm32f405xx.o ABSOLUTE
    __Vectors                                0x08000000   Data           4  startup_stm32f405xx.o(RESET)
    __Vectors_End                            0x08000188   Data           0  startup_stm32f405xx.o(RESET)
    __main                                   0x08000189   Thumb Code     8  __main.o(!!!main)
    __scatterload                            0x08000191   Thumb Code     0  __scatter.o(!!!scatter)
    __scatterload_rt2                        0x08000191   Thumb Code    44  __scatter.o(!!!scatter)
    __scatterload_rt2_thumb_only             0x08000191   Thumb Code     0  __scatter.o(!!!scatter)
    __scatterload_null                       0x0800019f   Thumb Code     0  __scatter.o(!!!scatter)
    __scatterload_copy                       0x080001c5   Thumb Code    26  __scatter_copy.o(!!handler_copy)
    __scatterload_zeroinit                   0x080001e1   Thumb Code    28  __scatter_zi.o(!!handler_zi)
    __rt_lib_init                            0x080001fd   Thumb Code     0  libinit.o(.ARM.Collect$$libinit$$00000000)
    __rt_lib_init_fp_1                       0x080001ff   Thumb Code     0  libinit2.o(.ARM.Collect$$libinit$$00000001)
    __rt_lib_init_alloca_1                   0x08000203   Thumb Code     0  libinit2.o(.ARM.Collect$$libinit$$0000002E)
    __rt_lib_init_argv_1                     0x08000203   Thumb Code     0  libinit2.o(.ARM.Collect$$libinit$$0000002C)
    __rt_lib_init_atexit_1                   0x08000203   Thumb Code     0  libinit2.o(.ARM.Collect$$libinit$$0000001B)
    __rt_lib_init_clock_1                    0x08000203   Thumb Code     0  libinit2.o(.ARM.Collect$$libinit$$00000021)
    __rt_lib_init_cpp_1                      0x08000203   Thumb Code     0  libinit2.o(.ARM.Collect$$libinit$$00000032)
    __rt_lib_init_exceptions_1               0x08000203   Thumb Code     0  libinit2.o(.ARM.Collect$$libinit$$00000030)
    __rt_lib_init_fp_trap_1                  0x08000203   Thumb Code     0  libinit2.o(.ARM.Collect$$libinit$$0000001F)
    __rt_lib_init_getenv_1                   0x08000203   Thumb Code     0  libinit2.o(.ARM.Collect$$libinit$$00000023)
    __rt_lib_init_heap_1                     0x08000203   Thumb Code     0  libinit2.o(.ARM.Collect$$libinit$$0000000A)
    __rt_lib_init_lc_collate_1               0x08000203   Thumb Code     0  libinit2.o(.ARM.Collect$$libinit$$00000011)
    __rt_lib_init_lc_ctype_1                 0x08000203   Thumb Code     0  libinit2.o(.ARM.Collect$$libinit$$00000013)
    __rt_lib_init_lc_monetary_1              0x08000203   Thumb Code     0  libinit2.o(.ARM.Collect$$libinit$$00000015)
    __rt_lib_init_lc_numeric_1               0x08000203   Thumb Code     0  libinit2.o(.ARM.Collect$$libinit$$00000017)
    __rt_lib_init_lc_time_1                  0x08000203   Thumb Code     0  libinit2.o(.ARM.Collect$$libinit$$00000019)
    __rt_lib_init_preinit_1                  0x08000203   Thumb Code     0  libinit2.o(.ARM.Collect$$libinit$$00000004)
    __rt_lib_init_rand_1                     0x08000203   Thumb Code     0  libinit2.o(.ARM.Collect$$libinit$$0000000E)
    __rt_lib_init_return                     0x08000203   Thumb Code     0  libinit2.o(.ARM.Collect$$libinit$$00000033)
    __rt_lib_init_signal_1                   0x08000203   Thumb Code     0  libinit2.o(.ARM.Collect$$libinit$$0000001D)
    __rt_lib_init_stdio_1                    0x08000203   Thumb Code     0  libinit2.o(.ARM.Collect$$libinit$$00000025)
    __rt_lib_init_user_alloc_1               0x08000203   Thumb Code     0  libinit2.o(.ARM.Collect$$libinit$$0000000C)
    __rt_lib_shutdown                        0x08000205   Thumb Code     0  libshutdown.o(.ARM.Collect$$libshutdown$$00000000)
    __rt_lib_shutdown_cpp_1                  0x08000207   Thumb Code     0  libshutdown2.o(.ARM.Collect$$libshutdown$$00000004)
    __rt_lib_shutdown_fini_1                 0x08000207   Thumb Code     0  libshutdown2.o(.ARM.Collect$$libshutdown$$00000002)
    __rt_lib_shutdown_fp_trap_1              0x08000207   Thumb Code     0  libshutdown2.o(.ARM.Collect$$libshutdown$$00000009)
    __rt_lib_shutdown_heap_1                 0x08000207   Thumb Code     0  libshutdown2.o(.ARM.Collect$$libshutdown$$00000011)
    __rt_lib_shutdown_return                 0x08000207   Thumb Code     0  libshutdown2.o(.ARM.Collect$$libshutdown$$00000012)
    __rt_lib_shutdown_signal_1               0x08000207   Thumb Code     0  libshutdown2.o(.ARM.Collect$$libshutdown$$0000000C)
    __rt_lib_shutdown_stdio_1                0x08000207   Thumb Code     0  libshutdown2.o(.ARM.Collect$$libshutdown$$00000006)
    __rt_lib_shutdown_user_alloc_1           0x08000207   Thumb Code     0  libshutdown2.o(.ARM.Collect$$libshutdown$$0000000E)
    __rt_entry                               0x08000209   Thumb Code     0  __rtentry.o(.ARM.Collect$$rtentry$$00000000)
    __rt_entry_presh_1                       0x08000209   Thumb Code     0  __rtentry2.o(.ARM.Collect$$rtentry$$00000002)
    __rt_entry_sh                            0x08000209   Thumb Code     0  __rtentry4.o(.ARM.Collect$$rtentry$$00000004)
    __rt_entry_li                            0x0800020f   Thumb Code     0  __rtentry2.o(.ARM.Collect$$rtentry$$0000000A)
    __rt_entry_postsh_1                      0x0800020f   Thumb Code     0  __rtentry2.o(.ARM.Collect$$rtentry$$00000009)
    __rt_entry_main                          0x08000213   Thumb Code     0  __rtentry2.o(.ARM.Collect$$rtentry$$0000000D)
    __rt_entry_postli_1                      0x08000213   Thumb Code     0  __rtentry2.o(.ARM.Collect$$rtentry$$0000000C)
    __rt_exit                                0x0800021b   Thumb Code     0  rtexit.o(.ARM.Collect$$rtexit$$00000000)
    __rt_exit_ls                             0x0800021d   Thumb Code     0  rtexit2.o(.ARM.Collect$$rtexit$$00000003)
    __rt_exit_prels_1                        0x0800021d   Thumb Code     0  rtexit2.o(.ARM.Collect$$rtexit$$00000002)
    __rt_exit_exit                           0x08000221   Thumb Code     0  rtexit2.o(.ARM.Collect$$rtexit$$00000004)
    SVC_Handler                              0x08000229   Thumb Code    28  port.o(.emb_text)
    __asm___6_port_c_39a90d8d__prvStartFirstTask 0x08000249   Thumb Code    36  port.o(.emb_text)
    __asm___6_port_c_39a90d8d__prvEnableVFP  0x08000271   Thumb Code    16  port.o(.emb_text)
    PendSV_Handler                           0x08000285   Thumb Code    88  port.o(.emb_text)
    vPortGetIPSR                             0x080002e1   Thumb Code     6  port.o(.emb_text)
    Reset_Handler                            0x080002e9   Thumb Code     8  startup_stm32f405xx.o(.text)
    ADC_IRQHandler                           0x08000303   Thumb Code     0  startup_stm32f405xx.o(.text)
    CAN1_RX0_IRQHandler                      0x08000303   Thumb Code     0  startup_stm32f405xx.o(.text)
    CAN1_RX1_IRQHandler                      0x08000303   Thumb Code     0  startup_stm32f405xx.o(.text)
    CAN1_SCE_IRQHandler                      0x08000303   Thumb Code     0  startup_stm32f405xx.o(.text)
    CAN1_TX_IRQHandler                       0x08000303   Thumb Code     0  startup_stm32f405xx.o(.text)
    CAN2_RX0_IRQHandler                      0x08000303   Thumb Code     0  startup_stm32f405xx.o(.text)
    CAN2_RX1_IRQHandler                      0x08000303   Thumb Code     0  startup_stm32f405xx.o(.text)
    CAN2_SCE_IRQHandler                      0x08000303   Thumb Code     0  startup_stm32f405xx.o(.text)
    CAN2_TX_IRQHandler                       0x08000303   Thumb Code     0  startup_stm32f405xx.o(.text)
    DMA1_Stream0_IRQHandler                  0x08000303   Thumb Code     0  startup_stm32f405xx.o(.text)
    DMA1_Stream1_IRQHandler                  0x08000303   Thumb Code     0  startup_stm32f405xx.o(.text)
    DMA1_Stream2_IRQHandler                  0x08000303   Thumb Code     0  startup_stm32f405xx.o(.text)
    DMA1_Stream3_IRQHandler                  0x08000303   Thumb Code     0  startup_stm32f405xx.o(.text)
    DMA1_Stream6_IRQHandler                  0x08000303   Thumb Code     0  startup_stm32f405xx.o(.text)
    DMA1_Stream7_IRQHandler                  0x08000303   Thumb Code     0  startup_stm32f405xx.o(.text)
    DMA2_Stream0_IRQHandler                  0x08000303   Thumb Code     0  startup_stm32f405xx.o(.text)
    DMA2_Stream1_IRQHandler                  0x08000303   Thumb Code     0  startup_stm32f405xx.o(.text)
    DMA2_Stream2_IRQHandler                  0x08000303   Thumb Code     0  startup_stm32f405xx.o(.text)
    DMA2_Stream3_IRQHandler                  0x08000303   Thumb Code     0  startup_stm32f405xx.o(.text)
    DMA2_Stream4_IRQHandler                  0x08000303   Thumb Code     0  startup_stm32f405xx.o(.text)
    DMA2_Stream5_IRQHandler                  0x08000303   Thumb Code     0  startup_stm32f405xx.o(.text)
    DMA2_Stream6_IRQHandler                  0x08000303   Thumb Code     0  startup_stm32f405xx.o(.text)
    DMA2_Stream7_IRQHandler                  0x08000303   Thumb Code     0  startup_stm32f405xx.o(.text)
    EXTI0_IRQHandler                         0x08000303   Thumb Code     0  startup_stm32f405xx.o(.text)
    EXTI15_10_IRQHandler                     0x08000303   Thumb Code     0  startup_stm32f405xx.o(.text)
    EXTI1_IRQHandler                         0x08000303   Thumb Code     0  startup_stm32f405xx.o(.text)
    EXTI2_IRQHandler                         0x08000303   Thumb Code     0  startup_stm32f405xx.o(.text)
    EXTI3_IRQHandler                         0x08000303   Thumb Code     0  startup_stm32f405xx.o(.text)
    EXTI4_IRQHandler                         0x08000303   Thumb Code     0  startup_stm32f405xx.o(.text)
    EXTI9_5_IRQHandler                       0x08000303   Thumb Code     0  startup_stm32f405xx.o(.text)
    FLASH_IRQHandler                         0x08000303   Thumb Code     0  startup_stm32f405xx.o(.text)
    FMC_IRQHandler                           0x08000303   Thumb Code     0  startup_stm32f405xx.o(.text)
    FPU_IRQHandler                           0x08000303   Thumb Code     0  startup_stm32f405xx.o(.text)
    HASH_RNG_IRQHandler                      0x08000303   Thumb Code     0  startup_stm32f405xx.o(.text)
    I2C1_ER_IRQHandler                       0x08000303   Thumb Code     0  startup_stm32f405xx.o(.text)
    I2C1_EV_IRQHandler                       0x08000303   Thumb Code     0  startup_stm32f405xx.o(.text)
    I2C2_ER_IRQHandler                       0x08000303   Thumb Code     0  startup_stm32f405xx.o(.text)
    I2C2_EV_IRQHandler                       0x08000303   Thumb Code     0  startup_stm32f405xx.o(.text)
    I2C3_ER_IRQHandler                       0x08000303   Thumb Code     0  startup_stm32f405xx.o(.text)
    I2C3_EV_IRQHandler                       0x08000303   Thumb Code     0  startup_stm32f405xx.o(.text)
    OTG_FS_IRQHandler                        0x08000303   Thumb Code     0  startup_stm32f405xx.o(.text)
    OTG_FS_WKUP_IRQHandler                   0x08000303   Thumb Code     0  startup_stm32f405xx.o(.text)
    OTG_HS_EP1_IN_IRQHandler                 0x08000303   Thumb Code     0  startup_stm32f405xx.o(.text)
    OTG_HS_EP1_OUT_IRQHandler                0x08000303   Thumb Code     0  startup_stm32f405xx.o(.text)
    OTG_HS_IRQHandler                        0x08000303   Thumb Code     0  startup_stm32f405xx.o(.text)
    OTG_HS_WKUP_IRQHandler                   0x08000303   Thumb Code     0  startup_stm32f405xx.o(.text)
    PVD_IRQHandler                           0x08000303   Thumb Code     0  startup_stm32f405xx.o(.text)
    RCC_IRQHandler                           0x08000303   Thumb Code     0  startup_stm32f405xx.o(.text)
    RTC_Alarm_IRQHandler                     0x08000303   Thumb Code     0  startup_stm32f405xx.o(.text)
    RTC_WKUP_IRQHandler                      0x08000303   Thumb Code     0  startup_stm32f405xx.o(.text)
    SDIO_IRQHandler                          0x08000303   Thumb Code     0  startup_stm32f405xx.o(.text)
    SPI1_IRQHandler                          0x08000303   Thumb Code     0  startup_stm32f405xx.o(.text)
    SPI2_IRQHandler                          0x08000303   Thumb Code     0  startup_stm32f405xx.o(.text)
    SPI3_IRQHandler                          0x08000303   Thumb Code     0  startup_stm32f405xx.o(.text)
    TAMP_STAMP_IRQHandler                    0x08000303   Thumb Code     0  startup_stm32f405xx.o(.text)
    TIM1_BRK_TIM9_IRQHandler                 0x08000303   Thumb Code     0  startup_stm32f405xx.o(.text)
    TIM1_CC_IRQHandler                       0x08000303   Thumb Code     0  startup_stm32f405xx.o(.text)
    TIM1_TRG_COM_TIM11_IRQHandler            0x08000303   Thumb Code     0  startup_stm32f405xx.o(.text)
    TIM2_IRQHandler                          0x08000303   Thumb Code     0  startup_stm32f405xx.o(.text)
    TIM3_IRQHandler                          0x08000303   Thumb Code     0  startup_stm32f405xx.o(.text)
    TIM4_IRQHandler                          0x08000303   Thumb Code     0  startup_stm32f405xx.o(.text)
    TIM5_IRQHandler                          0x08000303   Thumb Code     0  startup_stm32f405xx.o(.text)
    TIM6_DAC_IRQHandler                      0x08000303   Thumb Code     0  startup_stm32f405xx.o(.text)
    TIM7_IRQHandler                          0x08000303   Thumb Code     0  startup_stm32f405xx.o(.text)
    TIM8_BRK_TIM12_IRQHandler                0x08000303   Thumb Code     0  startup_stm32f405xx.o(.text)
    TIM8_CC_IRQHandler                       0x08000303   Thumb Code     0  startup_stm32f405xx.o(.text)
    TIM8_TRG_COM_TIM14_IRQHandler            0x08000303   Thumb Code     0  startup_stm32f405xx.o(.text)
    TIM8_UP_TIM13_IRQHandler                 0x08000303   Thumb Code     0  startup_stm32f405xx.o(.text)
    UART5_IRQHandler                         0x08000303   Thumb Code     0  startup_stm32f405xx.o(.text)
    USART1_IRQHandler                        0x08000303   Thumb Code     0  startup_stm32f405xx.o(.text)
    USART2_IRQHandler                        0x08000303   Thumb Code     0  startup_stm32f405xx.o(.text)
    USART3_IRQHandler                        0x08000303   Thumb Code     0  startup_stm32f405xx.o(.text)
    USART6_IRQHandler                        0x08000303   Thumb Code     0  startup_stm32f405xx.o(.text)
    WWDG_IRQHandler                          0x08000303   Thumb Code     0  startup_stm32f405xx.o(.text)
    __user_initial_stackheap                 0x08000305   Thumb Code     0  startup_stm32f405xx.o(.text)
    __aeabi_uldivmod                         0x08000329   Thumb Code     0  lludivv7m.o(.text)
    _ll_udiv                                 0x08000329   Thumb Code   238  lludivv7m.o(.text)
    __aeabi_memcpy                           0x08000417   Thumb Code     0  rt_memcpy_v6.o(.text)
    __rt_memcpy                              0x08000417   Thumb Code   138  rt_memcpy_v6.o(.text)
    _memcpy_lastbytes                        0x0800047d   Thumb Code     0  rt_memcpy_v6.o(.text)
    __aeabi_memcpy4                          0x080004a1   Thumb Code     0  rt_memcpy_w.o(.text)
    __aeabi_memcpy8                          0x080004a1   Thumb Code     0  rt_memcpy_w.o(.text)
    __rt_memcpy_w                            0x080004a1   Thumb Code   100  rt_memcpy_w.o(.text)
    _memcpy_lastbytes_aligned                0x080004e9   Thumb Code     0  rt_memcpy_w.o(.text)
    __aeabi_memset                           0x08000505   Thumb Code    16  aeabi_memset.o(.text)
    __aeabi_memclr4                          0x08000515   Thumb Code     0  rt_memclr_w.o(.text)
    __aeabi_memclr8                          0x08000515   Thumb Code     0  rt_memclr_w.o(.text)
    __rt_memclr_w                            0x08000515   Thumb Code    78  rt_memclr_w.o(.text)
    _memset_w                                0x08000519   Thumb Code     0  rt_memclr_w.o(.text)
    __use_two_region_memory                  0x08000563   Thumb Code     2  heapauxi.o(.text)
    __rt_heap_escrow$2region                 0x08000565   Thumb Code     2  heapauxi.o(.text)
    __rt_heap_expand$2region                 0x08000567   Thumb Code     2  heapauxi.o(.text)
    __read_errno                             0x08000569   Thumb Code    10  _rserrno.o(.text)
    __set_errno                              0x08000573   Thumb Code    12  _rserrno.o(.text)
    __aeabi_memclr                           0x0800057f   Thumb Code     0  rt_memclr.o(.text)
    __rt_memclr                              0x0800057f   Thumb Code    68  rt_memclr.o(.text)
    _memset                                  0x08000583   Thumb Code     0  rt_memclr.o(.text)
    __aeabi_errno_addr                       0x080005c5   Thumb Code     8  rt_errno_addr_intlibspace.o(.text)
    __errno$intlibspace                      0x080005c5   Thumb Code     0  rt_errno_addr_intlibspace.o(.text)
    __rt_errno_addr$intlibspace              0x080005c5   Thumb Code     0  rt_errno_addr_intlibspace.o(.text)
    __user_libspace                          0x080005cd   Thumb Code     8  libspace.o(.text)
    __user_perproc_libspace                  0x080005cd   Thumb Code     0  libspace.o(.text)
    __user_perthread_libspace                0x080005cd   Thumb Code     0  libspace.o(.text)
    __user_setup_stackheap                   0x080005d5   Thumb Code    74  sys_stackheap_outer.o(.text)
    exit                                     0x0800061f   Thumb Code    18  exit.o(.text)
    _sys_exit                                0x08000631   Thumb Code     8  sys_exit.o(.text)
    __I$use$semihosting                      0x0800063d   Thumb Code     0  use_no_semi.o(.text)
    __use_no_semihosting_swi                 0x0800063d   Thumb Code     2  use_no_semi.o(.text)
    __semihosting_library_function           0x0800063f   Thumb Code     0  indicate_semi.o(.text)
    BusFault_Handler                         0x0800069d   Thumb Code     2  stm32f4xx_it.o(i.BusFault_Handler)
    DMA1_Stream4_IRQHandler                  0x08000745   Thumb Code     6  stm32f4xx_it.o(i.DMA1_Stream4_IRQHandler)
    DMA1_Stream5_IRQHandler                  0x08000751   Thumb Code     6  stm32f4xx_it.o(i.DMA1_Stream5_IRQHandler)
    DebugMon_Handler                         0x08000801   Thumb Code     2  stm32f4xx_it.o(i.DebugMon_Handler)
    Error_Handler                            0x08000803   Thumb Code     4  main.o(i.Error_Handler)
    HAL_CAN_ActivateNotification             0x08000807   Thumb Code    36  stm32f4xx_hal_can.o(i.HAL_CAN_ActivateNotification)
    HAL_CAN_AddTxMessage                     0x0800082b   Thumb Code   208  stm32f4xx_hal_can.o(i.HAL_CAN_AddTxMessage)
    HAL_CAN_ConfigFilter                     0x080008fd   Thumb Code   262  stm32f4xx_hal_can.o(i.HAL_CAN_ConfigFilter)
    HAL_CAN_Init                             0x08000a09   Thumb Code   282  stm32f4xx_hal_can.o(i.HAL_CAN_Init)
    HAL_CAN_MspInit                          0x08000b25   Thumb Code    94  can.o(i.HAL_CAN_MspInit)
    HAL_CAN_Start                            0x08000b91   Thumb Code    88  stm32f4xx_hal_can.o(i.HAL_CAN_Start)
    HAL_DMA_Abort                            0x08000be9   Thumb Code   146  stm32f4xx_hal_dma.o(i.HAL_DMA_Abort)
    HAL_DMA_Abort_IT                         0x08000c7b   Thumb Code    36  stm32f4xx_hal_dma.o(i.HAL_DMA_Abort_IT)
    HAL_DMA_IRQHandler                       0x08000ca1   Thumb Code   412  stm32f4xx_hal_dma.o(i.HAL_DMA_IRQHandler)
    HAL_DMA_Init                             0x08000e41   Thumb Code   206  stm32f4xx_hal_dma.o(i.HAL_DMA_Init)
    HAL_DMA_Start_IT                         0x08000f15   Thumb Code   110  stm32f4xx_hal_dma.o(i.HAL_DMA_Start_IT)
    HAL_GPIO_Init                            0x08000f85   Thumb Code   450  stm32f4xx_hal_gpio.o(i.HAL_GPIO_Init)
    HAL_GPIO_ReadPin                         0x08001175   Thumb Code    10  stm32f4xx_hal_gpio.o(i.HAL_GPIO_ReadPin)
    HAL_GPIO_WritePin                        0x0800117f   Thumb Code    10  stm32f4xx_hal_gpio.o(i.HAL_GPIO_WritePin)
    HAL_GetTick                              0x08001189   Thumb Code     6  stm32f4xx_hal.o(i.HAL_GetTick)
    HAL_IncTick                              0x08001195   Thumb Code    12  stm32f4xx_hal.o(i.HAL_IncTick)
    HAL_Init                                 0x080011a5   Thumb Code    48  stm32f4xx_hal.o(i.HAL_Init)
    HAL_InitTick                             0x080011d9   Thumb Code   120  stm32f4xx_hal_timebase_tim.o(i.HAL_InitTick)
    HAL_MspInit                              0x08001265   Thumb Code    52  stm32f4xx_hal_msp.o(i.HAL_MspInit)
    HAL_NVIC_EnableIRQ                       0x0800129d   Thumb Code    26  stm32f4xx_hal_cortex.o(i.HAL_NVIC_EnableIRQ)
    HAL_NVIC_SetPriority                     0x080012b9   Thumb Code    60  stm32f4xx_hal_cortex.o(i.HAL_NVIC_SetPriority)
    HAL_NVIC_SetPriorityGrouping             0x080012f9   Thumb Code    26  stm32f4xx_hal_cortex.o(i.HAL_NVIC_SetPriorityGrouping)
    HAL_RCC_ClockConfig                      0x0800131d   Thumb Code   288  stm32f4xx_hal_rcc.o(i.HAL_RCC_ClockConfig)
    HAL_RCC_GetClockConfig                   0x08001451   Thumb Code    54  stm32f4xx_hal_rcc.o(i.HAL_RCC_GetClockConfig)
    HAL_RCC_GetPCLK1Freq                     0x08001491   Thumb Code    20  stm32f4xx_hal_rcc.o(i.HAL_RCC_GetPCLK1Freq)
    HAL_RCC_GetPCLK2Freq                     0x080014b1   Thumb Code    20  stm32f4xx_hal_rcc.o(i.HAL_RCC_GetPCLK2Freq)
    HAL_RCC_GetSysClockFreq                  0x080014d1   Thumb Code    88  stm32f4xx_hal_rcc.o(i.HAL_RCC_GetSysClockFreq)
    HAL_RCC_OscConfig                        0x08001535   Thumb Code   856  stm32f4xx_hal_rcc.o(i.HAL_RCC_OscConfig)
    HAL_TIMEx_BreakCallback                  0x080018a1   Thumb Code     2  stm32f4xx_hal_tim_ex.o(i.HAL_TIMEx_BreakCallback)
    HAL_TIMEx_CommutCallback                 0x080018a3   Thumb Code     2  stm32f4xx_hal_tim_ex.o(i.HAL_TIMEx_CommutCallback)
    HAL_TIM_Base_Init                        0x080018a5   Thumb Code    90  stm32f4xx_hal_tim.o(i.HAL_TIM_Base_Init)
    HAL_TIM_Base_MspInit                     0x080018ff   Thumb Code     2  stm32f4xx_hal_tim.o(i.HAL_TIM_Base_MspInit)
    HAL_TIM_Base_Start_IT                    0x08001901   Thumb Code   100  stm32f4xx_hal_tim.o(i.HAL_TIM_Base_Start_IT)
    HAL_TIM_IC_CaptureCallback               0x08001981   Thumb Code     2  stm32f4xx_hal_tim.o(i.HAL_TIM_IC_CaptureCallback)
    HAL_TIM_IRQHandler                       0x08001983   Thumb Code   304  stm32f4xx_hal_tim.o(i.HAL_TIM_IRQHandler)
    HAL_TIM_OC_DelayElapsedCallback          0x08001ab3   Thumb Code     2  stm32f4xx_hal_tim.o(i.HAL_TIM_OC_DelayElapsedCallback)
    HAL_TIM_PWM_PulseFinishedCallback        0x08001ab5   Thumb Code     2  stm32f4xx_hal_tim.o(i.HAL_TIM_PWM_PulseFinishedCallback)
    HAL_TIM_PeriodElapsedCallback            0x08001ab9   Thumb Code    14  main.o(i.HAL_TIM_PeriodElapsedCallback)
    HAL_TIM_TriggerCallback                  0x08001acd   Thumb Code     2  stm32f4xx_hal_tim.o(i.HAL_TIM_TriggerCallback)
    HAL_UARTEx_ReceiveToIdle_DMA             0x08001acf   Thumb Code    74  stm32f4xx_hal_uart.o(i.HAL_UARTEx_ReceiveToIdle_DMA)
    HAL_UARTEx_RxEventCallback               0x08001b19   Thumb Code    56  remote_control_task.o(i.HAL_UARTEx_RxEventCallback)
    HAL_UART_ErrorCallback                   0x08001b5d   Thumb Code     2  stm32f4xx_hal_uart.o(i.HAL_UART_ErrorCallback)
    HAL_UART_IRQHandler                      0x08001b61   Thumb Code   636  stm32f4xx_hal_uart.o(i.HAL_UART_IRQHandler)
    HAL_UART_Init                            0x08001de1   Thumb Code   100  stm32f4xx_hal_uart.o(i.HAL_UART_Init)
    HAL_UART_MspInit                         0x08001e45   Thumb Code   270  usart.o(i.HAL_UART_MspInit)
    HAL_UART_RxCpltCallback                  0x08001f71   Thumb Code     2  stm32f4xx_hal_uart.o(i.HAL_UART_RxCpltCallback)
    HAL_UART_RxHalfCpltCallback              0x08001f73   Thumb Code     2  stm32f4xx_hal_uart.o(i.HAL_UART_RxHalfCpltCallback)
    HAL_UART_Transmit                        0x08001f75   Thumb Code   160  stm32f4xx_hal_uart.o(i.HAL_UART_Transmit)
    HAL_UART_TxCpltCallback                  0x08002015   Thumb Code     2  stm32f4xx_hal_uart.o(i.HAL_UART_TxCpltCallback)
    HardFault_Handler                        0x08002017   Thumb Code     2  stm32f4xx_it.o(i.HardFault_Handler)
    M3508_GetFeedback                        0x08002191   Thumb Code    38  m3508.o(i.M3508_GetFeedback)
    M3508_Init                               0x080021bd   Thumb Code   120  m3508.o(i.M3508_Init)
    M3508_SendAll                            0x0800223d   Thumb Code   166  m3508.o(i.M3508_SendAll)
    M3508_SetCurrent                         0x080022ed   Thumb Code    30  m3508.o(i.M3508_SetCurrent)
    MT6701_Init                              0x08002311   Thumb Code    28  mt6701.o(i.MT6701_Init)
    MT6701_ReadAngle                         0x08002331   Thumb Code    68  mt6701.o(i.MT6701_ReadAngle)
    MX_CAN1_Init                             0x08002379   Thumb Code    60  can.o(i.MX_CAN1_Init)
    MX_DMA_Init                              0x080023bd   Thumb Code    56  dma.o(i.MX_DMA_Init)
    MX_FREERTOS_Init                         0x080023f9   Thumb Code    96  freertos.o(i.MX_FREERTOS_Init)
    MX_GPIO_Init                             0x08002471   Thumb Code   236  gpio.o(i.MX_GPIO_Init)
    MX_UART4_Init                            0x08002571   Thumb Code    48  usart.o(i.MX_UART4_Init)
    MX_USART2_UART_Init                      0x080025a9   Thumb Code    50  usart.o(i.MX_USART2_UART_Init)
    MemManage_Handler                        0x080025e9   Thumb Code     2  stm32f4xx_it.o(i.MemManage_Handler)
    Motor_Movement                           0x080025ed   Thumb Code    54  movement_task.o(i.Motor_Movement)
    Movement_Init                            0x08002629   Thumb Code    32  movement_task.o(i.Movement_Init)
    NMI_Handler                              0x08002655   Thumb Code     2  stm32f4xx_it.o(i.NMI_Handler)
    PID_Reset                                0x08002755   Thumb Code    18  steering_chassis.o(i.PID_Reset)
    Receive_and_Process_Signal               0x08002985   Thumb Code   162  remote_control_task.o(i.Receive_and_Process_Signal)
    RemoteControlTask_Init                   0x08002a35   Thumb Code     6  remote_control_task.o(i.RemoteControlTask_Init)
    RemoteControl_GetState                   0x08002a41   Thumb Code    28  remote_control.o(i.RemoteControl_GetState)
    RemoteControl_IdleCallback               0x08002a61   Thumb Code   136  remote_control.o(i.RemoteControl_IdleCallback)
    RemoteControl_Init                       0x08002af1   Thumb Code    66  remote_control.o(i.RemoteControl_Init)
    RemoteControl_IsConnected                0x08002b3d   Thumb Code    36  remote_control.o(i.RemoteControl_IsConnected)
    RemoteControl_LossProtectionTick         0x08002b65   Thumb Code    64  remote_control.o(i.RemoteControl_LossProtectionTick)
    SoftI2C_DelayUs                          0x08002be5   Thumb Code    72  soft_i2c.o(i.SoftI2C_DelayUs)
    SoftI2C_ReadByte                         0x08002c41   Thumb Code    88  soft_i2c.o(i.SoftI2C_ReadByte)
    SoftI2C_ReadRegs                         0x08002c99   Thumb Code   148  soft_i2c.o(i.SoftI2C_ReadRegs)
    SoftI2C_SendAck                          0x08002d2d   Thumb Code    66  soft_i2c.o(i.SoftI2C_SendAck)
    SoftI2C_SendNack                         0x08002d6f   Thumb Code    56  soft_i2c.o(i.SoftI2C_SendNack)
    SoftI2C_Start                            0x08002da7   Thumb Code    72  soft_i2c.o(i.SoftI2C_Start)
    SoftI2C_Stop                             0x08002def   Thumb Code    56  soft_i2c.o(i.SoftI2C_Stop)
    SoftI2C_WaitAck                          0x08002e27   Thumb Code    92  soft_i2c.o(i.SoftI2C_WaitAck)
    SoftI2C_WriteByte                        0x08002e83   Thumb Code    78  soft_i2c.o(i.SoftI2C_WriteByte)
    StartDefaultTask                         0x08002ed1   Thumb Code     8  freertos.o(i.StartDefaultTask)
    SteeringChassis_ControlLoop              0x08002ed9   Thumb Code   416  steering_chassis.o(i.SteeringChassis_ControlLoop)
    SteeringChassis_EmergencyStop            0x08003091   Thumb Code   108  steering_chassis.o(i.SteeringChassis_EmergencyStop)
    SteeringChassis_GetState                 0x0800310d   Thumb Code     6  steering_chassis.o(i.SteeringChassis_GetState)
    SteeringChassis_GetWheelDebug            0x08003119   Thumb Code    72  steering_chassis.o(i.SteeringChassis_GetWheelDebug)
    SteeringChassis_Init                     0x08003165   Thumb Code   394  steering_chassis.o(i.SteeringChassis_Init)
    SteeringChassis_IsEncoderHealthy         0x0800332d   Thumb Code    52  steering_chassis.o(i.SteeringChassis_IsEncoderHealthy)
    SteeringChassis_Recover                  0x08003369   Thumb Code    16  steering_chassis.o(i.SteeringChassis_Recover)
    SteeringChassis_SetVelocity              0x0800337d   Thumb Code     8  steering_chassis.o(i.SteeringChassis_SetVelocity)
    SysTick_Handler                          0x08003389   Thumb Code    26  cmsis_os2.o(i.SysTick_Handler)
    SystemClock_Config                       0x080033a5   Thumb Code   140  main.o(i.SystemClock_Config)
    SystemInit                               0x08003439   Thumb Code    12  system_stm32f4xx.o(i.SystemInit)
    TIM1_UP_TIM10_IRQHandler                 0x08003449   Thumb Code     6  stm32f4xx_it.o(i.TIM1_UP_TIM10_IRQHandler)
    TIM_Base_SetConfig                       0x08003455   Thumb Code   164  stm32f4xx_hal_tim.o(i.TIM_Base_SetConfig)
    UART4_IRQHandler                         0x08003525   Thumb Code     6  stm32f4xx_it.o(i.UART4_IRQHandler)
    UART_Start_Receive_DMA                   0x08003865   Thumb Code   146  stm32f4xx_hal_uart.o(i.UART_Start_Receive_DMA)
    UsageFault_Handler                       0x08003977   Thumb Code     2  stm32f4xx_it.o(i.UsageFault_Handler)
    Vofa_Debugging_Transmition               0x08003979   Thumb Code    38  vofa_transmit_task.o(i.Vofa_Debugging_Transmition)
    Vofa_SendJustFloat                       0x080039a5   Thumb Code    74  vofa_send.o(i.Vofa_SendJustFloat)
    Vofa_SendWheelDebug                      0x080039ef   Thumb Code   146  vofa_send.o(i.Vofa_SendWheelDebug)
    __ARM_fpclassifyf                        0x08003ab5   Thumb Code    38  fpclassifyf.o(i.__ARM_fpclassifyf)
    __hardfp_atan2f                          0x08003afd   Thumb Code   594  atan2f.o(i.__hardfp_atan2f)
    __hardfp_sqrtf                           0x08003da9   Thumb Code    58  sqrtf.o(i.__hardfp_sqrtf)
    __mathlib_flt_infnan2                    0x08003de3   Thumb Code     6  funder.o(i.__mathlib_flt_infnan2)
    __mathlib_flt_underflow                  0x08003de9   Thumb Code    10  funder.o(i.__mathlib_flt_underflow)
    main                                     0x08003df9   Thumb Code    42  main.o(i.main)
    osDelay                                  0x08003e23   Thumb Code    26  cmsis_os2.o(i.osDelay)
    osKernelInitialize                       0x08003e3d   Thumb Code    32  cmsis_os2.o(i.osKernelInitialize)
    osKernelStart                            0x08003e61   Thumb Code    48  cmsis_os2.o(i.osKernelStart)
    osMessageQueueGet                        0x08003e99   Thumb Code    96  cmsis_os2.o(i.osMessageQueueGet)
    osMessageQueueNew                        0x08003efd   Thumb Code    88  cmsis_os2.o(i.osMessageQueueNew)
    osMessageQueuePut                        0x08003f55   Thumb Code   100  cmsis_os2.o(i.osMessageQueuePut)
    osSemaphoreAcquire                       0x08003fbd   Thumb Code    88  cmsis_os2.o(i.osSemaphoreAcquire)
    osSemaphoreNew                           0x08004019   Thumb Code   152  cmsis_os2.o(i.osSemaphoreNew)
    osThreadNew                              0x080040b1   Thumb Code   138  cmsis_os2.o(i.osThreadNew)
    pvPortMalloc                             0x080048d1   Thumb Code   216  heap_4.o(i.pvPortMalloc)
    pvTaskIncrementMutexHeldCount            0x080049ad   Thumb Code    18  tasks.o(i.pvTaskIncrementMutexHeldCount)
    pxPortInitialiseStack                    0x080049c5   Thumb Code    40  port.o(i.pxPortInitialiseStack)
    uxListRemove                             0x080049f1   Thumb Code    38  list.o(i.uxListRemove)
    vApplicationGetIdleTaskMemory            0x08004a19   Thumb Code    16  cmsis_os2.o(i.vApplicationGetIdleTaskMemory)
    vApplicationGetTimerTaskMemory           0x08004a2d   Thumb Code    18  cmsis_os2.o(i.vApplicationGetTimerTaskMemory)
    vListInitialise                          0x08004a45   Thumb Code    22  list.o(i.vListInitialise)
    vListInitialiseItem                      0x08004a5b   Thumb Code     6  list.o(i.vListInitialiseItem)
    vListInsert                              0x08004a61   Thumb Code    48  list.o(i.vListInsert)
    vListInsertEnd                           0x08004a91   Thumb Code    24  list.o(i.vListInsertEnd)
    vPortEnterCritical                       0x08004aa9   Thumb Code    54  port.o(i.vPortEnterCritical)
    vPortExitCritical                        0x08004ae9   Thumb Code    34  port.o(i.vPortExitCritical)
    vPortFree                                0x08004b11   Thumb Code    94  heap_4.o(i.vPortFree)
    vPortSetupTimerInterrupt                 0x08004b75   Thumb Code    32  port.o(i.vPortSetupTimerInterrupt)
    vPortValidateInterruptPriority           0x08004b99   Thumb Code    74  port.o(i.vPortValidateInterruptPriority)
    vQueueAddToRegistry                      0x08004bed   Thumb Code    34  queue.o(i.vQueueAddToRegistry)
    vQueueDelete                             0x08004c15   Thumb Code    46  queue.o(i.vQueueDelete)
    vQueueUnregisterQueue                    0x08004c45   Thumb Code    36  queue.o(i.vQueueUnregisterQueue)
    vQueueWaitForMessageRestricted           0x08004c6d   Thumb Code    68  queue.o(i.vQueueWaitForMessageRestricted)
    vTaskDelay                               0x08004cb1   Thumb Code    66  tasks.o(i.vTaskDelay)
    vTaskDelayUntil                          0x08004cfd   Thumb Code   132  tasks.o(i.vTaskDelayUntil)
    vTaskInternalSetTimeOutState             0x08004d89   Thumb Code    12  tasks.o(i.vTaskInternalSetTimeOutState)
    vTaskMissedYield                         0x08004d99   Thumb Code     8  tasks.o(i.vTaskMissedYield)
    vTaskPlaceOnEventList                    0x08004da5   Thumb Code    44  tasks.o(i.vTaskPlaceOnEventList)
    vTaskPlaceOnEventListRestricted          0x08004dd5   Thumb Code    52  tasks.o(i.vTaskPlaceOnEventListRestricted)
    vTaskPriorityDisinheritAfterTimeout      0x08004e0d   Thumb Code   134  tasks.o(i.vTaskPriorityDisinheritAfterTimeout)
    vTaskStartScheduler                      0x08004e9d   Thumb Code   118  tasks.o(i.vTaskStartScheduler)
    vTaskSuspendAll                          0x08004f25   Thumb Code    10  tasks.o(i.vTaskSuspendAll)
    vTaskSwitchContext                       0x08004f35   Thumb Code    90  tasks.o(i.vTaskSwitchContext)
    xPortStartScheduler                      0x08004f99   Thumb Code   222  port.o(i.xPortStartScheduler)
    xPortSysTickHandler                      0x0800508d   Thumb Code    38  port.o(i.xPortSysTickHandler)
    xQueueCreateCountingSemaphore            0x080050b9   Thumb Code    58  queue.o(i.xQueueCreateCountingSemaphore)
    xQueueCreateCountingSemaphoreStatic      0x080050f3   Thumb Code    64  queue.o(i.xQueueCreateCountingSemaphoreStatic)
    xQueueGenericCreate                      0x08005133   Thumb Code    66  queue.o(i.xQueueGenericCreate)
    xQueueGenericCreateStatic                0x08005175   Thumb Code   102  queue.o(i.xQueueGenericCreateStatic)
    xQueueGenericReset                       0x080051dd   Thumb Code   132  queue.o(i.xQueueGenericReset)
    xQueueGenericSend                        0x08005265   Thumb Code   346  queue.o(i.xQueueGenericSend)
    xQueueGenericSendFromISR                 0x080053c5   Thumb Code   190  queue.o(i.xQueueGenericSendFromISR)
    xQueueGiveFromISR                        0x08005483   Thumb Code   156  queue.o(i.xQueueGiveFromISR)
    xQueueReceive                            0x08005521   Thumb Code   308  queue.o(i.xQueueReceive)
    xQueueReceiveFromISR                     0x08005659   Thumb Code   154  queue.o(i.xQueueReceiveFromISR)
    xQueueSemaphoreTake                      0x080056f5   Thumb Code   372  queue.o(i.xQueueSemaphoreTake)
    xTaskCheckForTimeOut                     0x0800586d   Thumb Code   112  tasks.o(i.xTaskCheckForTimeOut)
    xTaskCreate                              0x080058e1   Thumb Code    90  tasks.o(i.xTaskCreate)
    xTaskCreateStatic                        0x0800593b   Thumb Code    86  tasks.o(i.xTaskCreateStatic)
    xTaskGetSchedulerState                   0x08005991   Thumb Code    22  tasks.o(i.xTaskGetSchedulerState)
    xTaskGetTickCount                        0x080059ad   Thumb Code     6  tasks.o(i.xTaskGetTickCount)
    xTaskIncrementTick                       0x080059b9   Thumb Code   192  tasks.o(i.xTaskIncrementTick)
    xTaskPriorityDisinherit                  0x08005a81   Thumb Code   118  tasks.o(i.xTaskPriorityDisinherit)
    xTaskPriorityInherit                     0x08005b01   Thumb Code   112  tasks.o(i.xTaskPriorityInherit)
    xTaskRemoveFromEventList                 0x08005b79   Thumb Code    98  tasks.o(i.xTaskRemoveFromEventList)
    xTaskResumeAll                           0x08005be9   Thumb Code   182  tasks.o(i.xTaskResumeAll)
    xTimerCreateTimerTask                    0x08005cad   Thumb Code    78  timers.o(i.xTimerCreateTimerTask)
    xTimerGenericCommand                     0x08005d0d   Thumb Code    98  timers.o(i.xTimerGenericCommand)
    _fp_init                                 0x08005d75   Thumb Code    10  fpinit.o(x$fpl$fpinit)
    __fplib_config_fpu_vfp                   0x08005d7d   Thumb Code     0  fpinit.o(x$fpl$fpinit)
    __fplib_config_pureend_doubles           0x08005d7d   Thumb Code     0  fpinit.o(x$fpl$fpinit)
    __I$use$fp                               0x08005d7e   Number         0  usenofp.o(x$fpl$usenofp)
    defaultTask_attributes                   0x08005d80   Data          36  freertos.o(.constdata)
    Receive_Handle_attributes                0x08005da4   Data          36  freertos.o(.constdata)
    Movement_Handle_attributes               0x08005dc8   Data          36  freertos.o(.constdata)
    Vofa_Transmit_attributes                 0x08005dec   Data          36  freertos.o(.constdata)
    Signal_Queue_attributes                  0x08005e10   Data          24  freertos.o(.constdata)
    DbusReady_attributes                     0x08005e28   Data          16  freertos.o(.constdata)
    AHBPrescTable                            0x08005e88   Data          16  system_stm32f4xx.o(.constdata)
    APBPrescTable                            0x08005e98   Data           8  system_stm32f4xx.o(.constdata)
    Region$$Table$$Base                      0x08005ef8   Number         0  anon$$obj.o(Region$$Table)
    Region$$Table$$Limit                     0x08005f18   Number         0  anon$$obj.o(Region$$Table)
    defaultTaskHandle                        0x20000000   Data           4  freertos.o(.data)
    Receive_HandleHandle                     0x20000004   Data           4  freertos.o(.data)
    Movement_HandleHandle                    0x20000008   Data           4  freertos.o(.data)
    Vofa_TransmitHandle                      0x2000000c   Data           4  freertos.o(.data)
    Signal_QueueHandle                       0x20000010   Data           4  freertos.o(.data)
    DbusReadyHandle                          0x20000014   Data           4  freertos.o(.data)
    bus1                                     0x20000028   Data          16  soft_i2c.o(.data)
    bus2                                     0x20000038   Data          16  soft_i2c.o(.data)
    bus3                                     0x20000048   Data          16  soft_i2c.o(.data)
    bus4                                     0x20000058   Data          16  soft_i2c.o(.data)
    uwTickFreq                               0x20000088   Data           1  stm32f4xx_hal.o(.data)
    uwTickPrio                               0x2000008c   Data           4  stm32f4xx_hal.o(.data)
    uwTick                                   0x20000090   Data           4  stm32f4xx_hal.o(.data)
    SystemCoreClock                          0x20000094   Data           4  system_stm32f4xx.o(.data)
    pxCurrentTCB                             0x20000098   Data           4  tasks.o(.data)
    hcan1                                    0x20000118   Data          40  can.o(.bss)
    huart4                                   0x20000140   Data          72  usart.o(.bss)
    huart2                                   0x20000188   Data          72  usart.o(.bss)
    hdma_uart4_tx                            0x200001d0   Data          96  usart.o(.bss)
    hdma_usart2_rx                           0x20000230   Data          96  usart.o(.bss)
    htim1                                    0x20000290   Data          72  stm32f4xx_hal_timebase_tim.o(.bss)
    xQueueRegistry                           0x200006c0   Data          64  queue.o(.bss)
    __libspace_start                         0x20004f94   Data          96  libspace.o(.bss)
    __temporary_stack_top$libspace           0x20004ff4   Data           0  libspace.o(.bss)



==============================================================================

Memory Map of the image

  Image Entry point : 0x08000189

  Load Region LR_IROM1 (Base: 0x08000000, Size: 0x00006030, Max: 0x00100000, ABSOLUTE)

    Execution Region ER_IROM1 (Exec base: 0x08000000, Load base: 0x08000000, Size: 0x00005f18, Max: 0x00100000, ABSOLUTE)

    Exec Addr    Load Addr    Size         Type   Attr      Idx    E Section Name        Object

    0x08000000   0x08000000   0x00000188   Data   RO            3    RESET               startup_stm32f405xx.o
    0x08000188   0x08000188   0x00000008   Code   RO         5695  * !!!main             c_w.l(__main.o)
    0x08000190   0x08000190   0x00000034   Code   RO         5914    !!!scatter          c_w.l(__scatter.o)
    0x080001c4   0x080001c4   0x0000001a   Code   RO         5916    !!handler_copy      c_w.l(__scatter_copy.o)
    0x080001de   0x080001de   0x00000002   PAD
    0x080001e0   0x080001e0   0x0000001c   Code   RO         5918    !!handler_zi        c_w.l(__scatter_zi.o)
    0x080001fc   0x080001fc   0x00000002   Code   RO         5785    .ARM.Collect$$libinit$$00000000  c_w.l(libinit.o)
    0x080001fe   0x080001fe   0x00000004   Code   RO         5794    .ARM.Collect$$libinit$$00000001  c_w.l(libinit2.o)
    0x08000202   0x08000202   0x00000000   Code   RO         5797    .ARM.Collect$$libinit$$00000004  c_w.l(libinit2.o)
    0x08000202   0x08000202   0x00000000   Code   RO         5800    .ARM.Collect$$libinit$$0000000A  c_w.l(libinit2.o)
    0x08000202   0x08000202   0x00000000   Code   RO         5802    .ARM.Collect$$libinit$$0000000C  c_w.l(libinit2.o)
    0x08000202   0x08000202   0x00000000   Code   RO         5804    .ARM.Collect$$libinit$$0000000E  c_w.l(libinit2.o)
    0x08000202   0x08000202   0x00000000   Code   RO         5807    .ARM.Collect$$libinit$$00000011  c_w.l(libinit2.o)
    0x08000202   0x08000202   0x00000000   Code   RO         5809    .ARM.Collect$$libinit$$00000013  c_w.l(libinit2.o)
    0x08000202   0x08000202   0x00000000   Code   RO         5811    .ARM.Collect$$libinit$$00000015  c_w.l(libinit2.o)
    0x08000202   0x08000202   0x00000000   Code   RO         5813    .ARM.Collect$$libinit$$00000017  c_w.l(libinit2.o)
    0x08000202   0x08000202   0x00000000   Code   RO         5815    .ARM.Collect$$libinit$$00000019  c_w.l(libinit2.o)
    0x08000202   0x08000202   0x00000000   Code   RO         5817    .ARM.Collect$$libinit$$0000001B  c_w.l(libinit2.o)
    0x08000202   0x08000202   0x00000000   Code   RO         5819    .ARM.Collect$$libinit$$0000001D  c_w.l(libinit2.o)
    0x08000202   0x08000202   0x00000000   Code   RO         5821    .ARM.Collect$$libinit$$0000001F  c_w.l(libinit2.o)
    0x08000202   0x08000202   0x00000000   Code   RO         5823    .ARM.Collect$$libinit$$00000021  c_w.l(libinit2.o)
    0x08000202   0x08000202   0x00000000   Code   RO         5825    .ARM.Collect$$libinit$$00000023  c_w.l(libinit2.o)
    0x08000202   0x08000202   0x00000000   Code   RO         5827    .ARM.Collect$$libinit$$00000025  c_w.l(libinit2.o)
    0x08000202   0x08000202   0x00000000   Code   RO         5831    .ARM.Collect$$libinit$$0000002C  c_w.l(libinit2.o)
    0x08000202   0x08000202   0x00000000   Code   RO         5833    .ARM.Collect$$libinit$$0000002E  c_w.l(libinit2.o)
    0x08000202   0x08000202   0x00000000   Code   RO         5835    .ARM.Collect$$libinit$$00000030  c_w.l(libinit2.o)
    0x08000202   0x08000202   0x00000000   Code   RO         5837    .ARM.Collect$$libinit$$00000032  c_w.l(libinit2.o)
    0x08000202   0x08000202   0x00000002   Code   RO         5838    .ARM.Collect$$libinit$$00000033  c_w.l(libinit2.o)
    0x08000204   0x08000204   0x00000002   Code   RO         5869    .ARM.Collect$$libshutdown$$00000000  c_w.l(libshutdown.o)
    0x08000206   0x08000206   0x00000000   Code   RO         5895    .ARM.Collect$$libshutdown$$00000002  c_w.l(libshutdown2.o)
    0x08000206   0x08000206   0x00000000   Code   RO         5897    .ARM.Collect$$libshutdown$$00000004  c_w.l(libshutdown2.o)
    0x08000206   0x08000206   0x00000000   Code   RO         5899    .ARM.Collect$$libshutdown$$00000006  c_w.l(libshutdown2.o)
    0x08000206   0x08000206   0x00000000   Code   RO         5902    .ARM.Collect$$libshutdown$$00000009  c_w.l(libshutdown2.o)
    0x08000206   0x08000206   0x00000000   Code   RO         5905    .ARM.Collect$$libshutdown$$0000000C  c_w.l(libshutdown2.o)
    0x08000206   0x08000206   0x00000000   Code   RO         5907    .ARM.Collect$$libshutdown$$0000000E  c_w.l(libshutdown2.o)
    0x08000206   0x08000206   0x00000000   Code   RO         5910    .ARM.Collect$$libshutdown$$00000011  c_w.l(libshutdown2.o)
    0x08000206   0x08000206   0x00000002   Code   RO         5911    .ARM.Collect$$libshutdown$$00000012  c_w.l(libshutdown2.o)
    0x08000208   0x08000208   0x00000000   Code   RO         5721    .ARM.Collect$$rtentry$$00000000  c_w.l(__rtentry.o)
    0x08000208   0x08000208   0x00000000   Code   RO         5748    .ARM.Collect$$rtentry$$00000002  c_w.l(__rtentry2.o)
    0x08000208   0x08000208   0x00000006   Code   RO         5760    .ARM.Collect$$rtentry$$00000004  c_w.l(__rtentry4.o)
    0x0800020e   0x0800020e   0x00000000   Code   RO         5750    .ARM.Collect$$rtentry$$00000009  c_w.l(__rtentry2.o)
    0x0800020e   0x0800020e   0x00000004   Code   RO         5751    .ARM.Collect$$rtentry$$0000000A  c_w.l(__rtentry2.o)
    0x08000212   0x08000212   0x00000000   Code   RO         5753    .ARM.Collect$$rtentry$$0000000C  c_w.l(__rtentry2.o)
    0x08000212   0x08000212   0x00000008   Code   RO         5754    .ARM.Collect$$rtentry$$0000000D  c_w.l(__rtentry2.o)
    0x0800021a   0x0800021a   0x00000002   Code   RO         5786    .ARM.Collect$$rtexit$$00000000  c_w.l(rtexit.o)
    0x0800021c   0x0800021c   0x00000000   Code   RO         5842    .ARM.Collect$$rtexit$$00000002  c_w.l(rtexit2.o)
    0x0800021c   0x0800021c   0x00000004   Code   RO         5843    .ARM.Collect$$rtexit$$00000003  c_w.l(rtexit2.o)
    0x08000220   0x08000220   0x00000006   Code   RO         5844    .ARM.Collect$$rtexit$$00000004  c_w.l(rtexit2.o)
    0x08000226   0x08000226   0x00000002   PAD
    0x08000228   0x08000228   0x000000be   Code   RO         5602    .emb_text           port.o
    0x080002e6   0x080002e6   0x00000002   PAD
    0x080002e8   0x080002e8   0x00000040   Code   RO            4    .text               startup_stm32f405xx.o
    0x08000328   0x08000328   0x000000ee   Code   RO         5681    .text               c_w.l(lludivv7m.o)
    0x08000416   0x08000416   0x0000008a   Code   RO         5683    .text               c_w.l(rt_memcpy_v6.o)
    0x080004a0   0x080004a0   0x00000064   Code   RO         5685    .text               c_w.l(rt_memcpy_w.o)
    0x08000504   0x08000504   0x00000010   Code   RO         5689    .text               c_w.l(aeabi_memset.o)
    0x08000514   0x08000514   0x0000004e   Code   RO         5691    .text               c_w.l(rt_memclr_w.o)
    0x08000562   0x08000562   0x00000006   Code   RO         5693    .text               c_w.l(heapauxi.o)
    0x08000568   0x08000568   0x00000016   Code   RO         5726    .text               c_w.l(_rserrno.o)
    0x0800057e   0x0800057e   0x00000044   Code   RO         5728    .text               c_w.l(rt_memclr.o)
    0x080005c2   0x080005c2   0x00000002   PAD
    0x080005c4   0x080005c4   0x00000008   Code   RO         5767    .text               c_w.l(rt_errno_addr_intlibspace.o)
    0x080005cc   0x080005cc   0x00000008   Code   RO         5769    .text               c_w.l(libspace.o)
    0x080005d4   0x080005d4   0x0000004a   Code   RO         5772    .text               c_w.l(sys_stackheap_outer.o)
    0x0800061e   0x0800061e   0x00000012   Code   RO         5774    .text               c_w.l(exit.o)
    0x08000630   0x08000630   0x0000000c   Code   RO         5839    .text               c_w.l(sys_exit.o)
    0x0800063c   0x0800063c   0x00000002   Code   RO         5858    .text               c_w.l(use_no_semi.o)
    0x0800063e   0x0800063e   0x00000000   Code   RO         5860    .text               c_w.l(indicate_semi.o)
    0x0800063e   0x0800063e   0x00000002   PAD
    0x08000640   0x08000640   0x0000005c   Code   RO         1027    i.ApplyCurrentRamp  steering_chassis.o
    0x0800069c   0x0800069c   0x00000002   Code   RO          416    i.BusFault_Handler  stm32f4xx_it.o
    0x0800069e   0x0800069e   0x00000002   PAD
    0x080006a0   0x080006a0   0x000000a4   Code   RO         1028    i.ComputeSteerPID   steering_chassis.o
    0x08000744   0x08000744   0x0000000c   Code   RO          417    i.DMA1_Stream4_IRQHandler  stm32f4xx_it.o
    0x08000750   0x08000750   0x0000000c   Code   RO          418    i.DMA1_Stream5_IRQHandler  stm32f4xx_it.o
    0x0800075c   0x0800075c   0x00000028   Code   RO         2841    i.DMA_CalcBaseAndBitshift  stm32f4xx_hal_dma.o
    0x08000784   0x08000784   0x00000054   Code   RO         2842    i.DMA_CheckFifoParam  stm32f4xx_hal_dma.o
    0x080007d8   0x080007d8   0x00000028   Code   RO         2843    i.DMA_SetConfig     stm32f4xx_hal_dma.o
    0x08000800   0x08000800   0x00000002   Code   RO          419    i.DebugMon_Handler  stm32f4xx_it.o
    0x08000802   0x08000802   0x00000004   Code   RO           13    i.Error_Handler     main.o
    0x08000806   0x08000806   0x00000024   Code   RO         2149    i.HAL_CAN_ActivateNotification  stm32f4xx_hal_can.o
    0x0800082a   0x0800082a   0x000000d0   Code   RO         2150    i.HAL_CAN_AddTxMessage  stm32f4xx_hal_can.o
    0x080008fa   0x080008fa   0x00000002   PAD
    0x080008fc   0x080008fc   0x0000010c   Code   RO         2151    i.HAL_CAN_ConfigFilter  stm32f4xx_hal_can.o
    0x08000a08   0x08000a08   0x0000011a   Code   RO         2162    i.HAL_CAN_Init      stm32f4xx_hal_can.o
    0x08000b22   0x08000b22   0x00000002   PAD
    0x08000b24   0x08000b24   0x0000006c   Code   RO          303    i.HAL_CAN_MspInit   can.o
    0x08000b90   0x08000b90   0x00000058   Code   RO         2174    i.HAL_CAN_Start     stm32f4xx_hal_can.o
    0x08000be8   0x08000be8   0x00000092   Code   RO         2844    i.HAL_DMA_Abort     stm32f4xx_hal_dma.o
    0x08000c7a   0x08000c7a   0x00000024   Code   RO         2845    i.HAL_DMA_Abort_IT  stm32f4xx_hal_dma.o
    0x08000c9e   0x08000c9e   0x00000002   PAD
    0x08000ca0   0x08000ca0   0x000001a0   Code   RO         2849    i.HAL_DMA_IRQHandler  stm32f4xx_hal_dma.o
    0x08000e40   0x08000e40   0x000000d4   Code   RO         2850    i.HAL_DMA_Init      stm32f4xx_hal_dma.o
    0x08000f14   0x08000f14   0x0000006e   Code   RO         2854    i.HAL_DMA_Start_IT  stm32f4xx_hal_dma.o
    0x08000f82   0x08000f82   0x00000002   PAD
    0x08000f84   0x08000f84   0x000001f0   Code   RO         2737    i.HAL_GPIO_Init     stm32f4xx_hal_gpio.o
    0x08001174   0x08001174   0x0000000a   Code   RO         2739    i.HAL_GPIO_ReadPin  stm32f4xx_hal_gpio.o
    0x0800117e   0x0800117e   0x0000000a   Code   RO         2741    i.HAL_GPIO_WritePin  stm32f4xx_hal_gpio.o
    0x08001188   0x08001188   0x0000000c   Code   RO         3287    i.HAL_GetTick       stm32f4xx_hal.o
    0x08001194   0x08001194   0x00000010   Code   RO         3293    i.HAL_IncTick       stm32f4xx_hal.o
    0x080011a4   0x080011a4   0x00000034   Code   RO         3294    i.HAL_Init          stm32f4xx_hal.o
    0x080011d8   0x080011d8   0x0000008c   Code   RO          522    i.HAL_InitTick      stm32f4xx_hal_timebase_tim.o
    0x08001264   0x08001264   0x00000038   Code   RO          498    i.HAL_MspInit       stm32f4xx_hal_msp.o
    0x0800129c   0x0800129c   0x0000001a   Code   RO         3129    i.HAL_NVIC_EnableIRQ  stm32f4xx_hal_cortex.o
    0x080012b6   0x080012b6   0x00000002   PAD
    0x080012b8   0x080012b8   0x00000040   Code   RO         3135    i.HAL_NVIC_SetPriority  stm32f4xx_hal_cortex.o
    0x080012f8   0x080012f8   0x00000024   Code   RO         3136    i.HAL_NVIC_SetPriorityGrouping  stm32f4xx_hal_cortex.o
    0x0800131c   0x0800131c   0x00000134   Code   RO         2383    i.HAL_RCC_ClockConfig  stm32f4xx_hal_rcc.o
    0x08001450   0x08001450   0x00000040   Code   RO         2387    i.HAL_RCC_GetClockConfig  stm32f4xx_hal_rcc.o
    0x08001490   0x08001490   0x00000020   Code   RO         2390    i.HAL_RCC_GetPCLK1Freq  stm32f4xx_hal_rcc.o
    0x080014b0   0x080014b0   0x00000020   Code   RO         2391    i.HAL_RCC_GetPCLK2Freq  stm32f4xx_hal_rcc.o
    0x080014d0   0x080014d0   0x00000064   Code   RO         2392    i.HAL_RCC_GetSysClockFreq  stm32f4xx_hal_rcc.o
    0x08001534   0x08001534   0x0000036c   Code   RO         2395    i.HAL_RCC_OscConfig  stm32f4xx_hal_rcc.o
    0x080018a0   0x080018a0   0x00000002   Code   RO         1881    i.HAL_TIMEx_BreakCallback  stm32f4xx_hal_tim_ex.o
    0x080018a2   0x080018a2   0x00000002   Code   RO         1882    i.HAL_TIMEx_CommutCallback  stm32f4xx_hal_tim_ex.o
    0x080018a4   0x080018a4   0x0000005a   Code   RO         1177    i.HAL_TIM_Base_Init  stm32f4xx_hal_tim.o
    0x080018fe   0x080018fe   0x00000002   Code   RO         1179    i.HAL_TIM_Base_MspInit  stm32f4xx_hal_tim.o
    0x08001900   0x08001900   0x00000080   Code   RO         1182    i.HAL_TIM_Base_Start_IT  stm32f4xx_hal_tim.o
    0x08001980   0x08001980   0x00000002   Code   RO         1211    i.HAL_TIM_IC_CaptureCallback  stm32f4xx_hal_tim.o
    0x08001982   0x08001982   0x00000130   Code   RO         1225    i.HAL_TIM_IRQHandler  stm32f4xx_hal_tim.o
    0x08001ab2   0x08001ab2   0x00000002   Code   RO         1228    i.HAL_TIM_OC_DelayElapsedCallback  stm32f4xx_hal_tim.o
    0x08001ab4   0x08001ab4   0x00000002   Code   RO         1255    i.HAL_TIM_PWM_PulseFinishedCallback  stm32f4xx_hal_tim.o
    0x08001ab6   0x08001ab6   0x00000002   PAD
    0x08001ab8   0x08001ab8   0x00000014   Code   RO           14    i.HAL_TIM_PeriodElapsedCallback  main.o
    0x08001acc   0x08001acc   0x00000002   Code   RO         1268    i.HAL_TIM_TriggerCallback  stm32f4xx_hal_tim.o
    0x08001ace   0x08001ace   0x0000004a   Code   RO         3542    i.HAL_UARTEx_ReceiveToIdle_DMA  stm32f4xx_hal_uart.o
    0x08001b18   0x08001b18   0x00000044   Code   RO          932    i.HAL_UARTEx_RxEventCallback  remote_control_task.o
    0x08001b5c   0x08001b5c   0x00000002   Code   RO         3558    i.HAL_UART_ErrorCallback  stm32f4xx_hal_uart.o
    0x08001b5e   0x08001b5e   0x00000002   PAD
    0x08001b60   0x08001b60   0x00000280   Code   RO         3561    i.HAL_UART_IRQHandler  stm32f4xx_hal_uart.o
    0x08001de0   0x08001de0   0x00000064   Code   RO         3562    i.HAL_UART_Init     stm32f4xx_hal_uart.o
    0x08001e44   0x08001e44   0x0000012c   Code   RO          369    i.HAL_UART_MspInit  usart.o
    0x08001f70   0x08001f70   0x00000002   Code   RO         3568    i.HAL_UART_RxCpltCallback  stm32f4xx_hal_uart.o
    0x08001f72   0x08001f72   0x00000002   Code   RO         3569    i.HAL_UART_RxHalfCpltCallback  stm32f4xx_hal_uart.o
    0x08001f74   0x08001f74   0x000000a0   Code   RO         3570    i.HAL_UART_Transmit  stm32f4xx_hal_uart.o
    0x08002014   0x08002014   0x00000002   Code   RO         3573    i.HAL_UART_TxCpltCallback  stm32f4xx_hal_uart.o
    0x08002016   0x08002016   0x00000002   Code   RO          420    i.HardFault_Handler  stm32f4xx_it.o
    0x08002018   0x08002018   0x00000178   Code   RO         1029    i.InverseKinematics  steering_chassis.o
    0x08002190   0x08002190   0x0000002c   Code   RO          749    i.M3508_GetFeedback  m3508.o
    0x080021bc   0x080021bc   0x00000080   Code   RO          750    i.M3508_Init        m3508.o
    0x0800223c   0x0800223c   0x000000b0   Code   RO          752    i.M3508_SendAll     m3508.o
    0x080022ec   0x080022ec   0x00000024   Code   RO          753    i.M3508_SetCurrent  m3508.o
    0x08002310   0x08002310   0x00000020   Code   RO          805    i.MT6701_Init       mt6701.o
    0x08002330   0x08002330   0x00000048   Code   RO          806    i.MT6701_ReadAngle  mt6701.o
    0x08002378   0x08002378   0x00000044   Code   RO          304    i.MX_CAN1_Init      can.o
    0x080023bc   0x080023bc   0x0000003c   Code   RO          344    i.MX_DMA_Init       dma.o
    0x080023f8   0x080023f8   0x00000078   Code   RO          226    i.MX_FREERTOS_Init  freertos.o
    0x08002470   0x08002470   0x00000100   Code   RO          202    i.MX_GPIO_Init      gpio.o
    0x08002570   0x08002570   0x00000038   Code   RO          370    i.MX_UART4_Init     usart.o
    0x080025a8   0x080025a8   0x00000040   Code   RO          371    i.MX_USART2_UART_Init  usart.o
    0x080025e8   0x080025e8   0x00000002   Code   RO          421    i.MemManage_Handler  stm32f4xx_it.o
    0x080025ea   0x080025ea   0x00000002   PAD
    0x080025ec   0x080025ec   0x0000003c   Code   RO          979    i.Motor_Movement    movement_task.o
    0x08002628   0x08002628   0x0000002c   Code   RO          980    i.Movement_Init     movement_task.o
    0x08002654   0x08002654   0x00000002   Code   RO          422    i.NMI_Handler       stm32f4xx_it.o
    0x08002656   0x08002656   0x00000002   PAD
    0x08002658   0x08002658   0x00000030   Code   RO         1030    i.NormalizeAngle    steering_chassis.o
    0x08002688   0x08002688   0x000000b0   Code   RO         1031    i.PID_Compute       steering_chassis.o
    0x08002738   0x08002738   0x0000001c   Code   RO         1032    i.PID_Init          steering_chassis.o
    0x08002754   0x08002754   0x00000018   Code   RO         1033    i.PID_Reset         steering_chassis.o
    0x0800276c   0x0800276c   0x0000009c   Code   RO          561    i.ParseDbusFrame    remote_control.o
    0x08002808   0x08002808   0x00000074   Code   RO          562    i.RawToNormalized   remote_control.o
    0x0800287c   0x0800287c   0x0000000e   Code   RO          563    i.RawToSwitch       remote_control.o
    0x0800288a   0x0800288a   0x00000002   PAD
    0x0800288c   0x0800288c   0x00000090   Code   RO         1034    i.ReadEncoders      steering_chassis.o
    0x0800291c   0x0800291c   0x00000068   Code   RO         1035    i.ReadMotorFeedback  steering_chassis.o
    0x08002984   0x08002984   0x000000b0   Code   RO          933    i.Receive_and_Process_Signal  remote_control_task.o
    0x08002a34   0x08002a34   0x0000000c   Code   RO          934    i.RemoteControlTask_Init  remote_control_task.o
    0x08002a40   0x08002a40   0x00000020   Code   RO          565    i.RemoteControl_GetState  remote_control.o
    0x08002a60   0x08002a60   0x00000090   Code   RO          566    i.RemoteControl_IdleCallback  remote_control.o
    0x08002af0   0x08002af0   0x0000004c   Code   RO          567    i.RemoteControl_Init  remote_control.o
    0x08002b3c   0x08002b3c   0x00000028   Code   RO          568    i.RemoteControl_IsConnected  remote_control.o
    0x08002b64   0x08002b64   0x00000044   Code   RO          569    i.RemoteControl_LossProtectionTick  remote_control.o
    0x08002ba8   0x08002ba8   0x0000003c   Code   RO         1036    i.SendMotorCurrents  steering_chassis.o
    0x08002be4   0x08002be4   0x0000005c   Code   RO          649    i.SoftI2C_DelayUs   soft_i2c.o
    0x08002c40   0x08002c40   0x00000058   Code   RO          651    i.SoftI2C_ReadByte  soft_i2c.o
    0x08002c98   0x08002c98   0x00000094   Code   RO          653    i.SoftI2C_ReadRegs  soft_i2c.o
    0x08002d2c   0x08002d2c   0x00000042   Code   RO          654    i.SoftI2C_SendAck   soft_i2c.o
    0x08002d6e   0x08002d6e   0x00000038   Code   RO          655    i.SoftI2C_SendNack  soft_i2c.o
    0x08002da6   0x08002da6   0x00000048   Code   RO          656    i.SoftI2C_Start     soft_i2c.o
    0x08002dee   0x08002dee   0x00000038   Code   RO          657    i.SoftI2C_Stop      soft_i2c.o
    0x08002e26   0x08002e26   0x0000005c   Code   RO          658    i.SoftI2C_WaitAck   soft_i2c.o
    0x08002e82   0x08002e82   0x0000004e   Code   RO          659    i.SoftI2C_WriteByte  soft_i2c.o
    0x08002ed0   0x08002ed0   0x00000008   Code   RO          229    i.StartDefaultTask  freertos.o
    0x08002ed8   0x08002ed8   0x000001b8   Code   RO         1037    i.SteeringChassis_ControlLoop  steering_chassis.o
    0x08003090   0x08003090   0x0000007c   Code   RO         1038    i.SteeringChassis_EmergencyStop  steering_chassis.o
    0x0800310c   0x0800310c   0x0000000c   Code   RO         1039    i.SteeringChassis_GetState  steering_chassis.o
    0x08003118   0x08003118   0x0000004c   Code   RO         1040    i.SteeringChassis_GetWheelDebug  steering_chassis.o
    0x08003164   0x08003164   0x000001c8   Code   RO         1041    i.SteeringChassis_Init  steering_chassis.o
    0x0800332c   0x0800332c   0x0000003c   Code   RO         1042    i.SteeringChassis_IsEncoderHealthy  steering_chassis.o
    0x08003368   0x08003368   0x00000014   Code   RO         1045    i.SteeringChassis_Recover  steering_chassis.o
    0x0800337c   0x0800337c   0x0000000c   Code   RO         1046    i.SteeringChassis_SetVelocity  steering_chassis.o
    0x08003388   0x08003388   0x0000001a   Code   RO         5040    i.SysTick_Handler   cmsis_os2.o
    0x080033a2   0x080033a2   0x00000002   PAD
    0x080033a4   0x080033a4   0x00000094   Code   RO           15    i.SystemClock_Config  main.o
    0x08003438   0x08003438   0x00000010   Code   RO         3896    i.SystemInit        system_stm32f4xx.o
    0x08003448   0x08003448   0x0000000c   Code   RO          423    i.TIM1_UP_TIM10_IRQHandler  stm32f4xx_it.o
    0x08003454   0x08003454   0x000000d0   Code   RO         1270    i.TIM_Base_SetConfig  stm32f4xx_hal_tim.o
    0x08003524   0x08003524   0x0000000c   Code   RO          424    i.UART4_IRQHandler  stm32f4xx_it.o
    0x08003530   0x08003530   0x0000000e   Code   RO         3575    i.UART_DMAAbortOnError  stm32f4xx_hal_uart.o
    0x0800353e   0x0800353e   0x0000004a   Code   RO         3576    i.UART_DMAError     stm32f4xx_hal_uart.o
    0x08003588   0x08003588   0x00000086   Code   RO         3577    i.UART_DMAReceiveCplt  stm32f4xx_hal_uart.o
    0x0800360e   0x0800360e   0x0000001e   Code   RO         3579    i.UART_DMARxHalfCplt  stm32f4xx_hal_uart.o
    0x0800362c   0x0800362c   0x0000004e   Code   RO         3585    i.UART_EndRxTransfer  stm32f4xx_hal_uart.o
    0x0800367a   0x0800367a   0x0000001c   Code   RO         3586    i.UART_EndTxTransfer  stm32f4xx_hal_uart.o
    0x08003696   0x08003696   0x000000c2   Code   RO         3587    i.UART_Receive_IT   stm32f4xx_hal_uart.o
    0x08003758   0x08003758   0x0000010c   Code   RO         3588    i.UART_SetConfig    stm32f4xx_hal_uart.o
    0x08003864   0x08003864   0x000000a0   Code   RO         3589    i.UART_Start_Receive_DMA  stm32f4xx_hal_uart.o
    0x08003904   0x08003904   0x00000072   Code   RO         3591    i.UART_WaitOnFlagUntilTimeout  stm32f4xx_hal_uart.o
    0x08003976   0x08003976   0x00000002   Code   RO          425    i.UsageFault_Handler  stm32f4xx_it.o
    0x08003978   0x08003978   0x0000002c   Code   RO          884    i.Vofa_Debugging_Transmition  vofa_transmit_task.o
    0x080039a4   0x080039a4   0x0000004a   Code   RO          851    i.Vofa_SendJustFloat  vofa_send.o
    0x080039ee   0x080039ee   0x00000092   Code   RO          852    i.Vofa_SendWheelDebug  vofa_send.o
    0x08003a80   0x08003a80   0x00000034   Code   RO         1047    i.Wrap180           steering_chassis.o
    0x08003ab4   0x08003ab4   0x00000026   Code   RO         5731    i.__ARM_fpclassifyf  m_wm.l(fpclassifyf.o)
    0x08003ada   0x08003ada   0x00000020   Code   RO         3142    i.__NVIC_SetPriority  stm32f4xx_hal_cortex.o
    0x08003afa   0x08003afa   0x00000002   PAD
    0x08003afc   0x08003afc   0x000002ac   Code   RO         5697    i.__hardfp_atan2f   m_wm.l(atan2f.o)
    0x08003da8   0x08003da8   0x0000003a   Code   RO         5709    i.__hardfp_sqrtf    m_wm.l(sqrtf.o)
    0x08003de2   0x08003de2   0x00000006   Code   RO         5735    i.__mathlib_flt_infnan2  m_wm.l(funder.o)
    0x08003de8   0x08003de8   0x00000010   Code   RO         5739    i.__mathlib_flt_underflow  m_wm.l(funder.o)
    0x08003df8   0x08003df8   0x0000002a   Code   RO           16    i.main              main.o
    0x08003e22   0x08003e22   0x0000001a   Code   RO         5042    i.osDelay           cmsis_os2.o
    0x08003e3c   0x08003e3c   0x00000024   Code   RO         5056    i.osKernelInitialize  cmsis_os2.o
    0x08003e60   0x08003e60   0x00000038   Code   RO         5059    i.osKernelStart     cmsis_os2.o
    0x08003e98   0x08003e98   0x00000064   Code   RO         5071    i.osMessageQueueGet  cmsis_os2.o
    0x08003efc   0x08003efc   0x00000058   Code   RO         5076    i.osMessageQueueNew  cmsis_os2.o
    0x08003f54   0x08003f54   0x00000068   Code   RO         5077    i.osMessageQueuePut  cmsis_os2.o
    0x08003fbc   0x08003fbc   0x0000005c   Code   RO         5084    i.osSemaphoreAcquire  cmsis_os2.o
    0x08004018   0x08004018   0x00000098   Code   RO         5087    i.osSemaphoreNew    cmsis_os2.o
    0x080040b0   0x080040b0   0x0000008a   Code   RO         5101    i.osThreadNew       cmsis_os2.o
    0x0800413a   0x0800413a   0x00000002   PAD
    0x0800413c   0x0800413c   0x0000005c   Code   RO         4504    i.prvAddCurrentTaskToDelayedList  tasks.o
    0x08004198   0x08004198   0x000000d0   Code   RO         4505    i.prvAddNewTaskToReadyList  tasks.o
    0x08004268   0x08004268   0x00000058   Code   RO         4869    i.prvCheckForValidListAndQueue  timers.o
    0x080042c0   0x080042c0   0x00000026   Code   RO         4101    i.prvCopyDataFromQueue  queue.o
    0x080042e6   0x080042e6   0x0000006c   Code   RO         4102    i.prvCopyDataToQueue  queue.o
    0x08004352   0x08004352   0x00000034   Code   RO         4506    i.prvDeleteTCB      tasks.o
    0x08004386   0x08004386   0x00000002   PAD
    0x08004388   0x08004388   0x0000004c   Code   RO         5547    i.prvHeapInit       heap_4.o
    0x080043d4   0x080043d4   0x00000060   Code   RO         4507    i.prvIdleTask       tasks.o
    0x08004434   0x08004434   0x00000022   Code   RO         4104    i.prvInitialiseNewQueue  queue.o
    0x08004456   0x08004456   0x00000002   PAD
    0x08004458   0x08004458   0x000000b0   Code   RO         4508    i.prvInitialiseNewTask  tasks.o
    0x08004508   0x08004508   0x0000004c   Code   RO         5548    i.prvInsertBlockIntoFreeList  heap_4.o
    0x08004554   0x08004554   0x00000038   Code   RO         4871    i.prvInsertTimerInActiveList  timers.o
    0x0800458c   0x0800458c   0x0000001c   Code   RO         4105    i.prvIsQueueEmpty   queue.o
    0x080045a8   0x080045a8   0x000000fc   Code   RO         4872    i.prvProcessReceivedCommands  timers.o
    0x080046a4   0x080046a4   0x000000c0   Code   RO         4873    i.prvProcessTimerOrBlockTask  timers.o
    0x08004764   0x08004764   0x00000020   Code   RO         4510    i.prvResetNextTaskUnblockTime  tasks.o
    0x08004784   0x08004784   0x00000028   Code   RO         4874    i.prvSampleTimeNow  timers.o
    0x080047ac   0x080047ac   0x0000006c   Code   RO         4875    i.prvSwitchTimerLists  timers.o
    0x08004818   0x08004818   0x00000028   Code   RO         5603    i.prvTaskExitError  port.o
    0x08004840   0x08004840   0x00000024   Code   RO         4876    i.prvTimerTask      timers.o
    0x08004864   0x08004864   0x0000006a   Code   RO         4106    i.prvUnlockQueue    queue.o
    0x080048ce   0x080048ce   0x00000002   PAD
    0x080048d0   0x080048d0   0x000000dc   Code   RO         5549    i.pvPortMalloc      heap_4.o
    0x080049ac   0x080049ac   0x00000018   Code   RO         4513    i.pvTaskIncrementMutexHeldCount  tasks.o
    0x080049c4   0x080049c4   0x0000002c   Code   RO         5604    i.pxPortInitialiseStack  port.o
    0x080049f0   0x080049f0   0x00000026   Code   RO         4061    i.uxListRemove      list.o
    0x08004a16   0x08004a16   0x00000002   PAD
    0x08004a18   0x08004a18   0x00000014   Code   RO         5113    i.vApplicationGetIdleTaskMemory  cmsis_os2.o
    0x08004a2c   0x08004a2c   0x00000018   Code   RO         5114    i.vApplicationGetTimerTaskMemory  cmsis_os2.o
    0x08004a44   0x08004a44   0x00000016   Code   RO         4062    i.vListInitialise   list.o
    0x08004a5a   0x08004a5a   0x00000006   Code   RO         4063    i.vListInitialiseItem  list.o
    0x08004a60   0x08004a60   0x00000030   Code   RO         4064    i.vListInsert       list.o
    0x08004a90   0x08004a90   0x00000018   Code   RO         4065    i.vListInsertEnd    list.o
    0x08004aa8   0x08004aa8   0x00000040   Code   RO         5606    i.vPortEnterCritical  port.o
    0x08004ae8   0x08004ae8   0x00000028   Code   RO         5607    i.vPortExitCritical  port.o
    0x08004b10   0x08004b10   0x00000064   Code   RO         5550    i.vPortFree         heap_4.o
    0x08004b74   0x08004b74   0x00000024   Code   RO         5608    i.vPortSetupTimerInterrupt  port.o
    0x08004b98   0x08004b98   0x00000054   Code   RO         5609    i.vPortValidateInterruptPriority  port.o
    0x08004bec   0x08004bec   0x00000028   Code   RO         4112    i.vQueueAddToRegistry  queue.o
    0x08004c14   0x08004c14   0x0000002e   Code   RO         4113    i.vQueueDelete      queue.o
    0x08004c42   0x08004c42   0x00000002   PAD
    0x08004c44   0x08004c44   0x00000028   Code   RO         4115    i.vQueueUnregisterQueue  queue.o
    0x08004c6c   0x08004c6c   0x00000044   Code   RO         4116    i.vQueueWaitForMessageRestricted  queue.o
    0x08004cb0   0x08004cb0   0x0000004c   Code   RO         4523    i.vTaskDelay        tasks.o
    0x08004cfc   0x08004cfc   0x0000008c   Code   RO         4524    i.vTaskDelayUntil   tasks.o
    0x08004d88   0x08004d88   0x00000010   Code   RO         4528    i.vTaskInternalSetTimeOutState  tasks.o
    0x08004d98   0x08004d98   0x0000000c   Code   RO         4529    i.vTaskMissedYield  tasks.o
    0x08004da4   0x08004da4   0x00000030   Code   RO         4531    i.vTaskPlaceOnEventList  tasks.o
    0x08004dd4   0x08004dd4   0x00000038   Code   RO         4532    i.vTaskPlaceOnEventListRestricted  tasks.o
    0x08004e0c   0x08004e0c   0x00000090   Code   RO         4534    i.vTaskPriorityDisinheritAfterTimeout  tasks.o
    0x08004e9c   0x08004e9c   0x00000088   Code   RO         4540    i.vTaskStartScheduler  tasks.o
    0x08004f24   0x08004f24   0x00000010   Code   RO         4542    i.vTaskSuspendAll   tasks.o
    0x08004f34   0x08004f34   0x00000064   Code   RO         4543    i.vTaskSwitchContext  tasks.o
    0x08004f98   0x08004f98   0x000000f4   Code   RO         5610    i.xPortStartScheduler  port.o
    0x0800508c   0x0800508c   0x0000002c   Code   RO         5611    i.xPortSysTickHandler  port.o
    0x080050b8   0x080050b8   0x0000003a   Code   RO         4117    i.xQueueCreateCountingSemaphore  queue.o
    0x080050f2   0x080050f2   0x00000040   Code   RO         4118    i.xQueueCreateCountingSemaphoreStatic  queue.o
    0x08005132   0x08005132   0x00000042   Code   RO         4121    i.xQueueGenericCreate  queue.o
    0x08005174   0x08005174   0x00000066   Code   RO         4122    i.xQueueGenericCreateStatic  queue.o
    0x080051da   0x080051da   0x00000002   PAD
    0x080051dc   0x080051dc   0x00000088   Code   RO         4123    i.xQueueGenericReset  queue.o
    0x08005264   0x08005264   0x00000160   Code   RO         4124    i.xQueueGenericSend  queue.o
    0x080053c4   0x080053c4   0x000000be   Code   RO         4125    i.xQueueGenericSendFromISR  queue.o
    0x08005482   0x08005482   0x0000009c   Code   RO         4128    i.xQueueGiveFromISR  queue.o
    0x0800551e   0x0800551e   0x00000002   PAD
    0x08005520   0x08005520   0x00000138   Code   RO         4134    i.xQueueReceive     queue.o
    0x08005658   0x08005658   0x0000009a   Code   RO         4135    i.xQueueReceiveFromISR  queue.o
    0x080056f2   0x080056f2   0x00000002   PAD
    0x080056f4   0x080056f4   0x00000178   Code   RO         4136    i.xQueueSemaphoreTake  queue.o
    0x0800586c   0x0800586c   0x00000074   Code   RO         4545    i.xTaskCheckForTimeOut  tasks.o
    0x080058e0   0x080058e0   0x0000005a   Code   RO         4546    i.xTaskCreate       tasks.o
    0x0800593a   0x0800593a   0x00000056   Code   RO         4547    i.xTaskCreateStatic  tasks.o
    0x08005990   0x08005990   0x0000001c   Code   RO         4551    i.xTaskGetSchedulerState  tasks.o
    0x080059ac   0x080059ac   0x0000000c   Code   RO         4552    i.xTaskGetTickCount  tasks.o
    0x080059b8   0x080059b8   0x000000c8   Code   RO         4554    i.xTaskIncrementTick  tasks.o
    0x08005a80   0x08005a80   0x00000080   Code   RO         4557    i.xTaskPriorityDisinherit  tasks.o
    0x08005b00   0x08005b00   0x00000078   Code   RO         4558    i.xTaskPriorityInherit  tasks.o
    0x08005b78   0x08005b78   0x00000070   Code   RO         4559    i.xTaskRemoveFromEventList  tasks.o
    0x08005be8   0x08005be8   0x000000c4   Code   RO         4560    i.xTaskResumeAll    tasks.o
    0x08005cac   0x08005cac   0x00000060   Code   RO         4885    i.xTimerCreateTimerTask  timers.o
    0x08005d0c   0x08005d0c   0x00000068   Code   RO         4886    i.xTimerGenericCommand  timers.o
    0x08005d74   0x08005d74   0x0000000a   Code   RO         5854    x$fpl$fpinit        fz_wm.l(fpinit.o)
    0x08005d7e   0x08005d7e   0x00000000   Code   RO         5730    x$fpl$usenofp       fz_wm.l(usenofp.o)
    0x08005d7e   0x08005d7e   0x00000002   PAD
    0x08005d80   0x08005d80   0x000000b8   Data   RO          231    .constdata          freertos.o
    0x08005e38   0x08005e38   0x00000010   Data   RO          981    .constdata          movement_task.o
    0x08005e48   0x08005e48   0x00000038   Data   RO         1049    .constdata          steering_chassis.o
    0x08005e80   0x08005e80   0x00000008   Data   RO         2856    .constdata          stm32f4xx_hal_dma.o
    0x08005e88   0x08005e88   0x00000010   Data   RO         3897    .constdata          system_stm32f4xx.o
    0x08005e98   0x08005e98   0x00000008   Data   RO         3898    .constdata          system_stm32f4xx.o
    0x08005ea0   0x08005ea0   0x00000056   Data   RO          232    .conststring        freertos.o
    0x08005ef6   0x08005ef6   0x00000002   PAD
    0x08005ef8   0x08005ef8   0x00000020   Data   RO         5912    Region$$Table       anon$$obj.o


    Execution Region RW_IRAM1 (Exec base: 0x20000000, Load base: 0x08005f18, Size: 0x000055f8, Max: 0x0001c000, ABSOLUTE)

    Exec Addr    Load Addr    Size         Type   Attr      Idx    E Section Name        Object

    0x20000000   0x08005f18   0x00000018   Data   RW          233    .data               freertos.o
    0x20000018   0x08005f30   0x00000010   Data   RW          571    .data               remote_control.o
    0x20000028   0x08005f40   0x00000010   Data   RW          661    .data               soft_i2c.o
    0x20000038   0x08005f50   0x00000010   Data   RW          662    .data               soft_i2c.o
    0x20000048   0x08005f60   0x00000010   Data   RW          663    .data               soft_i2c.o
    0x20000058   0x08005f70   0x00000010   Data   RW          664    .data               soft_i2c.o
    0x20000068   0x08005f80   0x00000001   Data   RW          665    .data               soft_i2c.o
    0x20000069   0x08005f81   0x00000003   PAD
    0x2000006c   0x08005f84   0x00000008   Data   RW          755    .data               m3508.o
    0x20000074   0x08005f8c   0x00000001   Data   RW          982    .data               movement_task.o
    0x20000075   0x08005f8d   0x00000003   PAD
    0x20000078   0x08005f90   0x00000010   Data   RW         1050    .data               steering_chassis.o
    0x20000088   0x08005fa0   0x0000000c   Data   RW         3301    .data               stm32f4xx_hal.o
    0x20000094   0x08005fac   0x00000004   Data   RW         3899    .data               system_stm32f4xx.o
    0x20000098   0x08005fb0   0x0000003c   Data   RW         4563    .data               tasks.o
    0x200000d4   0x08005fec   0x00000014   Data   RW         4894    .data               timers.o
    0x200000e8   0x08006000   0x00000004   Data   RW         5116    .data               cmsis_os2.o
    0x200000ec   0x08006004   0x00000020   Data   RW         5556    .data               heap_4.o
    0x2000010c   0x08006024   0x0000000c   Data   RW         5612    .data               port.o
    0x20000118        -       0x00000028   Zero   RW          305    .bss                can.o
    0x20000140        -       0x00000150   Zero   RW          372    .bss                usart.o
    0x20000290        -       0x00000048   Zero   RW          525    .bss                stm32f4xx_hal_timebase_tim.o
    0x200002d8        -       0x0000006c   Zero   RW          570    .bss                remote_control.o
    0x20000344        -       0x0000005a   Zero   RW          754    .bss                m3508.o
    0x2000039e   0x08006030   0x00000002   PAD
    0x200003a0        -       0x00000320   Zero   RW         1048    .bss                steering_chassis.o
    0x200006c0        -       0x00000040   Zero   RW         4138    .bss                queue.o
    0x20000700        -       0x000004c4   Zero   RW         4562    .bss                tasks.o
    0x20000bc4        -       0x00000118   Zero   RW         4893    .bss                timers.o
    0x20000cdc        -       0x000006b8   Zero   RW         5115    .bss                cmsis_os2.o
    0x20001394        -       0x00003c00   Zero   RW         5555    .bss                heap_4.o
    0x20004f94        -       0x00000060   Zero   RW         5770    .bss                c_w.l(libspace.o)
    0x20004ff4   0x08006030   0x00000004   PAD
    0x20004ff8        -       0x00000200   Zero   RW            2    HEAP                startup_stm32f405xx.o
    0x200051f8        -       0x00000400   Zero   RW            1    STACK               startup_stm32f405xx.o


    Execution Region RW_IRAM2 (Exec base: 0x2001c000, Load base: 0x08006030, Size: 0x00000000, Max: 0x00004000, ABSOLUTE)

    **** No section assigned to this execution region ****


==============================================================================

Image component sizes


      Code (inc. data)   RO Data    RW Data    ZI Data      Debug   Object Name

       176         22          0          0         40       1721   can.o
       862         34          0          4       1720      63965   cmsis_os2.o
        60          4          0          0          0        802   dma.o
         0          0          0          0          0      19492   event_groups.o
       128         24        270         24          0       7954   freertos.o
       256         20          0          0          0       1063   gpio.o
       472         24          0         32      15360       4919   heap_4.o
       138          0          0          0          0       3598   list.o
       384         30          0          8         90       3944   m3508.o
       214         14          0          0          0     666044   main.o
       104         18         16          1          0       3290   movement_task.o
       104          8          0          0          0       2705   mt6701.o
       786         82          0         12          0      11609   port.o
      2474         28          0          0         64      26668   queue.o
       646         54          0         16        108      12866   remote_control.o
       256         32          0          0          0       3672   remote_control_task.o
       748         20          0         65          0       7772   soft_i2c.o
        64         26        392          0       1536        852   startup_stm32f405xx.o
      2468        266         56         16        800      16171   steering_chassis.o
        80         14          0         12          0       8138   stm32f4xx_hal.o
       882          6          0          0          0       5108   stm32f4xx_hal_can.o
       158         14          0          0          0      33074   stm32f4xx_hal_cortex.o
      1084         16          8          0          0       7430   stm32f4xx_hal_dma.o
       516         46          0          0          0       2883   stm32f4xx_hal_gpio.o
        56          4          0          0          0        886   stm32f4xx_hal_msp.o
      1412         86          0          0          0       5977   stm32f4xx_hal_rcc.o
       740         72          0          0          0       7592   stm32f4xx_hal_tim.o
         4          0          0          0          0       1657   stm32f4xx_hal_tim_ex.o
       140         20          0          0         72       1459   stm32f4xx_hal_timebase_tim.o
      2076         28          0          0          0      15121   stm32f4xx_hal_uart.o
        60         24          0          0          0       4787   stm32f4xx_it.o
         0          0          0          0          0        392   stream_buffer.o
        16          4         24          4          0       1151   system_stm32f4xx.o
      2512        200          0         60       1220      30899   tasks.o
       972         80          0         20        280      29791   timers.o
       420         52          0          0        336       2646   usart.o
       220          0          0          0          0       2019   vofa_send.o
        44          6          0          0          0       5049   vofa_transmit_task.o

    ----------------------------------------------------------------------
     21778       1378        800        280      21628    1025166   Object Totals
         0          0         32          0          0          0   (incl. Generated)
        46          0          2          6          2          0   (incl. Padding)

    ----------------------------------------------------------------------

      Code (inc. data)   RO Data    RW Data    ZI Data      Debug   Library Member Name

         8          0          0          0          0         68   __main.o
         0          0          0          0          0          0   __rtentry.o
        12          0          0          0          0          0   __rtentry2.o
         6          0          0          0          0          0   __rtentry4.o
        52          8          0          0          0          0   __scatter.o
        26          0          0          0          0          0   __scatter_copy.o
        28          0          0          0          0          0   __scatter_zi.o
        22          0          0          0          0        100   _rserrno.o
        16          0          0          0          0         68   aeabi_memset.o
        18          0          0          0          0         80   exit.o
         6          0          0          0          0        152   heapauxi.o
         0          0          0          0          0          0   indicate_semi.o
         2          0          0          0          0          0   libinit.o
         6          0          0          0          0          0   libinit2.o
         2          0          0          0          0          0   libshutdown.o
         2          0          0          0          0          0   libshutdown2.o
         8          4          0          0         96         68   libspace.o
       238          0          0          0          0        100   lludivv7m.o
         8          4          0          0          0         68   rt_errno_addr_intlibspace.o
        68          0          0          0          0         68   rt_memclr.o
        78          0          0          0          0         80   rt_memclr_w.o
       138          0          0          0          0         68   rt_memcpy_v6.o
       100          0          0          0          0         80   rt_memcpy_w.o
         2          0          0          0          0          0   rtexit.o
        10          0          0          0          0          0   rtexit2.o
        12          4          0          0          0         68   sys_exit.o
        74          0          0          0          0         80   sys_stackheap_outer.o
         2          0          0          0          0         68   use_no_semi.o
        10          0          0          0          0        116   fpinit.o
         0          0          0          0          0          0   usenofp.o
       684         90          0          0          0        208   atan2f.o
        38          0          0          0          0        116   fpclassifyf.o
        22          6          0          0          0        232   funder.o
        58          0          0          0          0        136   sqrtf.o

    ----------------------------------------------------------------------
      1766        116          0          0        100       2024   Library Totals
        10          0          0          0          4          0   (incl. Padding)

    ----------------------------------------------------------------------

      Code (inc. data)   RO Data    RW Data    ZI Data      Debug   Library Name

       944         20          0          0         96       1216   c_w.l
        10          0          0          0          0        116   fz_wm.l
       802         96          0          0          0        692   m_wm.l

    ----------------------------------------------------------------------
      1766        116          0          0        100       2024   Library Totals

    ----------------------------------------------------------------------

==============================================================================


      Code (inc. data)   RO Data    RW Data    ZI Data      Debug   

     23544       1494        800        280      21728    1005318   Grand Totals
     23544       1494        800        280      21728    1005318   ELF Image Totals
     23544       1494        800        280          0          0   ROM Totals

==============================================================================

    Total RO  Size (Code + RO Data)                24344 (  23.77kB)
    Total RW  Size (RW Data + ZI Data)             22008 (  21.49kB)
    Total ROM Size (Code + RO Data + RW Data)      24624 (  24.05kB)

==============================================================================

