Component: ARM Compiler 5.06 update 7 (build 960) Tool: armlink [4d3601]

==============================================================================

Section Cross References

    startup_stm32f405xx.o(STACK) refers (Special) to heapauxi.o(.text) for __use_two_region_memory
    startup_stm32f405xx.o(HEAP) refers (Special) to heapauxi.o(.text) for __use_two_region_memory
    startup_stm32f405xx.o(RESET) refers (Special) to heapauxi.o(.text) for __use_two_region_memory
    startup_stm32f405xx.o(RESET) refers to startup_stm32f405xx.o(STACK) for __initial_sp
    startup_stm32f405xx.o(RESET) refers to startup_stm32f405xx.o(.text) for Reset_Handler
    startup_stm32f405xx.o(RESET) refers to stm32f4xx_it.o(i.NMI_Handler) for NMI_Handler
    startup_stm32f405xx.o(RESET) refers to stm32f4xx_it.o(i.HardFault_Handler) for HardFault_Handler
    startup_stm32f405xx.o(RESET) refers to stm32f4xx_it.o(i.MemManage_Handler) for MemManage_Handler
    startup_stm32f405xx.o(RESET) refers to stm32f4xx_it.o(i.BusFault_Handler) for BusFault_Handler
    startup_stm32f405xx.o(RESET) refers to stm32f4xx_it.o(i.UsageFault_Handler) for UsageFault_Handler
    startup_stm32f405xx.o(RESET) refers to port.o(.emb_text) for SVC_Handler
    startup_stm32f405xx.o(RESET) refers to stm32f4xx_it.o(i.DebugMon_Handler) for DebugMon_Handler
    startup_stm32f405xx.o(RESET) refers to cmsis_os2.o(i.SysTick_Handler) for SysTick_Handler
    startup_stm32f405xx.o(RESET) refers to stm32f4xx_it.o(i.DMA1_Stream4_IRQHandler) for DMA1_Stream4_IRQHandler
    startup_stm32f405xx.o(RESET) refers to stm32f4xx_it.o(i.DMA1_Stream5_IRQHandler) for DMA1_Stream5_IRQHandler
    startup_stm32f405xx.o(RESET) refers to stm32f4xx_it.o(i.CAN1_RX0_IRQHandler) for CAN1_RX0_IRQHandler
    startup_stm32f405xx.o(RESET) refers to stm32f4xx_it.o(i.TIM1_UP_TIM10_IRQHandler) for TIM1_UP_TIM10_IRQHandler
    startup_stm32f405xx.o(RESET) refers to stm32f4xx_it.o(i.USART2_IRQHandler) for USART2_IRQHandler
    startup_stm32f405xx.o(RESET) refers to stm32f4xx_it.o(i.UART4_IRQHandler) for UART4_IRQHandler
    startup_stm32f405xx.o(.text) refers (Special) to heapauxi.o(.text) for __use_two_region_memory
    startup_stm32f405xx.o(.text) refers to system_stm32f4xx.o(i.SystemInit) for SystemInit
    startup_stm32f405xx.o(.text) refers to __main.o(!!!main) for __main
    startup_stm32f405xx.o(.text) refers to startup_stm32f405xx.o(HEAP) for Heap_Mem
    startup_stm32f405xx.o(.text) refers to startup_stm32f405xx.o(STACK) for Stack_Mem
    main.o(i.HAL_TIM_PeriodElapsedCallback) refers to stm32f4xx_hal.o(i.HAL_IncTick) for HAL_IncTick
    main.o(i.SystemClock_Config) refers to rt_memclr_w.o(.text) for __aeabi_memclr4
    main.o(i.SystemClock_Config) refers to stm32f4xx_hal_rcc.o(i.HAL_RCC_OscConfig) for HAL_RCC_OscConfig
    main.o(i.SystemClock_Config) refers to stm32f4xx_hal_rcc.o(i.HAL_RCC_ClockConfig) for HAL_RCC_ClockConfig
    main.o(i.main) refers to stm32f4xx_hal.o(i.HAL_Init) for HAL_Init
    main.o(i.main) refers to main.o(i.SystemClock_Config) for SystemClock_Config
    main.o(i.main) refers to gpio.o(i.MX_GPIO_Init) for MX_GPIO_Init
    main.o(i.main) refers to dma.o(i.MX_DMA_Init) for MX_DMA_Init
    main.o(i.main) refers to can.o(i.MX_CAN1_Init) for MX_CAN1_Init
    main.o(i.main) refers to usart.o(i.MX_USART2_UART_Init) for MX_USART2_UART_Init
    main.o(i.main) refers to usart.o(i.MX_UART4_Init) for MX_UART4_Init
    main.o(i.main) refers to cmsis_os2.o(i.osKernelInitialize) for osKernelInitialize
    main.o(i.main) refers to freertos.o(i.MX_FREERTOS_Init) for MX_FREERTOS_Init
    main.o(i.main) refers to cmsis_os2.o(i.osKernelStart) for osKernelStart
    gpio.o(i.MX_GPIO_Init) refers to rt_memclr_w.o(.text) for __aeabi_memclr4
    gpio.o(i.MX_GPIO_Init) refers to stm32f4xx_hal_gpio.o(i.HAL_GPIO_WritePin) for HAL_GPIO_WritePin
    gpio.o(i.MX_GPIO_Init) refers to stm32f4xx_hal_gpio.o(i.HAL_GPIO_Init) for HAL_GPIO_Init
    freertos.o(i.MX_FREERTOS_Init) refers to movement_task.o(i.Movement_Init) for Movement_Init
    freertos.o(i.MX_FREERTOS_Init) refers to cmsis_os2.o(i.osSemaphoreNew) for osSemaphoreNew
    freertos.o(i.MX_FREERTOS_Init) refers to cmsis_os2.o(i.osMessageQueueNew) for osMessageQueueNew
    freertos.o(i.MX_FREERTOS_Init) refers to remote_control_task.o(i.RemoteControlTask_Init) for RemoteControlTask_Init
    freertos.o(i.MX_FREERTOS_Init) refers to cmsis_os2.o(i.osThreadNew) for osThreadNew
    freertos.o(i.MX_FREERTOS_Init) refers to freertos.o(.constdata) for .constdata
    freertos.o(i.MX_FREERTOS_Init) refers to freertos.o(.data) for .data
    freertos.o(i.MX_FREERTOS_Init) refers to freertos.o(i.StartDefaultTask) for StartDefaultTask
    freertos.o(i.MX_FREERTOS_Init) refers to remote_control_task.o(i.Receive_and_Process_Signal) for Receive_and_Process_Signal
    freertos.o(i.MX_FREERTOS_Init) refers to movement_task.o(i.Motor_Movement) for Motor_Movement
[...]

    Global Symbols

    Symbol Name                              Value     Ov Type        Size  Object(Section)

    BuildAttributes$$THM_ISAv4$E$P$D$K$B$S$7EM$VFPi3$EXTD16$VFPS$VFMA$PE$A:L22UL41UL21$X:L11$S22US41US21$IEEE1$IW$USESV6$~STKCKD$USESV7$~SHL$OTIME$ROPI$IEEEX$EBA8$UX$STANDARDLIB$REQ8$PRES8$EABIv2 0x00000000   Number         0  anon$$obj.o ABSOLUTE
    __ARM_use_no_argv                        0x00000000   Number         0  main.o ABSOLUTE
    __ARM_exceptions_init                     - Undefined Weak Reference
    __alloca_initialize                       - Undefined Weak Reference
    __arm_fini_                               - Undefined Weak Reference
    __arm_preinit_                            - Undefined Weak Reference
    __cpp_initialize__aeabi_                  - Undefined Weak Reference
    __cxa_finalize                            - Undefined Weak Reference
    __rt_locale                               - Undefined Weak Reference
    __sigvec_lookup                           - Undefined Weak Reference
    _atexit_init                              - Undefined Weak Reference
    _call_atexit_fns                          - Undefined Weak Reference
    _clock_init                               - Undefined Weak Reference
    _fp_trap_init                             - Undefined Weak Reference
    _fp_trap_shutdown                         - Undefined Weak Reference
    _get_lc_collate                           - Undefined Weak Reference
    _get_lc_ctype                             - Undefined Weak Reference
    _get_lc_monetary                          - Undefined Weak Reference
    _get_lc_numeric                           - Undefined Weak Reference
    _get_lc_time                              - Undefined Weak Reference
    _getenv_init                              - Undefined Weak Reference
    _handle_redirection                       - Undefined Weak Reference
    _init_alloc                               - Undefined Weak Reference
    _init_user_alloc                          - Undefined Weak Reference
    _initio                                   - Undefined Weak Reference
    _rand_init                                - Undefined Weak Reference
    _signal_finish                            - Undefined Weak Reference
    _signal_init                              - Undefined Weak Reference
    _terminate_alloc                          - Undefined Weak Reference
    _terminate_user_alloc                     - Undefined Weak Reference
    _terminateio                              - Undefined Weak Reference
    __Vectors_Size                           0x00000188   Number         0  startup_stm32f405xx.o ABSOLUTE
    __Vectors                                0x08000000   Data           4  startup_stm32f405xx.o(RESET)
    __Vectors_End                            0x08000188   Data           0  startup_stm32f405xx.o(RESET)
    __main                                   0x08000189   Thumb Code     8  __main.o(!!!main)
    __scatterload                            0x08000191   Thumb Code     0  __scatter.o(!!!scatter)
    __scatterload_rt2                        0x08000191   Thumb Code    44  __scatter.o(!!!scatter)
    __scatterload_rt2_thumb_only             0x08000191   Thumb Code     0  __scatter.o(!!!scatter)
    __scatterload_null                       0x0800019f   Thumb Code     0  __scatter.o(!!!scatter)
    __scatterload_copy                       0x080001c5   Thumb Code    26  __scatter_copy.o(!!handler_copy)
    __scatterload_zeroinit                   0x080001e1   Thumb Code    28  __scatter_zi.o(!!handler_zi)
    __rt_lib_init                            0x080001fd   Thumb Code     0  libinit.o(.ARM.Collect$$libinit$$00000000)
    __rt_lib_init_fp_1                       0x080001ff   Thumb Code     0  libinit2.o(.ARM.Collect$$libinit$$00000001)
    __rt_lib_init_alloca_1                   0x08000203   Thumb Code     0  libinit2.o(.ARM.Collect$$libinit$$0000002E)
    __rt_lib_init_argv_1                     0x08000203   Thumb Code     0  libinit2.o(.ARM.Collect$$libinit$$0000002C)
    __rt_lib_init_atexit_1                   0x08000203   Thumb Code     0  libinit2.o(.ARM.Collect$$libinit$$0000001B)
    __rt_lib_init_clock_1                    0x08000203   Thumb Code     0  libinit2.o(.ARM.Collect$$libinit$$00000021)
    __rt_lib_init_cpp_1                      0x08000203   Thumb Code     0  libinit2.o(.ARM.Collect$$libinit$$00000032)
    __rt_lib_init_exceptions_1               0x08000203   Thumb Code     0  libinit2.o(.ARM.Collect$$libinit$$00000030)
    __rt_lib_init_fp_trap_1                  0x08000203   Thumb Code     0  libinit2.o(.ARM.Collect$$libinit$$0000001F)
    __rt_lib_init_getenv_1                   0x08000203   Thumb Code     0  libinit2.o(.ARM.Collect$$libinit$$00000023)
    __rt_lib_init_heap_1                     0x08000203   Thumb Code     0  libinit2.o(.ARM.Collect$$libinit$$0000000A)
    __rt_lib_init_lc_collate_1               0x08000203   Thumb Code     0  libinit2.o(.ARM.Collect$$libinit$$00000011)
    __rt_lib_init_lc_ctype_1                 0x08000203   Thumb Code     0  libinit2.o(.ARM.Collect$$libinit$$00000013)
    __rt_lib_init_lc_monetary_1              0x08000203   Thumb Code     0  libinit2.o(.ARM.Collect$$libinit$$00000015)
    __rt_lib_init_lc_numeric_1               0x08000203   Thumb Code     0  libinit2.o(.ARM.Collect$$libinit$$00000017)
    __rt_lib_init_lc_time_1                  0x08000203   Thumb Code     0  libinit2.o(.ARM.Collect$$libinit$$00000019)
    __rt_lib_init_preinit_1                  0x08000203   Thumb Code     0  libinit2.o(.ARM.Collect$$libinit$$00000004)
    __rt_lib_init_rand_1                     0x08000203   Thumb Code     0  libinit2.o(.ARM.Collect$$libinit$$0000000E)
    __rt_lib_init_return                     0x08000203   Thumb Code     0  libinit2.o(.ARM.Collect$$libinit$$00000033)
    __rt_lib_init_signal_1                   0x08000203   Thumb Code     0  libinit2.o(.ARM.Collect$$libinit$$0000001D)
    __rt_lib_init_stdio_1                    0x08000203   Thumb Code     0  libinit2.o(.ARM.Collect$$libinit$$00000025)
    __rt_lib_init_user_alloc_1               0x08000203   Thumb Code     0  libinit2.o(.ARM.Collect$$libinit$$0000000C)
    __rt_lib_shutdown                        0x08000205   Thumb Code     0  libshutdown.o(.ARM.Collect$$libshutdown$$00000000)
    __rt_lib_shutdown_cpp_1                  0x08000207   Thumb Code     0  libshutdown2.o(.ARM.Collect$$libshutdown$$00000004)
    __rt_lib_shutdown_fini_1                 0x08000207   Thumb Code     0  libshutdown2.o(.ARM.Collect$$libshutdown$$00000002)
    __rt_lib_shutdown_fp_trap_1              0x08000207   Thumb Code     0  libshutdown2.o(.ARM.Collect$$libshutdown$$00000009)
    __rt_lib_shutdown_heap_1                 0x08000207   Thumb Code     0  libshutdown2.o(.ARM.Collect$$libshutdown$$00000011)
    __rt_lib_shutdown_return                 0x08000207   Thumb Code     0  libshutdown2.o(.ARM.Collect$$libshutdown$$00000012)
    __rt_lib_shutdown_signal_1               0x08000207   Thumb Code     0  libshutdown2.o(.ARM.Collect$$libshutdown$$0000000C)
    __rt_lib_shutdown_stdio_1                0x08000207   Thumb Code     0  libshutdown2.o(.ARM.Collect$$libshutdown$$00000006)
    __rt_lib_shutdown_user_alloc_1           0x08000207   Thumb Code     0  libshutdown2.o(.ARM.Collect$$libshutdown$$0000000E)
    __rt_entry                               0x08000209   Thumb Code     0  __rtentry.o(.ARM.Collect$$rtentry$$00000000)
    __rt_entry_presh_1                       0x08000209   Thumb Code     0  __rtentry2.o(.ARM.Collect$$rtentry$$00000002)
    __rt_entry_sh                            0x08000209   Thumb Code     0  __rtentry4.o(.ARM.Collect$$rtentry$$00000004)
    __rt_entry_li                            0x0800020f   Thumb Code     0  __rtentry2.o(.ARM.Collect$$rtentry$$0000000A)
    __rt_entry_postsh_1                      0x0800020f   Thumb Code     0  __rtentry2.o(.ARM.Collect$$rtentry$$00000009)
    __rt_entry_main                          0x08000213   Thumb Code     0  __rtentry2.o(.ARM.Collect$$rtentry$$0000000D)
    __rt_entry_postli_1                      0x08000213   Thumb Code     0  __rtentry2.o(.ARM.Collect$$rtentry$$0000000C)
    __rt_exit                                0x0800021b   Thumb Code     0  rtexit.o(.ARM.Collect$$rtexit$$00000000)
    __rt_exit_ls                             0x0800021d   Thumb Code     0  rtexit2.o(.ARM.Collect$$rtexit$$00000003)
    __rt_exit_prels_1                        0x0800021d   Thumb Code     0  rtexit2.o(.ARM.Collect$$rtexit$$00000002)
    __rt_exit_exit                           0x08000221   Thumb Code     0  rtexit2.o(.ARM.Collect$$rtexit$$00000004)
    SVC_Handler                              0x08000229   Thumb Code    28  port.o(.emb_text)
    __asm___6_port_c_39a90d8d__prvStartFirstTask 0x08000249   Thumb Code    36  port.o(.emb_text)
    __asm___6_port_c_39a90d8d__prvEnableVFP  0x08000271   Thumb Code    16  port.o(.emb_text)
    PendSV_Handler                           0x08000285   Thumb Code    88  port.o(.emb_text)
    vPortGetIPSR                             0x080002e1   Thumb Code     6  port.o(.emb_text)
    Reset_Handler                            0x080002e9   Thumb Code     8  startup_stm32f405xx.o(.text)
    ADC_IRQHandler                           0x08000303   Thumb Code     0  startup_stm32f405xx.o(.text)
    CAN1_RX1_IRQHandler                      0x08000303   Thumb Code     0  startup_stm32f405xx.o(.text)
    CAN1_SCE_IRQHandler                      0x08000303   Thumb Code     0  startup_stm32f405xx.o(.text)
    CAN1_TX_IRQHandler                       0x08000303   Thumb Code     0  startup_stm32f405xx.o(.text)
    CAN2_RX0_IRQHandler                      0x08000303   Thumb Code     0  startup_stm32f405xx.o(.text)
    CAN2_RX1_IRQHandler                      0x08000303   Thumb Code     0  startup_stm32f405xx.o(.text)
    CAN2_SCE_IRQHandler                      0x08000303   Thumb Code     0  startup_stm32f405xx.o(.text)
    CAN2_TX_IRQHandler                       0x08000303   Thumb Code     0  startup_stm32f405xx.o(.text)
    DMA1_Stream0_IRQHandler                  0x08000303   Thumb Code     0  startup_stm32f405xx.o(.text)
    DMA1_Stream1_IRQHandler                  0x08000303   Thumb Code     0  startup_stm32f405xx.o(.text)
    DMA1_Stream2_IRQHandler                  0x08000303   Thumb Code     0  startup_stm32f405xx.o(.text)
    DMA1_Stream3_IRQHandler                  0x08000303   Thumb Code     0  startup_stm32f405xx.o(.text)
    DMA1_Stream6_IRQHandler                  0x08000303   Thumb Code     0  startup_stm32f405xx.o(.text)
    DMA1_Stream7_IRQHandler                  0x08000303   Thumb Code     0  startup_stm32f405xx.o(.text)
    DMA2_Stream0_IRQHandler                  0x08000303   Thumb Code     0  startup_stm32f405xx.o(.text)
    DMA2_Stream1_IRQHandler                  0x08000303   Thumb Code     0  startup_stm32f405xx.o(.text)
    DMA2_Stream2_IRQHandler                  0x08000303   Thumb Code     0  startup_stm32f405xx.o(.text)
    DMA2_Stream3_IRQHandler                  0x08000303   Thumb Code     0  startup_stm32f405xx.o(.text)
    DMA2_Stream4_IRQHandler                  0x08000303   Thumb Code     0  startup_stm32f405xx.o(.text)
    DMA2_Stream5_IRQHandler                  0x08000303   Thumb Code     0  startup_stm32f405xx.o(.text)
    DMA2_Stream6_IRQHandler                  0x08000303   Thumb Code     0  startup_stm32f405xx.o(.text)
    DMA2_Stream7_IRQHandler                  0x08000303   Thumb Code     0  startup_stm32f405xx.o(.text)
    EXTI0_IRQHandler                         0x08000303   Thumb Code     0  startup_stm32f405xx.o(.text)
    EXTI15_10_IRQHandler                     0x08000303   Thumb Code     0  startup_stm32f405xx.o(.text)
    EXTI1_IRQHandler                         0x08000303   Thumb Code     0  startup_stm32f405xx.o(.text)
    EXTI2_IRQHandler                         0x08000303   Thumb Code     0  startup_stm32f405xx.o(.text)
    EXTI3_IRQHandler                         0x08000303   Thumb Code     0  startup_stm32f405xx.o(.text)
    EXTI4_IRQHandler                         0x08000303   Thumb Code     0  startup_stm32f405xx.o(.text)
    EXTI9_5_IRQHandler                       0x08000303   Thumb Code     0  startup_stm32f405xx.o(.text)
    FLASH_IRQHandler                         0x08000303   Thumb Code     0  startup_stm32f405xx.o(.text)
    FMC_IRQHandler                           0x08000303   Thumb Code     0  startup_stm32f405xx.o(.text)
    FPU_IRQHandler                           0x08000303   Thumb Code     0  startup_stm32f405xx.o(.text)
    HASH_RNG_IRQHandler                      0x08000303   Thumb Code     0  startup_stm32f405xx.o(.text)
    I2C1_ER_IRQHandler                       0x08000303   Thumb Code     0  startup_stm32f405xx.o(.text)
    I2C1_EV_IRQHandler                       0x08000303   Thumb Code     0  startup_stm32f405xx.o(.text)
    I2C2_ER_IRQHandler                       0x08000303   Thumb Code     0  startup_stm32f405xx.o(.text)
    I2C2_EV_IRQHandler                       0x08000303   Thumb Code     0  startup_stm32f405xx.o(.text)
    I2C3_ER_IRQHandler                       0x08000303   Thumb Code     0  startup_stm32f405xx.o(.text)
    I2C3_EV_IRQHandler                       0x08000303   Thumb Code     0  startup_stm32f405xx.o(.text)
    OTG_FS_IRQHandler                        0x08000303   Thumb Code     0  startup_stm32f405xx.o(.text)
    OTG_FS_WKUP_IRQHandler                   0x08000303   Thumb Code     0  startup_stm32f405xx.o(.text)
    OTG_HS_EP1_IN_IRQHandler                 0x08000303   Thumb Code     0  startup_stm32f405xx.o(.text)
    OTG_HS_EP1_OUT_IRQHandler                0x08000303   Thumb Code     0  startup_stm32f405xx.o(.text)
    OTG_HS_IRQHandler                        0x08000303   Thumb Code     0  startup_stm32f405xx.o(.text)
    OTG_HS_WKUP_IRQHandler                   0x08000303   Thumb Code     0  startup_stm32f405xx.o(.text)
    PVD_IRQHandler                           0x08000303   Thumb Code     0  startup_stm32f405xx.o(.text)
    RCC_IRQHandler                           0x08000303   Thumb Code     0  startup_stm32f405xx.o(.text)
    RTC_Alarm_IRQHandler                     0x08000303   Thumb Code     0  startup_stm32f405xx.o(.text)
    RTC_WKUP_IRQHandler                      0x08000303   Thumb Code     0  startup_stm32f405xx.o(.text)
    SDIO_IRQHandler                          0x08000303   Thumb Code     0  startup_stm32f405xx.o(.text)
    SPI1_IRQHandler                          0x08000303   Thumb Code     0  startup_stm32f405xx.o(.text)
    SPI2_IRQHandler                          0x08000303   Thumb Code     0  startup_stm32f405xx.o(.text)
    SPI3_IRQHandler                          0x08000303   Thumb Code     0  startup_stm32f405xx.o(.text)
    TAMP_STAMP_IRQHandler                    0x08000303   Thumb Code     0  startup_stm32f405xx.o(.text)
    TIM1_BRK_TIM9_IRQHandler                 0x08000303   Thumb Code     0  startup_stm32f405xx.o(.text)
    TIM1_CC_IRQHandler                       0x08000303   Thumb Code     0  startup_stm32f405xx.o(.text)
    TIM1_TRG_COM_TIM11_IRQHandler            0x08000303   Thumb Code     0  startup_stm32f405xx.o(.text)
    TIM2_IRQHandler                          0x08000303   Thumb Code     0  startup_stm32f405xx.o(.text)
    TIM3_IRQHandler                          0x08000303   Thumb Code     0  startup_stm32f405xx.o(.text)
    TIM4_IRQHandler                          0x08000303   Thumb Code     0  startup_stm32f405xx.o(.text)
    TIM5_IRQHandler                          0x08000303   Thumb Code     0  startup_stm32f405xx.o(.text)
    TIM6_DAC_IRQHandler                      0x08000303   Thumb Code     0  startup_stm32f405xx.o(.text)
    TIM7_IRQHandler                          0x08000303   Thumb Code     0  startup_stm32f405xx.o(.text)
    TIM8_BRK_TIM12_IRQHandler                0x08000303   Thumb Code     0  startup_stm32f405xx.o(.text)
    TIM8_CC_IRQHandler                       0x08000303   Thumb Code     0  startup_stm32f405xx.o(.text)
    TIM8_TRG_COM_TIM14_IRQHandler            0x08000303   Thumb Code     0  startup_stm32f405xx.o(.text)
    TIM8_UP_TIM13_IRQHandler                 0x08000303   Thumb Code     0  startup_stm32f405xx.o(.text)
    UART5_IRQHandler                         0x08000303   Thumb Code     0  startup_stm32f405xx.o(.text)
    USART1_IRQHandler                        0x08000303   Thumb Code     0  startup_stm32f405xx.o(.text)
    USART3_IRQHandler                        0x08000303   Thumb Code     0  startup_stm32f405xx.o(.text)
    USART6_IRQHandler                        0x08000303   Thumb Code     0  startup_stm32f405xx.o(.text)
    WWDG_IRQHandler                          0x08000303   Thumb Code     0  startup_stm32f405xx.o(.text)
    __user_initial_stackheap                 0x08000305   Thumb Code     0  startup_stm32f405xx.o(.text)
    __aeabi_uldivmod                         0x08000329   Thumb Code     0  lludivv7m.o(.text)
    _ll_udiv                                 0x08000329   Thumb Code   238  lludivv7m.o(.text)
    __aeabi_memcpy                           0x08000417   Thumb Code     0  rt_memcpy_v6.o(.text)
    __rt_memcpy                              0x08000417   Thumb Code   138  rt_memcpy_v6.o(.text)
    _memcpy_lastbytes                        0x0800047d   Thumb Code     0  rt_memcpy_v6.o(.text)
    __aeabi_memcpy4                          0x080004a1   Thumb Code     0  rt_memcpy_w.o(.text)
    __aeabi_memcpy8                          0x080004a1   Thumb Code     0  rt_memcpy_w.o(.text)
    __rt_memcpy_w                            0x080004a1   Thumb Code   100  rt_memcpy_w.o(.text)
    _memcpy_lastbytes_aligned                0x080004e9   Thumb Code     0  rt_memcpy_w.o(.text)
    __aeabi_memset                           0x08000505   Thumb Code    16  aeabi_memset.o(.text)
    __aeabi_memclr4                          0x08000515   Thumb Code     0  rt_memclr_w.o(.text)
    __aeabi_memclr8                          0x08000515   Thumb Code     0  rt_memclr_w.o(.text)
    __rt_memclr_w                            0x08000515   Thumb Code    78  rt_memclr_w.o(.text)
    _memset_w                                0x08000519   Thumb Code     0  rt_memclr_w.o(.text)
    __use_two_region_memory                  0x08000563   Thumb Code     2  heapauxi.o(.text)
    __rt_heap_escrow$2region                 0x08000565   Thumb Code     2  heapauxi.o(.text)
    __rt_heap_expand$2region                 0x08000567   Thumb Code     2  heapauxi.o(.text)
    __read_errno                             0x08000569   Thumb Code    10  _rserrno.o(.text)
    __set_errno                              0x08000573   Thumb Code    12  _rserrno.o(.text)
    __aeabi_memclr                           0x0800057f   Thumb Code     0  rt_memclr.o(.text)
    __rt_memclr                              0x0800057f   Thumb Code    68  rt_memclr.o(.text)
    _memset                                  0x08000583   Thumb Code     0  rt_memclr.o(.text)
    __aeabi_errno_addr                       0x080005c5   Thumb Code     8  rt_errno_addr_intlibspace.o(.text)
    __errno$intlibspace                      0x080005c5   Thumb Code     0  rt_errno_addr_intlibspace.o(.text)
    __rt_errno_addr$intlibspace              0x080005c5   Thumb Code     0  rt_errno_addr_intlibspace.o(.text)
    __user_libspace                          0x080005cd   Thumb Code     8  libspace.o(.text)
    __user_perproc_libspace                  0x080005cd   Thumb Code     0  libspace.o(.text)
    __user_perthread_libspace                0x080005cd   Thumb Code     0  libspace.o(.text)
    __user_setup_stackheap                   0x080005d5   Thumb Code    74  sys_stackheap_outer.o(.text)
    exit                                     0x0800061f   Thumb Code    18  exit.o(.text)
    _sys_exit                                0x08000631   Thumb Code     8  sys_exit.o(.text)
    __I$use$semihosting                      0x0800063d   Thumb Code     0  use_no_semi.o(.text)
    __use_no_semihosting_swi                 0x0800063d   Thumb Code     2  use_no_semi.o(.text)
    __semihosting_library_function           0x0800063f   Thumb Code     0  indicate_semi.o(.text)
    BusFault_Handler                         0x0800069d   Thumb Code     2  stm32f4xx_it.o(i.BusFault_Handler)
    CAN1_RX0_IRQHandler                      0x080006a1   Thumb Code     6  stm32f4xx_it.o(i.CAN1_RX0_IRQHandler)
    DMA1_Stream4_IRQHandler                  0x08000721   Thumb Code     6  stm32f4xx_it.o(i.DMA1_Stream4_IRQHandler)
    DMA1_Stream5_IRQHandler                  0x0800072d   Thumb Code     6  stm32f4xx_it.o(i.DMA1_Stream5_IRQHandler)
    DebugMon_Handler                         0x080007dd   Thumb Code     2  stm32f4xx_it.o(i.DebugMon_Handler)
    Error_Handler                            0x080007df   Thumb Code     4  main.o(i.Error_Handler)
    HAL_CAN_ActivateNotification             0x080007e3   Thumb Code    36  stm32f4xx_hal_can.o(i.HAL_CAN_ActivateNotification)
    HAL_CAN_AddTxMessage                     0x08000807   Thumb Code   208  stm32f4xx_hal_can.o(i.HAL_CAN_AddTxMessage)
    HAL_CAN_ConfigFilter                     0x080008d9   Thumb Code   262  stm32f4xx_hal_can.o(i.HAL_CAN_ConfigFilter)
    HAL_CAN_ErrorCallback                    0x080009e5   Thumb Code     2  stm32f4xx_hal_can.o(i.HAL_CAN_ErrorCallback)
    HAL_CAN_GetRxFifoFillLevel               0x080009e9   Thumb Code    34  stm32f4xx_hal_can.o(i.HAL_CAN_GetRxFifoFillLevel)
    HAL_CAN_GetRxMessage                     0x08000a0b   Thumb Code   244  stm32f4xx_hal_can.o(i.HAL_CAN_GetRxMessage)
    HAL_CAN_IRQHandler                       0x08000aff   Thumb Code   508  stm32f4xx_hal_can.o(i.HAL_CAN_IRQHandler)
    HAL_CAN_Init                             0x08000cfb   Thumb Code   282  stm32f4xx_hal_can.o(i.HAL_CAN_Init)
    HAL_CAN_MspInit                          0x08000e15   Thumb Code   110  can.o(i.HAL_CAN_MspInit)
    HAL_CAN_RxFifo0FullCallback              0x08000e91   Thumb Code     2  stm32f4xx_hal_can.o(i.HAL_CAN_RxFifo0FullCallback)
    HAL_CAN_RxFifo0MsgPendingCallback        0x08000e93   Thumb Code     4  movement_task.o(i.HAL_CAN_RxFifo0MsgPendingCallback)
    HAL_CAN_RxFifo1FullCallback              0x08000e97   Thumb Code     2  stm32f4xx_hal_can.o(i.HAL_CAN_RxFifo1FullCallback)
    HAL_CAN_RxFifo1MsgPendingCallback        0x08000e99   Thumb Code     2  stm32f4xx_hal_can.o(i.HAL_CAN_RxFifo1MsgPendingCallback)
    HAL_CAN_SleepCallback                    0x08000e9b   Thumb Code     2  stm32f4xx_hal_can.o(i.HAL_CAN_SleepCallback)
    HAL_CAN_Start                            0x08000e9d   Thumb Code    88  stm32f4xx_hal_can.o(i.HAL_CAN_Start)
    HAL_CAN_TxMailbox0AbortCallback          0x08000ef5   Thumb Code     2  stm32f4xx_hal_can.o(i.HAL_CAN_TxMailbox0AbortCallback)
    HAL_CAN_TxMailbox0CompleteCallback       0x08000ef7   Thumb Code     2  stm32f4xx_hal_can.o(i.HAL_CAN_TxMailbox0CompleteCallback)
    HAL_CAN_TxMailbox1AbortCallback          0x08000ef9   Thumb Code     2  stm32f4xx_hal_can.o(i.HAL_CAN_TxMailbox1AbortCallback)
    HAL_CAN_TxMailbox1CompleteCallback       0x08000efb   Thumb Code     2  stm32f4xx_hal_can.o(i.HAL_CAN_TxMailbox1CompleteCallback)
    HAL_CAN_TxMailbox2AbortCallback          0x08000efd   Thumb Code     2  stm32f4xx_hal_can.o(i.HAL_CAN_TxMailbox2AbortCallback)
    HAL_CAN_TxMailbox2CompleteCallback       0x08000eff   Thumb Code     2  stm32f4xx_hal_can.o(i.HAL_CAN_TxMailbox2CompleteCallback)
    HAL_CAN_WakeUpFromRxMsgCallback          0x08000f01   Thumb Code     2  stm32f4xx_hal_can.o(i.HAL_CAN_WakeUpFromRxMsgCallback)
    HAL_DMA_Abort                            0x08000f03   Thumb Code   146  stm32f4xx_hal_dma.o(i.HAL_DMA_Abort)
    HAL_DMA_Abort_IT                         0x08000f95   Thumb Code    36  stm32f4xx_hal_dma.o(i.HAL_DMA_Abort_IT)
    HAL_DMA_IRQHandler                       0x08000fb9   Thumb Code   412  stm32f4xx_hal_dma.o(i.HAL_DMA_IRQHandler)
    HAL_DMA_Init                             0x08001159   Thumb Code   206  stm32f4xx_hal_dma.o(i.HAL_DMA_Init)
    HAL_DMA_Start_IT                         0x0800122d   Thumb Code   110  stm32f4xx_hal_dma.o(i.HAL_DMA_Start_IT)
    HAL_GPIO_Init                            0x0800129d   Thumb Code   450  stm32f4xx_hal_gpio.o(i.HAL_GPIO_Init)
    HAL_GPIO_ReadPin                         0x0800148d   Thumb Code    10  stm32f4xx_hal_gpio.o(i.HAL_GPIO_ReadPin)
    HAL_GPIO_WritePin                        0x08001497   Thumb Code    10  stm32f4xx_hal_gpio.o(i.HAL_GPIO_WritePin)
    HAL_GetTick                              0x080014a1   Thumb Code     6  stm32f4xx_hal.o(i.HAL_GetTick)
    HAL_IncTick                              0x080014ad   Thumb Code    12  stm32f4xx_hal.o(i.HAL_IncTick)
    HAL_Init                                 0x080014bd   Thumb Code    48  stm32f4xx_hal.o(i.HAL_Init)
    HAL_InitTick                             0x080014f1   Thumb Code   120  stm32f4xx_hal_timebase_tim.o(i.HAL_InitTick)
    HAL_MspInit                              0x0800157d   Thumb Code    52  stm32f4xx_hal_msp.o(i.HAL_MspInit)
    HAL_NVIC_EnableIRQ                       0x080015b5   Thumb Code    26  stm32f4xx_hal_cortex.o(i.HAL_NVIC_EnableIRQ)
    HAL_NVIC_SetPriority                     0x080015d1   Thumb Code    60  stm32f4xx_hal_cortex.o(i.HAL_NVIC_SetPriority)
    HAL_NVIC_SetPriorityGrouping             0x08001611   Thumb Code    26  stm32f4xx_hal_cortex.o(i.HAL_NVIC_SetPriorityGrouping)
    HAL_RCC_ClockConfig                      0x08001635   Thumb Code   288  stm32f4xx_hal_rcc.o(i.HAL_RCC_ClockConfig)
    HAL_RCC_GetClockConfig                   0x08001769   Thumb Code    54  stm32f4xx_hal_rcc.o(i.HAL_RCC_GetClockConfig)
    HAL_RCC_GetPCLK1Freq                     0x080017a9   Thumb Code    20  stm32f4xx_hal_rcc.o(i.HAL_RCC_GetPCLK1Freq)
    HAL_RCC_GetPCLK2Freq                     0x080017c9   Thumb Code    20  stm32f4xx_hal_rcc.o(i.HAL_RCC_GetPCLK2Freq)
    HAL_RCC_GetSysClockFreq                  0x080017e9   Thumb Code    88  stm32f4xx_hal_rcc.o(i.HAL_RCC_GetSysClockFreq)
    HAL_RCC_OscConfig                        0x0800184d   Thumb Code   856  stm32f4xx_hal_rcc.o(i.HAL_RCC_OscConfig)
    HAL_TIMEx_BreakCallback                  0x08001bb9   Thumb Code     2  stm32f4xx_hal_tim_ex.o(i.HAL_TIMEx_BreakCallback)
    HAL_TIMEx_CommutCallback                 0x08001bbb   Thumb Code     2  stm32f4xx_hal_tim_ex.o(i.HAL_TIMEx_CommutCallback)
    HAL_TIM_Base_Init                        0x08001bbd   Thumb Code    90  stm32f4xx_hal_tim.o(i.HAL_TIM_Base_Init)
    HAL_TIM_Base_MspInit                     0x08001c17   Thumb Code     2  stm32f4xx_hal_tim.o(i.HAL_TIM_Base_MspInit)
    HAL_TIM_Base_Start_IT                    0x08001c19   Thumb Code   100  stm32f4xx_hal_tim.o(i.HAL_TIM_Base_Start_IT)
    HAL_TIM_IC_CaptureCallback               0x08001c99   Thumb Code     2  stm32f4xx_hal_tim.o(i.HAL_TIM_IC_CaptureCallback)
    HAL_TIM_IRQHandler                       0x08001c9b   Thumb Code   304  stm32f4xx_hal_tim.o(i.HAL_TIM_IRQHandler)
    HAL_TIM_OC_DelayElapsedCallback          0x08001dcb   Thumb Code     2  stm32f4xx_hal_tim.o(i.HAL_TIM_OC_DelayElapsedCallback)
    HAL_TIM_PWM_PulseFinishedCallback        0x08001dcd   Thumb Code     2  stm32f4xx_hal_tim.o(i.HAL_TIM_PWM_PulseFinishedCallback)
    HAL_TIM_PeriodElapsedCallback            0x08001dd1   Thumb Code    14  main.o(i.HAL_TIM_PeriodElapsedCallback)
    HAL_TIM_TriggerCallback                  0x08001de5   Thumb Code     2  stm32f4xx_hal_tim.o(i.HAL_TIM_TriggerCallback)
    HAL_UARTEx_ReceiveToIdle_DMA             0x08001de7   Thumb Code    74  stm32f4xx_hal_uart.o(i.HAL_UARTEx_ReceiveToIdle_DMA)
    HAL_UARTEx_RxEventCallback               0x08001e31   Thumb Code    56  remote_control_task.o(i.HAL_UARTEx_RxEventCallback)
    HAL_UART_ErrorCallback                   0x08001e75   Thumb Code     2  stm32f4xx_hal_uart.o(i.HAL_UART_ErrorCallback)
    HAL_UART_IRQHandler                      0x08001e79   Thumb Code   636  stm32f4xx_hal_uart.o(i.HAL_UART_IRQHandler)
    HAL_UART_Init                            0x080020f9   Thumb Code   100  stm32f4xx_hal_uart.o(i.HAL_UART_Init)
    HAL_UART_MspInit                         0x0800215d   Thumb Code   282  usart.o(i.HAL_UART_MspInit)
    HAL_UART_RxCpltCallback                  0x08002295   Thumb Code     2  stm32f4xx_hal_uart.o(i.HAL_UART_RxCpltCallback)
    HAL_UART_RxHalfCpltCallback              0x08002297   Thumb Code     2  stm32f4xx_hal_uart.o(i.HAL_UART_RxHalfCpltCallback)
    HAL_UART_Transmit                        0x08002299   Thumb Code   160  stm32f4xx_hal_uart.o(i.HAL_UART_Transmit)
    HAL_UART_TxCpltCallback                  0x08002339   Thumb Code     2  stm32f4xx_hal_uart.o(i.HAL_UART_TxCpltCallback)
    HardFault_Handler                        0x0800233b   Thumb Code     2  stm32f4xx_it.o(i.HardFault_Handler)
    M3508_GetFeedback                        0x080024b5   Thumb Code    38  m3508.o(i.M3508_GetFeedback)
    M3508_Init                               0x080024e1   Thumb Code   122  m3508.o(i.M3508_Init)
    M3508_RxCallback                         0x08002565   Thumb Code   104  m3508.o(i.M3508_RxCallback)
    M3508_SendAll                            0x080025d1   Thumb Code   166  m3508.o(i.M3508_SendAll)
    M3508_SetCurrent                         0x08002681   Thumb Code    30  m3508.o(i.M3508_SetCurrent)
    MT6701_Init                              0x080026a5   Thumb Code    28  mt6701.o(i.MT6701_Init)
    MT6701_ReadAngle                         0x080026c5   Thumb Code    68  mt6701.o(i.MT6701_ReadAngle)
    MX_CAN1_Init                             0x0800270d   Thumb Code    60  can.o(i.MX_CAN1_Init)
    MX_DMA_Init                              0x08002751   Thumb Code    56  dma.o(i.MX_DMA_Init)
    MX_FREERTOS_Init                         0x0800278d   Thumb Code    96  freertos.o(i.MX_FREERTOS_Init)
    MX_GPIO_Init                             0x08002805   Thumb Code   236  gpio.o(i.MX_GPIO_Init)
    MX_UART4_Init                            0x08002905   Thumb Code    48  usart.o(i.MX_UART4_Init)
    MX_USART2_UART_Init                      0x0800293d   Thumb Code    50  usart.o(i.MX_USART2_UART_Init)
    MemManage_Handler                        0x0800297d   Thumb Code     2  stm32f4xx_it.o(i.MemManage_Handler)
    Motor_Movement                           0x08002981   Thumb Code    54  movement_task.o(i.Motor_Movement)
    Movement_Init                            0x080029bd   Thumb Code    32  movement_task.o(i.Movement_Init)
    NMI_Handler                              0x080029e9   Thumb Code     2  stm32f4xx_it.o(i.NMI_Handler)
    PID_Reset                                0x08002ae9   Thumb Code    18  steering_chassis.o(i.PID_Reset)
    Receive_and_Process_Signal               0x08002d15   Thumb Code   156  remote_control_task.o(i.Receive_and_Process_Signal)
    RemoteControlTask_Init                   0x08002dbd   Thumb Code     6  remote_control_task.o(i.RemoteControlTask_Init)
    RemoteControl_GetState                   0x08002dc9   Thumb Code    28  remote_control.o(i.RemoteControl_GetState)
    RemoteControl_IdleCallback               0x08002de9   Thumb Code   136  remote_control.o(i.RemoteControl_IdleCallback)
    RemoteControl_Init                       0x08002e79   Thumb Code    66  remote_control.o(i.RemoteControl_Init)
    RemoteControl_IsConnected                0x08002ec5   Thumb Code    36  remote_control.o(i.RemoteControl_IsConnected)
    RemoteControl_LossProtectionTick         0x08002eed   Thumb Code    64  remote_control.o(i.RemoteControl_LossProtectionTick)
    SoftI2C_DelayUs                          0x08002f6d   Thumb Code    72  soft_i2c.o(i.SoftI2C_DelayUs)
    SoftI2C_Init                             0x08002fc9   Thumb Code    46  soft_i2c.o(i.SoftI2C_Init)
    SoftI2C_ReadByte                         0x08002ff7   Thumb Code    88  soft_i2c.o(i.SoftI2C_ReadByte)
    SoftI2C_ReadRegs                         0x08003051   Thumb Code   148  soft_i2c.o(i.SoftI2C_ReadRegs)
    SoftI2C_SendAck                          0x080030e5   Thumb Code    66  soft_i2c.o(i.SoftI2C_SendAck)
    SoftI2C_SendNack                         0x08003127   Thumb Code    56  soft_i2c.o(i.SoftI2C_SendNack)
    SoftI2C_Start                            0x0800315f   Thumb Code    72  soft_i2c.o(i.SoftI2C_Start)
    SoftI2C_Stop                             0x080031a7   Thumb Code    56  soft_i2c.o(i.SoftI2C_Stop)
    SoftI2C_WaitAck                          0x080031df   Thumb Code    92  soft_i2c.o(i.SoftI2C_WaitAck)
    SoftI2C_WriteByte                        0x0800323b   Thumb Code    78  soft_i2c.o(i.SoftI2C_WriteByte)
    StartDefaultTask                         0x08003289   Thumb Code     8  freertos.o(i.StartDefaultTask)
    SteeringChassis_ControlLoop              0x08003291   Thumb Code   416  steering_chassis.o(i.SteeringChassis_ControlLoop)
    SteeringChassis_EmergencyStop            0x08003449   Thumb Code   100  steering_chassis.o(i.SteeringChassis_EmergencyStop)
    SteeringChassis_GetState                 0x080034b9   Thumb Code     6  steering_chassis.o(i.SteeringChassis_GetState)
    SteeringChassis_GetWheelDebug            0x080034c5   Thumb Code    74  steering_chassis.o(i.SteeringChassis_GetWheelDebug)
    SteeringChassis_Init                     0x08003515   Thumb Code   572  steering_chassis.o(i.SteeringChassis_Init)
    SteeringChassis_IsEncoderHealthy         0x08003781   Thumb Code    52  steering_chassis.o(i.SteeringChassis_IsEncoderHealthy)
    SteeringChassis_Recover                  0x080037bd   Thumb Code    16  steering_chassis.o(i.SteeringChassis_Recover)
    SteeringChassis_SetVelocity              0x080037d1   Thumb Code     8  steering_chassis.o(i.SteeringChassis_SetVelocity)
    SysTick_Handler                          0x080037dd   Thumb Code    26  cmsis_os2.o(i.SysTick_Handler)
    SystemClock_Config                       0x080037f9   Thumb Code   140  main.o(i.SystemClock_Config)
    SystemInit                               0x0800388d   Thumb Code    12  system_stm32f4xx.o(i.SystemInit)
    TIM1_UP_TIM10_IRQHandler                 0x0800389d   Thumb Code     6  stm32f4xx_it.o(i.TIM1_UP_TIM10_IRQHandler)
    TIM_Base_SetConfig                       0x080038a9   Thumb Code   164  stm32f4xx_hal_tim.o(i.TIM_Base_SetConfig)
    UART4_IRQHandler                         0x08003979   Thumb Code     6  stm32f4xx_it.o(i.UART4_IRQHandler)
    UART_Start_Receive_DMA                   0x08003cb9   Thumb Code   146  stm32f4xx_hal_uart.o(i.UART_Start_Receive_DMA)
    USART2_IRQHandler                        0x08003dcd   Thumb Code     6  stm32f4xx_it.o(i.USART2_IRQHandler)
    UsageFault_Handler                       0x08003dd9   Thumb Code     2  stm32f4xx_it.o(i.UsageFault_Handler)
    Vofa_Debugging_Transmition               0x08003ddd   Thumb Code    38  vofa_transmit_task.o(i.Vofa_Debugging_Transmition)
    Vofa_SendJustFloat                       0x08003e09   Thumb Code    74  vofa_send.o(i.Vofa_SendJustFloat)
    Vofa_SendWheelDebug                      0x08003e53   Thumb Code   146  vofa_send.o(i.Vofa_SendWheelDebug)
    __ARM_fpclassifyf                        0x08003f19   Thumb Code    38  fpclassifyf.o(i.__ARM_fpclassifyf)
    __hardfp_atan2f                          0x08003f61   Thumb Code   594  atan2f.o(i.__hardfp_atan2f)
    __hardfp_sqrtf                           0x0800420d   Thumb Code    58  sqrtf.o(i.__hardfp_sqrtf)
    __mathlib_flt_infnan2                    0x08004247   Thumb Code     6  funder.o(i.__mathlib_flt_infnan2)
    __mathlib_flt_underflow                  0x0800424d   Thumb Code    10  funder.o(i.__mathlib_flt_underflow)
    main                                     0x0800425d   Thumb Code    42  main.o(i.main)
    osDelay                                  0x08004287   Thumb Code    26  cmsis_os2.o(i.osDelay)
    osKernelInitialize                       0x080042a1   Thumb Code    32  cmsis_os2.o(i.osKernelInitialize)
    osKernelStart                            0x080042c5   Thumb Code    48  cmsis_os2.o(i.osKernelStart)
    osMessageQueueGet                        0x080042fd   Thumb Code    96  cmsis_os2.o(i.osMessageQueueGet)
    osMessageQueueNew                        0x08004361   Thumb Code    88  cmsis_os2.o(i.osMessageQueueNew)
    osMessageQueuePut                        0x080043b9   Thumb Code   100  cmsis_os2.o(i.osMessageQueuePut)
    osSemaphoreAcquire                       0x08004421   Thumb Code    88  cmsis_os2.o(i.osSemaphoreAcquire)
    osSemaphoreNew                           0x0800447d   Thumb Code   152  cmsis_os2.o(i.osSemaphoreNew)
    osThreadNew                              0x08004515   Thumb Code   138  cmsis_os2.o(i.osThreadNew)
    pvPortMalloc                             0x08004d35   Thumb Code   216  heap_4.o(i.pvPortMalloc)
    pvTaskIncrementMutexHeldCount            0x08004e11   Thumb Code    18  tasks.o(i.pvTaskIncrementMutexHeldCount)
    pxPortInitialiseStack                    0x08004e29   Thumb Code    40  port.o(i.pxPortInitialiseStack)
    uxListRemove                             0x08004e55   Thumb Code    38  list.o(i.uxListRemove)
    vApplicationGetIdleTaskMemory            0x08004e7d   Thumb Code    16  cmsis_os2.o(i.vApplicationGetIdleTaskMemory)
    vApplicationGetTimerTaskMemory           0x08004e91   Thumb Code    18  cmsis_os2.o(i.vApplicationGetTimerTaskMemory)
    vListInitialise                          0x08004ea9   Thumb Code    22  list.o(i.vListInitialise)
    vListInitialiseItem                      0x08004ebf   Thumb Code     6  list.o(i.vListInitialiseItem)
    vListInsert                              0x08004ec5   Thumb Code    48  list.o(i.vListInsert)
    vListInsertEnd                           0x08004ef5   Thumb Code    24  list.o(i.vListInsertEnd)
    vPortEnterCritical                       0x08004f0d   Thumb Code    54  port.o(i.vPortEnterCritical)
    vPortExitCritical                        0x08004f4d   Thumb Code    34  port.o(i.vPortExitCritical)
    vPortFree                                0x08004f75   Thumb Code    94  heap_4.o(i.vPortFree)
    vPortSetupTimerInterrupt                 0x08004fd9   Thumb Code    32  port.o(i.vPortSetupTimerInterrupt)
    vPortValidateInterruptPriority           0x08004ffd   Thumb Code    74  port.o(i.vPortValidateInterruptPriority)
    vQueueAddToRegistry                      0x08005051   Thumb Code    34  queue.o(i.vQueueAddToRegistry)
    vQueueDelete                             0x08005079   Thumb Code    46  queue.o(i.vQueueDelete)
    vQueueUnregisterQueue                    0x080050a9   Thumb Code    36  queue.o(i.vQueueUnregisterQueue)
    vQueueWaitForMessageRestricted           0x080050d1   Thumb Code    68  queue.o(i.vQueueWaitForMessageRestricted)
    vTaskDelay                               0x08005115   Thumb Code    66  tasks.o(i.vTaskDelay)
    vTaskDelayUntil                          0x08005161   Thumb Code   132  tasks.o(i.vTaskDelayUntil)
    vTaskInternalSetTimeOutState             0x080051ed   Thumb Code    12  tasks.o(i.vTaskInternalSetTimeOutState)
    vTaskMissedYield                         0x080051fd   Thumb Code     8  tasks.o(i.vTaskMissedYield)
    vTaskPlaceOnEventList                    0x08005209   Thumb Code    44  tasks.o(i.vTaskPlaceOnEventList)
    vTaskPlaceOnEventListRestricted          0x08005239   Thumb Code    52  tasks.o(i.vTaskPlaceOnEventListRestricted)
    vTaskPriorityDisinheritAfterTimeout      0x08005271   Thumb Code   134  tasks.o(i.vTaskPriorityDisinheritAfterTimeout)
    vTaskStartScheduler                      0x08005301   Thumb Code   118  tasks.o(i.vTaskStartScheduler)
    vTaskSuspendAll                          0x08005389   Thumb Code    10  tasks.o(i.vTaskSuspendAll)
    vTaskSwitchContext                       0x08005399   Thumb Code    90  tasks.o(i.vTaskSwitchContext)
    xPortStartScheduler                      0x080053fd   Thumb Code   222  port.o(i.xPortStartScheduler)
    xPortSysTickHandler                      0x080054f1   Thumb Code    38  port.o(i.xPortSysTickHandler)
    xQueueCreateCountingSemaphore            0x0800551d   Thumb Code    58  queue.o(i.xQueueCreateCountingSemaphore)
    xQueueCreateCountingSemaphoreStatic      0x08005557   Thumb Code    64  queue.o(i.xQueueCreateCountingSemaphoreStatic)
    xQueueGenericCreate                      0x08005597   Thumb Code    66  queue.o(i.xQueueGenericCreate)
    xQueueGenericCreateStatic                0x080055d9   Thumb Code   102  queue.o(i.xQueueGenericCreateStatic)
    xQueueGenericReset                       0x08005641   Thumb Code   132  queue.o(i.xQueueGenericReset)
    xQueueGenericSend                        0x080056c9   Thumb Code   346  queue.o(i.xQueueGenericSend)
    xQueueGenericSendFromISR                 0x08005829   Thumb Code   190  queue.o(i.xQueueGenericSendFromISR)
    xQueueGiveFromISR                        0x080058e7   Thumb Code   156  queue.o(i.xQueueGiveFromISR)
    xQueueReceive                            0x08005985   Thumb Code   308  queue.o(i.xQueueReceive)
    xQueueReceiveFromISR                     0x08005abd   Thumb Code   154  queue.o(i.xQueueReceiveFromISR)
    xQueueSemaphoreTake                      0x08005b59   Thumb Code   372  queue.o(i.xQueueSemaphoreTake)
    xTaskCheckForTimeOut                     0x08005cd1   Thumb Code   112  tasks.o(i.xTaskCheckForTimeOut)
    xTaskCreate                              0x08005d45   Thumb Code    90  tasks.o(i.xTaskCreate)
    xTaskCreateStatic                        0x08005d9f   Thumb Code    86  tasks.o(i.xTaskCreateStatic)
    xTaskGetSchedulerState                   0x08005df5   Thumb Code    22  tasks.o(i.xTaskGetSchedulerState)
    xTaskGetTickCount                        0x08005e11   Thumb Code     6  tasks.o(i.xTaskGetTickCount)
    xTaskIncrementTick                       0x08005e1d   Thumb Code   192  tasks.o(i.xTaskIncrementTick)
    xTaskPriorityDisinherit                  0x08005ee5   Thumb Code   118  tasks.o(i.xTaskPriorityDisinherit)
    xTaskPriorityInherit                     0x08005f65   Thumb Code   112  tasks.o(i.xTaskPriorityInherit)
    xTaskRemoveFromEventList                 0x08005fdd   Thumb Code    98  tasks.o(i.xTaskRemoveFromEventList)
    xTaskResumeAll                           0x0800604d   Thumb Code   182  tasks.o(i.xTaskResumeAll)
    xTimerCreateTimerTask                    0x08006111   Thumb Code    78  timers.o(i.xTimerCreateTimerTask)
    xTimerGenericCommand                     0x08006171   Thumb Code    98  timers.o(i.xTimerGenericCommand)
    _fp_init                                 0x080061d9   Thumb Code    10  fpinit.o(x$fpl$fpinit)
    __fplib_config_fpu_vfp                   0x080061e1   Thumb Code     0  fpinit.o(x$fpl$fpinit)
    __fplib_config_pureend_doubles           0x080061e1   Thumb Code     0  fpinit.o(x$fpl$fpinit)
    __I$use$fp                               0x080061e2   Number         0  usenofp.o(x$fpl$usenofp)
    defaultTask_attributes                   0x080061e4   Data          36  freertos.o(.constdata)
    Receive_Handle_attributes                0x08006208   Data          36  freertos.o(.constdata)
    Movement_Handle_attributes               0x0800622c   Data          36  freertos.o(.constdata)
    Vofa_Transmit_attributes                 0x08006250   Data          36  freertos.o(.constdata)
    Signal_Queue_attributes                  0x08006274   Data          24  freertos.o(.constdata)
    DbusReady_attributes                     0x0800628c   Data          16  freertos.o(.constdata)
    AHBPrescTable                            0x0800633c   Data          16  system_stm32f4xx.o(.constdata)
    APBPrescTable                            0x0800634c   Data           8  system_stm32f4xx.o(.constdata)
    Region$$Table$$Base                      0x080063ac   Number         0  anon$$obj.o(Region$$Table)
    Region$$Table$$Limit                     0x080063cc   Number         0  anon$$obj.o(Region$$Table)
    defaultTaskHandle                        0x20000000   Data           4  freertos.o(.data)
    Receive_HandleHandle                     0x20000004   Data           4  freertos.o(.data)
    Movement_HandleHandle                    0x20000008   Data           4  freertos.o(.data)
    Vofa_TransmitHandle                      0x2000000c   Data           4  freertos.o(.data)
    Signal_QueueHandle                       0x20000010   Data           4  freertos.o(.data)
    DbusReadyHandle                          0x20000014   Data           4  freertos.o(.data)
    bus1                                     0x20000028   Data          16  soft_i2c.o(.data)
    bus2                                     0x20000038   Data          16  soft_i2c.o(.data)
    bus3                                     0x20000048   Data          16  soft_i2c.o(.data)
    bus4                                     0x20000058   Data          16  soft_i2c.o(.data)
    uwTickFreq                               0x20000088   Data           1  stm32f4xx_hal.o(.data)
    uwTickPrio                               0x2000008c   Data           4  stm32f4xx_hal.o(.data)
    uwTick                                   0x20000090   Data           4  stm32f4xx_hal.o(.data)
    SystemCoreClock                          0x20000094   Data           4  system_stm32f4xx.o(.data)
    pxCurrentTCB                             0x20000098   Data           4  tasks.o(.data)
    hcan1                                    0x20000118   Data          40  can.o(.bss)
    huart4                                   0x20000140   Data          72  usart.o(.bss)
    huart2                                   0x20000188   Data          72  usart.o(.bss)
    hdma_uart4_tx                            0x200001d0   Data          96  usart.o(.bss)
    hdma_usart2_rx                           0x20000230   Data          96  usart.o(.bss)
    htim1                                    0x20000290   Data          72  stm32f4xx_hal_timebase_tim.o(.bss)
    xQueueRegistry                           0x200006c0   Data          64  queue.o(.bss)
    __libspace_start                         0x20004f94   Data          96  libspace.o(.bss)
    __temporary_stack_top$libspace           0x20004ff4   Data           0  libspace.o(.bss)



==============================================================================

Memory Map of the image

  Image Entry point : 0x08000189

  Load Region LR_IROM1 (Base: 0x08000000, Size: 0x000064e4, Max: 0x00100000, ABSOLUTE)

    Execution Region ER_IROM1 (Exec base: 0x08000000, Load base: 0x08000000, Size: 0x000063cc, Max: 0x00100000, ABSOLUTE)

    Exec Addr    Load Addr    Size         Type   Attr      Idx    E Section Name        Object

    0x08000000   0x08000000   0x00000188   Data   RO            3    RESET               startup_stm32f405xx.o
    0x08000188   0x08000188   0x00000008   Code   RO         5713  * !!!main             c_w.l(__main.o)
    0x08000190   0x08000190   0x00000034   Code   RO         5932    !!!scatter          c_w.l(__scatter.o)
    0x080001c4   0x080001c4   0x0000001a   Code   RO         5934    !!handler_copy      c_w.l(__scatter_copy.o)
    0x080001de   0x080001de   0x00000002   PAD
    0x080001e0   0x080001e0   0x0000001c   Code   RO         5936    !!handler_zi        c_w.l(__scatter_zi.o)
    0x080001fc   0x080001fc   0x00000002   Code   RO         5803    .ARM.Collect$$libinit$$00000000  c_w.l(libinit.o)
    0x080001fe   0x080001fe   0x00000004   Code   RO         5812    .ARM.Collect$$libinit$$00000001  c_w.l(libinit2.o)
    0x08000202   0x08000202   0x00000000   Code   RO         5815    .ARM.Collect$$libinit$$00000004  c_w.l(libinit2.o)
    0x08000202   0x08000202   0x00000000   Code   RO         5818    .ARM.Collect$$libinit$$0000000A  c_w.l(libinit2.o)
    0x08000202   0x08000202   0x00000000   Code   RO         5820    .ARM.Collect$$libinit$$0000000C  c_w.l(libinit2.o)
    0x08000202   0x08000202   0x00000000   Code   RO         5822    .ARM.Collect$$libinit$$0000000E  c_w.l(libinit2.o)
    0x08000202   0x08000202   0x00000000   Code   RO         5825    .ARM.Collect$$libinit$$00000011  c_w.l(libinit2.o)
    0x08000202   0x08000202   0x00000000   Code   RO         5827    .ARM.Collect$$libinit$$00000013  c_w.l(libinit2.o)
    0x08000202   0x08000202   0x00000000   Code   RO         5829    .ARM.Collect$$libinit$$00000015  c_w.l(libinit2.o)
    0x08000202   0x08000202   0x00000000   Code   RO         5831    .ARM.Collect$$libinit$$00000017  c_w.l(libinit2.o)
    0x08000202   0x08000202   0x00000000   Code   RO         5833    .ARM.Collect$$libinit$$00000019  c_w.l(libinit2.o)
    0x08000202   0x08000202   0x00000000   Code   RO         5835    .ARM.Collect$$libinit$$0000001B  c_w.l(libinit2.o)
    0x08000202   0x08000202   0x00000000   Code   RO         5837    .ARM.Collect$$libinit$$0000001D  c_w.l(libinit2.o)
    0x08000202   0x08000202   0x00000000   Code   RO         5839    .ARM.Collect$$libinit$$0000001F  c_w.l(libinit2.o)
    0x08000202   0x08000202   0x00000000   Code   RO         5841    .ARM.Collect$$libinit$$00000021  c_w.l(libinit2.o)
    0x08000202   0x08000202   0x00000000   Code   RO         5843    .ARM.Collect$$libinit$$00000023  c_w.l(libinit2.o)
    0x08000202   0x08000202   0x00000000   Code   RO         5845    .ARM.Collect$$libinit$$00000025  c_w.l(libinit2.o)
    0x08000202   0x08000202   0x00000000   Code   RO         5849    .ARM.Collect$$libinit$$0000002C  c_w.l(libinit2.o)
    0x08000202   0x08000202   0x00000000   Code   RO         5851    .ARM.Collect$$libinit$$0000002E  c_w.l(libinit2.o)
    0x08000202   0x08000202   0x00000000   Code   RO         5853    .ARM.Collect$$libinit$$00000030  c_w.l(libinit2.o)
    0x08000202   0x08000202   0x00000000   Code   RO         5855    .ARM.Collect$$libinit$$00000032  c_w.l(libinit2.o)
    0x08000202   0x08000202   0x00000002   Code   RO         5856    .ARM.Collect$$libinit$$00000033  c_w.l(libinit2.o)
    0x08000204   0x08000204   0x00000002   Code   RO         5887    .ARM.Collect$$libshutdown$$00000000  c_w.l(libshutdown.o)
    0x08000206   0x08000206   0x00000000   Code   RO         5913    .ARM.Collect$$libshutdown$$00000002  c_w.l(libshutdown2.o)
    0x08000206   0x08000206   0x00000000   Code   RO         5915    .ARM.Collect$$libshutdown$$00000004  c_w.l(libshutdown2.o)
    0x08000206   0x08000206   0x00000000   Code   RO         5917    .ARM.Collect$$libshutdown$$00000006  c_w.l(libshutdown2.o)
    0x08000206   0x08000206   0x00000000   Code   RO         5920    .ARM.Collect$$libshutdown$$00000009  c_w.l(libshutdown2.o)
    0x08000206   0x08000206   0x00000000   Code   RO         5923    .ARM.Collect$$libshutdown$$0000000C  c_w.l(libshutdown2.o)
    0x08000206   0x08000206   0x00000000   Code   RO         5925    .ARM.Collect$$libshutdown$$0000000E  c_w.l(libshutdown2.o)
    0x08000206   0x08000206   0x00000000   Code   RO         5928    .ARM.Collect$$libshutdown$$00000011  c_w.l(libshutdown2.o)
    0x08000206   0x08000206   0x00000002   Code   RO         5929    .ARM.Collect$$libshutdown$$00000012  c_w.l(libshutdown2.o)
    0x08000208   0x08000208   0x00000000   Code   RO         5739    .ARM.Collect$$rtentry$$00000000  c_w.l(__rtentry.o)
    0x08000208   0x08000208   0x00000000   Code   RO         5766    .ARM.Collect$$rtentry$$00000002  c_w.l(__rtentry2.o)
    0x08000208   0x08000208   0x00000006   Code   RO         5778    .ARM.Collect$$rtentry$$00000004  c_w.l(__rtentry4.o)
    0x0800020e   0x0800020e   0x00000000   Code   RO         5768    .ARM.Collect$$rtentry$$00000009  c_w.l(__rtentry2.o)
    0x0800020e   0x0800020e   0x00000004   Code   RO         5769    .ARM.Collect$$rtentry$$0000000A  c_w.l(__rtentry2.o)
    0x08000212   0x08000212   0x00000000   Code   RO         5771    .ARM.Collect$$rtentry$$0000000C  c_w.l(__rtentry2.o)
    0x08000212   0x08000212   0x00000008   Code   RO         5772    .ARM.Collect$$rtentry$$0000000D  c_w.l(__rtentry2.o)
    0x0800021a   0x0800021a   0x00000002   Code   RO         5804    .ARM.Collect$$rtexit$$00000000  c_w.l(rtexit.o)
    0x0800021c   0x0800021c   0x00000000   Code   RO         5860    .ARM.Collect$$rtexit$$00000002  c_w.l(rtexit2.o)
    0x0800021c   0x0800021c   0x00000004   Code   RO         5861    .ARM.Collect$$rtexit$$00000003  c_w.l(rtexit2.o)
    0x08000220   0x08000220   0x00000006   Code   RO         5862    .ARM.Collect$$rtexit$$00000004  c_w.l(rtexit2.o)
    0x08000226   0x08000226   0x00000002   PAD
    0x08000228   0x08000228   0x000000be   Code   RO         5620    .emb_text           port.o
    0x080002e6   0x080002e6   0x00000002   PAD
    0x080002e8   0x080002e8   0x00000040   Code   RO            4    .text               startup_stm32f405xx.o
    0x08000328   0x08000328   0x000000ee   Code   RO         5699    .text               c_w.l(lludivv7m.o)
    0x08000416   0x08000416   0x0000008a   Code   RO         5701    .text               c_w.l(rt_memcpy_v6.o)
    0x080004a0   0x080004a0   0x00000064   Code   RO         5703    .text               c_w.l(rt_memcpy_w.o)
    0x08000504   0x08000504   0x00000010   Code   RO         5707    .text               c_w.l(aeabi_memset.o)
    0x08000514   0x08000514   0x0000004e   Code   RO         5709    .text               c_w.l(rt_memclr_w.o)
    0x08000562   0x08000562   0x00000006   Code   RO         5711    .text               c_w.l(heapauxi.o)
    0x08000568   0x08000568   0x00000016   Code   RO         5744    .text               c_w.l(_rserrno.o)
    0x0800057e   0x0800057e   0x00000044   Code   RO         5746    .text               c_w.l(rt_memclr.o)
    0x080005c2   0x080005c2   0x00000002   PAD
    0x080005c4   0x080005c4   0x00000008   Code   RO         5785    .text               c_w.l(rt_errno_addr_intlibspace.o)
    0x080005cc   0x080005cc   0x00000008   Code   RO         5787    .text               c_w.l(libspace.o)
    0x080005d4   0x080005d4   0x0000004a   Code   RO         5790    .text               c_w.l(sys_stackheap_outer.o)
    0x0800061e   0x0800061e   0x00000012   Code   RO         5792    .text               c_w.l(exit.o)
    0x08000630   0x08000630   0x0000000c   Code   RO         5857    .text               c_w.l(sys_exit.o)
    0x0800063c   0x0800063c   0x00000002   Code   RO         5876    .text               c_w.l(use_no_semi.o)
    0x0800063e   0x0800063e   0x00000000   Code   RO         5878    .text               c_w.l(indicate_semi.o)
    0x0800063e   0x0800063e   0x00000002   PAD
    0x08000640   0x08000640   0x0000005c   Code   RO         1045    i.ApplyCurrentRamp  steering_chassis.o
    0x0800069c   0x0800069c   0x00000002   Code   RO          419    i.BusFault_Handler  stm32f4xx_it.o
    0x0800069e   0x0800069e   0x00000002   PAD
    0x080006a0   0x080006a0   0x0000000c   Code   RO          420    i.CAN1_RX0_IRQHandler  stm32f4xx_it.o
    0x080006ac   0x080006ac   0x00000074   Code   RO         1046    i.ComputeSteerPID   steering_chassis.o
    0x08000720   0x08000720   0x0000000c   Code   RO          421    i.DMA1_Stream4_IRQHandler  stm32f4xx_it.o
    0x0800072c   0x0800072c   0x0000000c   Code   RO          422    i.DMA1_Stream5_IRQHandler  stm32f4xx_it.o
    0x08000738   0x08000738   0x00000028   Code   RO         2859    i.DMA_CalcBaseAndBitshift  stm32f4xx_hal_dma.o
    0x08000760   0x08000760   0x00000054   Code   RO         2860    i.DMA_CheckFifoParam  stm32f4xx_hal_dma.o
    0x080007b4   0x080007b4   0x00000028   Code   RO         2861    i.DMA_SetConfig     stm32f4xx_hal_dma.o
    0x080007dc   0x080007dc   0x00000002   Code   RO          423    i.DebugMon_Handler  stm32f4xx_it.o
    0x080007de   0x080007de   0x00000004   Code   RO           13    i.Error_Handler     main.o
    0x080007e2   0x080007e2   0x00000024   Code   RO         2167    i.HAL_CAN_ActivateNotification  stm32f4xx_hal_can.o
    0x08000806   0x08000806   0x000000d0   Code   RO         2168    i.HAL_CAN_AddTxMessage  stm32f4xx_hal_can.o
    0x080008d6   0x080008d6   0x00000002   PAD
    0x080008d8   0x080008d8   0x0000010c   Code   RO         2169    i.HAL_CAN_ConfigFilter  stm32f4xx_hal_can.o
    0x080009e4   0x080009e4   0x00000002   Code   RO         2172    i.HAL_CAN_ErrorCallback  stm32f4xx_hal_can.o
    0x080009e6   0x080009e6   0x00000002   PAD
    0x080009e8   0x080009e8   0x00000022   Code   RO         2174    i.HAL_CAN_GetRxFifoFillLevel  stm32f4xx_hal_can.o
    0x08000a0a   0x08000a0a   0x000000f4   Code   RO         2175    i.HAL_CAN_GetRxMessage  stm32f4xx_hal_can.o
    0x08000afe   0x08000afe   0x000001fc   Code   RO         2179    i.HAL_CAN_IRQHandler  stm32f4xx_hal_can.o
    0x08000cfa   0x08000cfa   0x0000011a   Code   RO         2180    i.HAL_CAN_Init      stm32f4xx_hal_can.o
    0x08000e14   0x08000e14   0x0000007c   Code   RO          306    i.HAL_CAN_MspInit   can.o
    0x08000e90   0x08000e90   0x00000002   Code   RO         2187    i.HAL_CAN_RxFifo0FullCallback  stm32f4xx_hal_can.o
    0x08000e92   0x08000e92   0x00000004   Code   RO          996    i.HAL_CAN_RxFifo0MsgPendingCallback  movement_task.o
    0x08000e96   0x08000e96   0x00000002   Code   RO         2189    i.HAL_CAN_RxFifo1FullCallback  stm32f4xx_hal_can.o
    0x08000e98   0x08000e98   0x00000002   Code   RO         2190    i.HAL_CAN_RxFifo1MsgPendingCallback  stm32f4xx_hal_can.o
    0x08000e9a   0x08000e9a   0x00000002   Code   RO         2191    i.HAL_CAN_SleepCallback  stm32f4xx_hal_can.o
    0x08000e9c   0x08000e9c   0x00000058   Code   RO         2192    i.HAL_CAN_Start     stm32f4xx_hal_can.o
    0x08000ef4   0x08000ef4   0x00000002   Code   RO         2194    i.HAL_CAN_TxMailbox0AbortCallback  stm32f4xx_hal_can.o
    0x08000ef6   0x08000ef6   0x00000002   Code   RO         2195    i.HAL_CAN_TxMailbox0CompleteCallback  stm32f4xx_hal_can.o
    0x08000ef8   0x08000ef8   0x00000002   Code   RO         2196    i.HAL_CAN_TxMailbox1AbortCallback  stm32f4xx_hal_can.o
    0x08000efa   0x08000efa   0x00000002   Code   RO         2197    i.HAL_CAN_TxMailbox1CompleteCallback  stm32f4xx_hal_can.o
    0x08000efc   0x08000efc   0x00000002   Code   RO         2198    i.HAL_CAN_TxMailbox2AbortCallback  stm32f4xx_hal_can.o
    0x08000efe   0x08000efe   0x00000002   Code   RO         2199    i.HAL_CAN_TxMailbox2CompleteCallback  stm32f4xx_hal_can.o
    0x08000f00   0x08000f00   0x00000002   Code   RO         2201    i.HAL_CAN_WakeUpFromRxMsgCallback  stm32f4xx_hal_can.o
    0x08000f02   0x08000f02   0x00000092   Code   RO         2862    i.HAL_DMA_Abort     stm32f4xx_hal_dma.o
    0x08000f94   0x08000f94   0x00000024   Code   RO         2863    i.HAL_DMA_Abort_IT  stm32f4xx_hal_dma.o
    0x08000fb8   0x08000fb8   0x000001a0   Code   RO         2867    i.HAL_DMA_IRQHandler  stm32f4xx_hal_dma.o
    0x08001158   0x08001158   0x000000d4   Code   RO         2868    i.HAL_DMA_Init      stm32f4xx_hal_dma.o
    0x0800122c   0x0800122c   0x0000006e   Code   RO         2872    i.HAL_DMA_Start_IT  stm32f4xx_hal_dma.o
    0x0800129a   0x0800129a   0x00000002   PAD
    0x0800129c   0x0800129c   0x000001f0   Code   RO         2755    i.HAL_GPIO_Init     stm32f4xx_hal_gpio.o
    0x0800148c   0x0800148c   0x0000000a   Code   RO         2757    i.HAL_GPIO_ReadPin  stm32f4xx_hal_gpio.o
    0x08001496   0x08001496   0x0000000a   Code   RO         2759    i.HAL_GPIO_WritePin  stm32f4xx_hal_gpio.o
    0x080014a0   0x080014a0   0x0000000c   Code   RO         3305    i.HAL_GetTick       stm32f4xx_hal.o
    0x080014ac   0x080014ac   0x00000010   Code   RO         3311    i.HAL_IncTick       stm32f4xx_hal.o
    0x080014bc   0x080014bc   0x00000034   Code   RO         3312    i.HAL_Init          stm32f4xx_hal.o
    0x080014f0   0x080014f0   0x0000008c   Code   RO          537    i.HAL_InitTick      stm32f4xx_hal_timebase_tim.o
    0x0800157c   0x0800157c   0x00000038   Code   RO          513    i.HAL_MspInit       stm32f4xx_hal_msp.o
    0x080015b4   0x080015b4   0x0000001a   Code   RO         3147    i.HAL_NVIC_EnableIRQ  stm32f4xx_hal_cortex.o
    0x080015ce   0x080015ce   0x00000002   PAD
    0x080015d0   0x080015d0   0x00000040   Code   RO         3153    i.HAL_NVIC_SetPriority  stm32f4xx_hal_cortex.o
    0x08001610   0x08001610   0x00000024   Code   RO         3154    i.HAL_NVIC_SetPriorityGrouping  stm32f4xx_hal_cortex.o
    0x08001634   0x08001634   0x00000134   Code   RO         2401    i.HAL_RCC_ClockConfig  stm32f4xx_hal_rcc.o
    0x08001768   0x08001768   0x00000040   Code   RO         2405    i.HAL_RCC_GetClockConfig  stm32f4xx_hal_rcc.o
    0x080017a8   0x080017a8   0x00000020   Code   RO         2408    i.HAL_RCC_GetPCLK1Freq  stm32f4xx_hal_rcc.o
    0x080017c8   0x080017c8   0x00000020   Code   RO         2409    i.HAL_RCC_GetPCLK2Freq  stm32f4xx_hal_rcc.o
    0x080017e8   0x080017e8   0x00000064   Code   RO         2410    i.HAL_RCC_GetSysClockFreq  stm32f4xx_hal_rcc.o
    0x0800184c   0x0800184c   0x0000036c   Code   RO         2413    i.HAL_RCC_OscConfig  stm32f4xx_hal_rcc.o
    0x08001bb8   0x08001bb8   0x00000002   Code   RO         1899    i.HAL_TIMEx_BreakCallback  stm32f4xx_hal_tim_ex.o
    0x08001bba   0x08001bba   0x00000002   Code   RO         1900    i.HAL_TIMEx_CommutCallback  stm32f4xx_hal_tim_ex.o
    0x08001bbc   0x08001bbc   0x0000005a   Code   RO         1195    i.HAL_TIM_Base_Init  stm32f4xx_hal_tim.o
    0x08001c16   0x08001c16   0x00000002   Code   RO         1197    i.HAL_TIM_Base_MspInit  stm32f4xx_hal_tim.o
    0x08001c18   0x08001c18   0x00000080   Code   RO         1200    i.HAL_TIM_Base_Start_IT  stm32f4xx_hal_tim.o
    0x08001c98   0x08001c98   0x00000002   Code   RO         1229    i.HAL_TIM_IC_CaptureCallback  stm32f4xx_hal_tim.o
    0x08001c9a   0x08001c9a   0x00000130   Code   RO         1243    i.HAL_TIM_IRQHandler  stm32f4xx_hal_tim.o
    0x08001dca   0x08001dca   0x00000002   Code   RO         1246    i.HAL_TIM_OC_DelayElapsedCallback  stm32f4xx_hal_tim.o
    0x08001dcc   0x08001dcc   0x00000002   Code   RO         1273    i.HAL_TIM_PWM_PulseFinishedCallback  stm32f4xx_hal_tim.o
    0x08001dce   0x08001dce   0x00000002   PAD
    0x08001dd0   0x08001dd0   0x00000014   Code   RO           14    i.HAL_TIM_PeriodElapsedCallback  main.o
    0x08001de4   0x08001de4   0x00000002   Code   RO         1286    i.HAL_TIM_TriggerCallback  stm32f4xx_hal_tim.o
    0x08001de6   0x08001de6   0x0000004a   Code   RO         3560    i.HAL_UARTEx_ReceiveToIdle_DMA  stm32f4xx_hal_uart.o
    0x08001e30   0x08001e30   0x00000044   Code   RO          947    i.HAL_UARTEx_RxEventCallback  remote_control_task.o
    0x08001e74   0x08001e74   0x00000002   Code   RO         3576    i.HAL_UART_ErrorCallback  stm32f4xx_hal_uart.o
    0x08001e76   0x08001e76   0x00000002   PAD
    0x08001e78   0x08001e78   0x00000280   Code   RO         3579    i.HAL_UART_IRQHandler  stm32f4xx_hal_uart.o
    0x080020f8   0x080020f8   0x00000064   Code   RO         3580    i.HAL_UART_Init     stm32f4xx_hal_uart.o
    0x0800215c   0x0800215c   0x00000138   Code   RO          372    i.HAL_UART_MspInit  usart.o
    0x08002294   0x08002294   0x00000002   Code   RO         3586    i.HAL_UART_RxCpltCallback  stm32f4xx_hal_uart.o
    0x08002296   0x08002296   0x00000002   Code   RO         3587    i.HAL_UART_RxHalfCpltCallback  stm32f4xx_hal_uart.o
    0x08002298   0x08002298   0x000000a0   Code   RO         3588    i.HAL_UART_Transmit  stm32f4xx_hal_uart.o
    0x08002338   0x08002338   0x00000002   Code   RO         3591    i.HAL_UART_TxCpltCallback  stm32f4xx_hal_uart.o
    0x0800233a   0x0800233a   0x00000002   Code   RO          424    i.HardFault_Handler  stm32f4xx_it.o
    0x0800233c   0x0800233c   0x00000178   Code   RO         1047    i.InverseKinematics  steering_chassis.o
    0x080024b4   0x080024b4   0x0000002c   Code   RO          764    i.M3508_GetFeedback  m3508.o
    0x080024e0   0x080024e0   0x00000084   Code   RO          765    i.M3508_Init        m3508.o
    0x08002564   0x08002564   0x0000006c   Code   RO          766    i.M3508_RxCallback  m3508.o
    0x080025d0   0x080025d0   0x000000b0   Code   RO          767    i.M3508_SendAll     m3508.o
    0x08002680   0x08002680   0x00000024   Code   RO          768    i.M3508_SetCurrent  m3508.o
    0x080026a4   0x080026a4   0x00000020   Code   RO          820    i.MT6701_Init       mt6701.o
    0x080026c4   0x080026c4   0x00000048   Code   RO          821    i.MT6701_ReadAngle  mt6701.o
    0x0800270c   0x0800270c   0x00000044   Code   RO          307    i.MX_CAN1_Init      can.o
    0x08002750   0x08002750   0x0000003c   Code   RO          347    i.MX_DMA_Init       dma.o
    0x0800278c   0x0800278c   0x00000078   Code   RO          226    i.MX_FREERTOS_Init  freertos.o
    0x08002804   0x08002804   0x00000100   Code   RO          202    i.MX_GPIO_Init      gpio.o
    0x08002904   0x08002904   0x00000038   Code   RO          373    i.MX_UART4_Init     usart.o
    0x0800293c   0x0800293c   0x00000040   Code   RO          374    i.MX_USART2_UART_Init  usart.o
    0x0800297c   0x0800297c   0x00000002   Code   RO          425    i.MemManage_Handler  stm32f4xx_it.o
    0x0800297e   0x0800297e   0x00000002   PAD
    0x08002980   0x08002980   0x0000003c   Code   RO          997    i.Motor_Movement    movement_task.o
    0x080029bc   0x080029bc   0x0000002c   Code   RO          998    i.Movement_Init     movement_task.o
    0x080029e8   0x080029e8   0x00000002   Code   RO          426    i.NMI_Handler       stm32f4xx_it.o
    0x080029ea   0x080029ea   0x00000002   PAD
    0x080029ec   0x080029ec   0x00000030   Code   RO         1048    i.NormalizeAngle    steering_chassis.o
    0x08002a1c   0x08002a1c   0x000000b0   Code   RO         1049    i.PID_Compute       steering_chassis.o
    0x08002acc   0x08002acc   0x0000001c   Code   RO         1050    i.PID_Init          steering_chassis.o
    0x08002ae8   0x08002ae8   0x00000018   Code   RO         1051    i.PID_Reset         steering_chassis.o
    0x08002b00   0x08002b00   0x0000009c   Code   RO          576    i.ParseDbusFrame    remote_control.o
    0x08002b9c   0x08002b9c   0x00000074   Code   RO          577    i.RawToNormalized   remote_control.o
    0x08002c10   0x08002c10   0x0000000e   Code   RO          578    i.RawToSwitch       remote_control.o
    0x08002c1e   0x08002c1e   0x00000002   PAD
    0x08002c20   0x08002c20   0x0000008c   Code   RO         1052    i.ReadEncoders      steering_chassis.o
    0x08002cac   0x08002cac   0x00000068   Code   RO         1053    i.ReadMotorFeedback  steering_chassis.o
    0x08002d14   0x08002d14   0x000000a8   Code   RO          948    i.Receive_and_Process_Signal  remote_control_task.o
    0x08002dbc   0x08002dbc   0x0000000c   Code   RO          949    i.RemoteControlTask_Init  remote_control_task.o
    0x08002dc8   0x08002dc8   0x00000020   Code   RO          580    i.RemoteControl_GetState  remote_control.o
    0x08002de8   0x08002de8   0x00000090   Code   RO          581    i.RemoteControl_IdleCallback  remote_control.o
    0x08002e78   0x08002e78   0x0000004c   Code   RO          582    i.RemoteControl_Init  remote_control.o
    0x08002ec4   0x08002ec4   0x00000028   Code   RO          583    i.RemoteControl_IsConnected  remote_control.o
    0x08002eec   0x08002eec   0x00000044   Code   RO          584    i.RemoteControl_LossProtectionTick  remote_control.o
    0x08002f30   0x08002f30   0x0000003c   Code   RO         1054    i.SendMotorCurrents  steering_chassis.o
    0x08002f6c   0x08002f6c   0x0000005c   Code   RO          664    i.SoftI2C_DelayUs   soft_i2c.o
    0x08002fc8   0x08002fc8   0x0000002e   Code   RO          665    i.SoftI2C_Init      soft_i2c.o
    0x08002ff6   0x08002ff6   0x00000058   Code   RO          666    i.SoftI2C_ReadByte  soft_i2c.o
    0x0800304e   0x0800304e   0x00000002   PAD
    0x08003050   0x08003050   0x00000094   Code   RO          668    i.SoftI2C_ReadRegs  soft_i2c.o
    0x080030e4   0x080030e4   0x00000042   Code   RO          669    i.SoftI2C_SendAck   soft_i2c.o
    0x08003126   0x08003126   0x00000038   Code   RO          670    i.SoftI2C_SendNack  soft_i2c.o
    0x0800315e   0x0800315e   0x00000048   Code   RO          671    i.SoftI2C_Start     soft_i2c.o
    0x080031a6   0x080031a6   0x00000038   Code   RO          672    i.SoftI2C_Stop      soft_i2c.o
    0x080031de   0x080031de   0x0000005c   Code   RO          673    i.SoftI2C_WaitAck   soft_i2c.o
    0x0800323a   0x0800323a   0x0000004e   Code   RO          674    i.SoftI2C_WriteByte  soft_i2c.o
    0x08003288   0x08003288   0x00000008   Code   RO          229    i.StartDefaultTask  freertos.o
    0x08003290   0x08003290   0x000001b8   Code   RO         1055    i.SteeringChassis_ControlLoop  steering_chassis.o
    0x08003448   0x08003448   0x00000070   Code   RO         1056    i.SteeringChassis_EmergencyStop  steering_chassis.o
    0x080034b8   0x080034b8   0x0000000c   Code   RO         1057    i.SteeringChassis_GetState  steering_chassis.o
    0x080034c4   0x080034c4   0x00000050   Code   RO         1058    i.SteeringChassis_GetWheelDebug  steering_chassis.o
    0x08003514   0x08003514   0x0000026c   Code   RO         1059    i.SteeringChassis_Init  steering_chassis.o
    0x08003780   0x08003780   0x0000003c   Code   RO         1060    i.SteeringChassis_IsEncoderHealthy  steering_chassis.o
    0x080037bc   0x080037bc   0x00000014   Code   RO         1063    i.SteeringChassis_Recover  steering_chassis.o
    0x080037d0   0x080037d0   0x0000000c   Code   RO         1064    i.SteeringChassis_SetVelocity  steering_chassis.o
    0x080037dc   0x080037dc   0x0000001a   Code   RO         5058    i.SysTick_Handler   cmsis_os2.o
    0x080037f6   0x080037f6   0x00000002   PAD
    0x080037f8   0x080037f8   0x00000094   Code   RO           15    i.SystemClock_Config  main.o
    0x0800388c   0x0800388c   0x00000010   Code   RO         3914    i.SystemInit        system_stm32f4xx.o
    0x0800389c   0x0800389c   0x0000000c   Code   RO          427    i.TIM1_UP_TIM10_IRQHandler  stm32f4xx_it.o
    0x080038a8   0x080038a8   0x000000d0   Code   RO         1288    i.TIM_Base_SetConfig  stm32f4xx_hal_tim.o
    0x08003978   0x08003978   0x0000000c   Code   RO          428    i.UART4_IRQHandler  stm32f4xx_it.o
    0x08003984   0x08003984   0x0000000e   Code   RO         3593    i.UART_DMAAbortOnError  stm32f4xx_hal_uart.o
    0x08003992   0x08003992   0x0000004a   Code   RO         3594    i.UART_DMAError     stm32f4xx_hal_uart.o
    0x080039dc   0x080039dc   0x00000086   Code   RO         3595    i.UART_DMAReceiveCplt  stm32f4xx_hal_uart.o
    0x08003a62   0x08003a62   0x0000001e   Code   RO         3597    i.UART_DMARxHalfCplt  stm32f4xx_hal_uart.o
    0x08003a80   0x08003a80   0x0000004e   Code   RO         3603    i.UART_EndRxTransfer  stm32f4xx_hal_uart.o
    0x08003ace   0x08003ace   0x0000001c   Code   RO         3604    i.UART_EndTxTransfer  stm32f4xx_hal_uart.o
    0x08003aea   0x08003aea   0x000000c2   Code   RO         3605    i.UART_Receive_IT   stm32f4xx_hal_uart.o
    0x08003bac   0x08003bac   0x0000010c   Code   RO         3606    i.UART_SetConfig    stm32f4xx_hal_uart.o
    0x08003cb8   0x08003cb8   0x000000a0   Code   RO         3607    i.UART_Start_Receive_DMA  stm32f4xx_hal_uart.o
    0x08003d58   0x08003d58   0x00000072   Code   RO         3609    i.UART_WaitOnFlagUntilTimeout  stm32f4xx_hal_uart.o
    0x08003dca   0x08003dca   0x00000002   PAD
    0x08003dcc   0x08003dcc   0x0000000c   Code   RO          429    i.USART2_IRQHandler  stm32f4xx_it.o
    0x08003dd8   0x08003dd8   0x00000002   Code   RO          430    i.UsageFault_Handler  stm32f4xx_it.o
    0x08003dda   0x08003dda   0x00000002   PAD
    0x08003ddc   0x08003ddc   0x0000002c   Code   RO          899    i.Vofa_Debugging_Transmition  vofa_transmit_task.o
    0x08003e08   0x08003e08   0x0000004a   Code   RO          866    i.Vofa_SendJustFloat  vofa_send.o
    0x08003e52   0x08003e52   0x00000092   Code   RO          867    i.Vofa_SendWheelDebug  vofa_send.o
    0x08003ee4   0x08003ee4   0x00000034   Code   RO         1065    i.Wrap180           steering_chassis.o
    0x08003f18   0x08003f18   0x00000026   Code   RO         5749    i.__ARM_fpclassifyf  m_wm.l(fpclassifyf.o)
    0x08003f3e   0x08003f3e   0x00000020   Code   RO         3160    i.__NVIC_SetPriority  stm32f4xx_hal_cortex.o
    0x08003f5e   0x08003f5e   0x00000002   PAD
    0x08003f60   0x08003f60   0x000002ac   Code   RO         5715    i.__hardfp_atan2f   m_wm.l(atan2f.o)
    0x0800420c   0x0800420c   0x0000003a   Code   RO         5727    i.__hardfp_sqrtf    m_wm.l(sqrtf.o)
    0x08004246   0x08004246   0x00000006   Code   RO         5753    i.__mathlib_flt_infnan2  m_wm.l(funder.o)
    0x0800424c   0x0800424c   0x00000010   Code   RO         5757    i.__mathlib_flt_underflow  m_wm.l(funder.o)
    0x0800425c   0x0800425c   0x0000002a   Code   RO           16    i.main              main.o
    0x08004286   0x08004286   0x0000001a   Code   RO         5060    i.osDelay           cmsis_os2.o
    0x080042a0   0x080042a0   0x00000024   Code   RO         5074    i.osKernelInitialize  cmsis_os2.o
    0x080042c4   0x080042c4   0x00000038   Code   RO         5077    i.osKernelStart     cmsis_os2.o
    0x080042fc   0x080042fc   0x00000064   Code   RO         5089    i.osMessageQueueGet  cmsis_os2.o
    0x08004360   0x08004360   0x00000058   Code   RO         5094    i.osMessageQueueNew  cmsis_os2.o
    0x080043b8   0x080043b8   0x00000068   Code   RO         5095    i.osMessageQueuePut  cmsis_os2.o
    0x08004420   0x08004420   0x0000005c   Code   RO         5102    i.osSemaphoreAcquire  cmsis_os2.o
    0x0800447c   0x0800447c   0x00000098   Code   RO         5105    i.osSemaphoreNew    cmsis_os2.o
    0x08004514   0x08004514   0x0000008a   Code   RO         5119    i.osThreadNew       cmsis_os2.o
    0x0800459e   0x0800459e   0x00000002   PAD
    0x080045a0   0x080045a0   0x0000005c   Code   RO         4522    i.prvAddCurrentTaskToDelayedList  tasks.o
    0x080045fc   0x080045fc   0x000000d0   Code   RO         4523    i.prvAddNewTaskToReadyList  tasks.o
    0x080046cc   0x080046cc   0x00000058   Code   RO         4887    i.prvCheckForValidListAndQueue  timers.o
    0x08004724   0x08004724   0x00000026   Code   RO         4119    i.prvCopyDataFromQueue  queue.o
    0x0800474a   0x0800474a   0x0000006c   Code   RO         4120    i.prvCopyDataToQueue  queue.o
    0x080047b6   0x080047b6   0x00000034   Code   RO         4524    i.prvDeleteTCB      tasks.o
    0x080047ea   0x080047ea   0x00000002   PAD
    0x080047ec   0x080047ec   0x0000004c   Code   RO         5565    i.prvHeapInit       heap_4.o
    0x08004838   0x08004838   0x00000060   Code   RO         4525    i.prvIdleTask       tasks.o
    0x08004898   0x08004898   0x00000022   Code   RO         4122    i.prvInitialiseNewQueue  queue.o
    0x080048ba   0x080048ba   0x00000002   PAD
    0x080048bc   0x080048bc   0x000000b0   Code   RO         4526    i.prvInitialiseNewTask  tasks.o
    0x0800496c   0x0800496c   0x0000004c   Code   RO         5566    i.prvInsertBlockIntoFreeList  heap_4.o
    0x080049b8   0x080049b8   0x00000038   Code   RO         4889    i.prvInsertTimerInActiveList  timers.o
    0x080049f0   0x080049f0   0x0000001c   Code   RO         4123    i.prvIsQueueEmpty   queue.o
    0x08004a0c   0x08004a0c   0x000000fc   Code   RO         4890    i.prvProcessReceivedCommands  timers.o
    0x08004b08   0x08004b08   0x000000c0   Code   RO         4891    i.prvProcessTimerOrBlockTask  timers.o
    0x08004bc8   0x08004bc8   0x00000020   Code   RO         4528    i.prvResetNextTaskUnblockTime  tasks.o
    0x08004be8   0x08004be8   0x00000028   Code   RO         4892    i.prvSampleTimeNow  timers.o
    0x08004c10   0x08004c10   0x0000006c   Code   RO         4893    i.prvSwitchTimerLists  timers.o
    0x08004c7c   0x08004c7c   0x00000028   Code   RO         5621    i.prvTaskExitError  port.o
    0x08004ca4   0x08004ca4   0x00000024   Code   RO         4894    i.prvTimerTask      timers.o
    0x08004cc8   0x08004cc8   0x0000006a   Code   RO         4124    i.prvUnlockQueue    queue.o
    0x08004d32   0x08004d32   0x00000002   PAD
    0x08004d34   0x08004d34   0x000000dc   Code   RO         5567    i.pvPortMalloc      heap_4.o
    0x08004e10   0x08004e10   0x00000018   Code   RO         4531    i.pvTaskIncrementMutexHeldCount  tasks.o
    0x08004e28   0x08004e28   0x0000002c   Code   RO         5622    i.pxPortInitialiseStack  port.o
    0x08004e54   0x08004e54   0x00000026   Code   RO         4079    i.uxListRemove      list.o
    0x08004e7a   0x08004e7a   0x00000002   PAD
    0x08004e7c   0x08004e7c   0x00000014   Code   RO         5131    i.vApplicationGetIdleTaskMemory  cmsis_os2.o
    0x08004e90   0x08004e90   0x00000018   Code   RO         5132    i.vApplicationGetTimerTaskMemory  cmsis_os2.o
    0x08004ea8   0x08004ea8   0x00000016   Code   RO         4080    i.vListInitialise   list.o
    0x08004ebe   0x08004ebe   0x00000006   Code   RO         4081    i.vListInitialiseItem  list.o
    0x08004ec4   0x08004ec4   0x00000030   Code   RO         4082    i.vListInsert       list.o
    0x08004ef4   0x08004ef4   0x00000018   Code   RO         4083    i.vListInsertEnd    list.o
    0x08004f0c   0x08004f0c   0x00000040   Code   RO         5624    i.vPortEnterCritical  port.o
    0x08004f4c   0x08004f4c   0x00000028   Code   RO         5625    i.vPortExitCritical  port.o
    0x08004f74   0x08004f74   0x00000064   Code   RO         5568    i.vPortFree         heap_4.o
    0x08004fd8   0x08004fd8   0x00000024   Code   RO         5626    i.vPortSetupTimerInterrupt  port.o
    0x08004ffc   0x08004ffc   0x00000054   Code   RO         5627    i.vPortValidateInterruptPriority  port.o
    0x08005050   0x08005050   0x00000028   Code   RO         4130    i.vQueueAddToRegistry  queue.o
    0x08005078   0x08005078   0x0000002e   Code   RO         4131    i.vQueueDelete      queue.o
    0x080050a6   0x080050a6   0x00000002   PAD
    0x080050a8   0x080050a8   0x00000028   Code   RO         4133    i.vQueueUnregisterQueue  queue.o
    0x080050d0   0x080050d0   0x00000044   Code   RO         4134    i.vQueueWaitForMessageRestricted  queue.o
    0x08005114   0x08005114   0x0000004c   Code   RO         4541    i.vTaskDelay        tasks.o
    0x08005160   0x08005160   0x0000008c   Code   RO         4542    i.vTaskDelayUntil   tasks.o
    0x080051ec   0x080051ec   0x00000010   Code   RO         4546    i.vTaskInternalSetTimeOutState  tasks.o
    0x080051fc   0x080051fc   0x0000000c   Code   RO         4547    i.vTaskMissedYield  tasks.o
    0x08005208   0x08005208   0x00000030   Code   RO         4549    i.vTaskPlaceOnEventList  tasks.o
    0x08005238   0x08005238   0x00000038   Code   RO         4550    i.vTaskPlaceOnEventListRestricted  tasks.o
    0x08005270   0x08005270   0x00000090   Code   RO         4552    i.vTaskPriorityDisinheritAfterTimeout  tasks.o
    0x08005300   0x08005300   0x00000088   Code   RO         4558    i.vTaskStartScheduler  tasks.o
    0x08005388   0x08005388   0x00000010   Code   RO         4560    i.vTaskSuspendAll   tasks.o
    0x08005398   0x08005398   0x00000064   Code   RO         4561    i.vTaskSwitchContext  tasks.o
    0x080053fc   0x080053fc   0x000000f4   Code   RO         5628    i.xPortStartScheduler  port.o
    0x080054f0   0x080054f0   0x0000002c   Code   RO         5629    i.xPortSysTickHandler  port.o
    0x0800551c   0x0800551c   0x0000003a   Code   RO         4135    i.xQueueCreateCountingSemaphore  queue.o
    0x08005556   0x08005556   0x00000040   Code   RO         4136    i.xQueueCreateCountingSemaphoreStatic  queue.o
    0x08005596   0x08005596   0x00000042   Code   RO         4139    i.xQueueGenericCreate  queue.o
    0x080055d8   0x080055d8   0x00000066   Code   RO         4140    i.xQueueGenericCreateStatic  queue.o
    0x0800563e   0x0800563e   0x00000002   PAD
    0x08005640   0x08005640   0x00000088   Code   RO         4141    i.xQueueGenericReset  queue.o
    0x080056c8   0x080056c8   0x00000160   Code   RO         4142    i.xQueueGenericSend  queue.o
    0x08005828   0x08005828   0x000000be   Code   RO         4143    i.xQueueGenericSendFromISR  queue.o
    0x080058e6   0x080058e6   0x0000009c   Code   RO         4146    i.xQueueGiveFromISR  queue.o
    0x08005982   0x08005982   0x00000002   PAD
    0x08005984   0x08005984   0x00000138   Code   RO         4152    i.xQueueReceive     queue.o
    0x08005abc   0x08005abc   0x0000009a   Code   RO         4153    i.xQueueReceiveFromISR  queue.o
    0x08005b56   0x08005b56   0x00000002   PAD
    0x08005b58   0x08005b58   0x00000178   Code   RO         4154    i.xQueueSemaphoreTake  queue.o
    0x08005cd0   0x08005cd0   0x00000074   Code   RO         4563    i.xTaskCheckForTimeOut  tasks.o
    0x08005d44   0x08005d44   0x0000005a   Code   RO         4564    i.xTaskCreate       tasks.o
    0x08005d9e   0x08005d9e   0x00000056   Code   RO         4565    i.xTaskCreateStatic  tasks.o
    0x08005df4   0x08005df4   0x0000001c   Code   RO         4569    i.xTaskGetSchedulerState  tasks.o
    0x08005e10   0x08005e10   0x0000000c   Code   RO         4570    i.xTaskGetTickCount  tasks.o
    0x08005e1c   0x08005e1c   0x000000c8   Code   RO         4572    i.xTaskIncrementTick  tasks.o
    0x08005ee4   0x08005ee4   0x00000080   Code   RO         4575    i.xTaskPriorityDisinherit  tasks.o
    0x08005f64   0x08005f64   0x00000078   Code   RO         4576    i.xTaskPriorityInherit  tasks.o
    0x08005fdc   0x08005fdc   0x00000070   Code   RO         4577    i.xTaskRemoveFromEventList  tasks.o
    0x0800604c   0x0800604c   0x000000c4   Code   RO         4578    i.xTaskResumeAll    tasks.o
    0x08006110   0x08006110   0x00000060   Code   RO         4903    i.xTimerCreateTimerTask  timers.o
    0x08006170   0x08006170   0x00000068   Code   RO         4904    i.xTimerGenericCommand  timers.o
    0x080061d8   0x080061d8   0x0000000a   Code   RO         5872    x$fpl$fpinit        fz_wm.l(fpinit.o)
    0x080061e2   0x080061e2   0x00000000   Code   RO         5748    x$fpl$usenofp       fz_wm.l(usenofp.o)
    0x080061e2   0x080061e2   0x00000002   PAD
    0x080061e4   0x080061e4   0x000000b8   Data   RO          231    .constdata          freertos.o
    0x0800629c   0x0800629c   0x00000010   Data   RO          999    .constdata          movement_task.o
    0x080062ac   0x080062ac   0x00000088   Data   RO         1067    .constdata          steering_chassis.o
    0x08006334   0x08006334   0x00000008   Data   RO         2874    .constdata          stm32f4xx_hal_dma.o
    0x0800633c   0x0800633c   0x00000010   Data   RO         3915    .constdata          system_stm32f4xx.o
    0x0800634c   0x0800634c   0x00000008   Data   RO         3916    .constdata          system_stm32f4xx.o
    0x08006354   0x08006354   0x00000056   Data   RO          232    .conststring        freertos.o
    0x080063aa   0x080063aa   0x00000002   PAD
    0x080063ac   0x080063ac   0x00000020   Data   RO         5930    Region$$Table       anon$$obj.o


    Execution Region RW_IRAM1 (Exec base: 0x20000000, Load base: 0x080063cc, Size: 0x000055f8, Max: 0x0001c000, ABSOLUTE)

    Exec Addr    Load Addr    Size         Type   Attr      Idx    E Section Name        Object

    0x20000000   0x080063cc   0x00000018   Data   RW          233    .data               freertos.o
    0x20000018   0x080063e4   0x00000010   Data   RW          586    .data               remote_control.o
    0x20000028   0x080063f4   0x00000010   Data   RW          676    .data               soft_i2c.o
    0x20000038   0x08006404   0x00000010   Data   RW          677    .data               soft_i2c.o
    0x20000048   0x08006414   0x00000010   Data   RW          678    .data               soft_i2c.o
    0x20000058   0x08006424   0x00000010   Data   RW          679    .data               soft_i2c.o
    0x20000068   0x08006434   0x00000001   Data   RW          680    .data               soft_i2c.o
    0x20000069   0x08006435   0x00000003   PAD
    0x2000006c   0x08006438   0x00000008   Data   RW          770    .data               m3508.o
    0x20000074   0x08006440   0x00000001   Data   RW         1000    .data               movement_task.o
    0x20000075   0x08006441   0x00000003   PAD
    0x20000078   0x08006444   0x00000010   Data   RW         1068    .data               steering_chassis.o
    0x20000088   0x08006454   0x0000000c   Data   RW         3319    .data               stm32f4xx_hal.o
    0x20000094   0x08006460   0x00000004   Data   RW         3917    .data               system_stm32f4xx.o
    0x20000098   0x08006464   0x0000003c   Data   RW         4581    .data               tasks.o
    0x200000d4   0x080064a0   0x00000014   Data   RW         4912    .data               timers.o
    0x200000e8   0x080064b4   0x00000004   Data   RW         5134    .data               cmsis_os2.o
    0x200000ec   0x080064b8   0x00000020   Data   RW         5574    .data               heap_4.o
    0x2000010c   0x080064d8   0x0000000c   Data   RW         5630    .data               port.o
    0x20000118        -       0x00000028   Zero   RW          308    .bss                can.o
    0x20000140        -       0x00000150   Zero   RW          375    .bss                usart.o
    0x20000290        -       0x00000048   Zero   RW          540    .bss                stm32f4xx_hal_timebase_tim.o
    0x200002d8        -       0x0000006c   Zero   RW          585    .bss                remote_control.o
    0x20000344        -       0x0000005a   Zero   RW          769    .bss                m3508.o
    0x2000039e   0x080064e4   0x00000002   PAD
    0x200003a0        -       0x00000320   Zero   RW         1066    .bss                steering_chassis.o
    0x200006c0        -       0x00000040   Zero   RW         4156    .bss                queue.o
    0x20000700        -       0x000004c4   Zero   RW         4580    .bss                tasks.o
    0x20000bc4        -       0x00000118   Zero   RW         4911    .bss                timers.o
    0x20000cdc        -       0x000006b8   Zero   RW         5133    .bss                cmsis_os2.o
    0x20001394        -       0x00003c00   Zero   RW         5573    .bss                heap_4.o
    0x20004f94        -       0x00000060   Zero   RW         5788    .bss                c_w.l(libspace.o)
    0x20004ff4   0x080064e4   0x00000004   PAD
    0x20004ff8        -       0x00000200   Zero   RW            2    HEAP                startup_stm32f405xx.o
    0x200051f8        -       0x00000400   Zero   RW            1    STACK               startup_stm32f405xx.o


    Execution Region RW_IRAM2 (Exec base: 0x2001c000, Load base: 0x080064e4, Size: 0x00000000, Max: 0x00004000, ABSOLUTE)

    **** No section assigned to this execution region ****


==============================================================================

Image component sizes


      Code (inc. data)   RO Data    RW Data    ZI Data      Debug   Object Name

       192         22          0          0         40       1729   can.o
       862         34          0          4       1720      63965   cmsis_os2.o
        60          4          0          0          0        802   dma.o
         0          0          0          0          0      19492   event_groups.o
       128         24        270         24          0       7930   freertos.o
       256         20          0          0          0       1063   gpio.o
       472         24          0         32      15360       4919   heap_4.o
       138          0          0          0          0       3598   list.o
       496         36          0          8         90       4675   m3508.o
       214         14          0          0          0     666044   main.o
       108         18         16          1          0       6714   movement_task.o
       104          8          0          0          0       2705   mt6701.o
       786         82          0         12          0      11609   port.o
      2474         28          0          0         64      26668   queue.o
       646         54          0         16        108      12866   remote_control.o
       248         30          0          0          0       6520   remote_control_task.o
       794         20          0         65          0       8383   soft_i2c.o
        64         26        392          0       1536        852   startup_stm32f405xx.o
      2572        232        136         16        800      16483   steering_chassis.o
        80         14          0         12          0       8138   stm32f4xx_hal.o
      1692          6          0          0          0      15300   stm32f4xx_hal_can.o
       158         14          0          0          0      33074   stm32f4xx_hal_cortex.o
      1084         16          8          0          0       7430   stm32f4xx_hal_dma.o
       516         46          0          0          0       2883   stm32f4xx_hal_gpio.o
        56          4          0          0          0        886   stm32f4xx_hal_msp.o
      1412         86          0          0          0       5977   stm32f4xx_hal_rcc.o
       740         72          0          0          0       7592   stm32f4xx_hal_tim.o
         4          0          0          0          0       1657   stm32f4xx_hal_tim_ex.o
       140         20          0          0         72       1459   stm32f4xx_hal_timebase_tim.o
      2076         28          0          0          0      15121   stm32f4xx_hal_uart.o
        84         36          0          0          0       5745   stm32f4xx_it.o
         0          0          0          0          0        392   stream_buffer.o
        16          4         24          4          0       1151   system_stm32f4xx.o
      2512        200          0         60       1220      30899   tasks.o
       972         80          0         20        280      29791   timers.o
       432         52          0          0        336       2630   usart.o
       220          0          0          0          0       2019   vofa_send.o
        44          6          0          0          0       5049   vofa_transmit_task.o

    ----------------------------------------------------------------------
     22902       1360        880        280      21628    1044210   Object Totals
         0          0         32          0          0          0   (incl. Generated)
        50          0          2          6          2          0   (incl. Padding)

    ----------------------------------------------------------------------

      Code (inc. data)   RO Data    RW Data    ZI Data      Debug   Library Member Name

         8          0          0          0          0         68   __main.o
         0          0          0          0          0          0   __rtentry.o
        12          0          0          0          0          0   __rtentry2.o
         6          0          0          0          0          0   __rtentry4.o
        52          8          0          0          0          0   __scatter.o
        26          0          0          0          0          0   __scatter_copy.o
        28          0          0          0          0          0   __scatter_zi.o
        22          0          0          0          0        100   _rserrno.o
        16          0          0          0          0         68   aeabi_memset.o
        18          0          0          0          0         80   exit.o
         6          0          0          0          0        152   heapauxi.o
         0          0          0          0          0          0   indicate_semi.o
         2          0          0          0          0          0   libinit.o
         6          0          0          0          0          0   libinit2.o
         2          0          0          0          0          0   libshutdown.o
         2          0          0          0          0          0   libshutdown2.o
         8          4          0          0         96         68   libspace.o
       238          0          0          0          0        100   lludivv7m.o
         8          4          0          0          0         68   rt_errno_addr_intlibspace.o
        68          0          0          0          0         68   rt_memclr.o
        78          0          0          0          0         80   rt_memclr_w.o
       138          0          0          0          0         68   rt_memcpy_v6.o
       100          0          0          0          0         80   rt_memcpy_w.o
         2          0          0          0          0          0   rtexit.o
        10          0          0          0          0          0   rtexit2.o
        12          4          0          0          0         68   sys_exit.o
        74          0          0          0          0         80   sys_stackheap_outer.o
         2          0          0          0          0         68   use_no_semi.o
        10          0          0          0          0        116   fpinit.o
         0          0          0          0          0          0   usenofp.o
       684         90          0          0          0        208   atan2f.o
        38          0          0          0          0        116   fpclassifyf.o
        22          6          0          0          0        232   funder.o
        58          0          0          0          0        136   sqrtf.o

    ----------------------------------------------------------------------
      1766        116          0          0        100       2024   Library Totals
        10          0          0          0          4          0   (incl. Padding)

    ----------------------------------------------------------------------

      Code (inc. data)   RO Data    RW Data    ZI Data      Debug   Library Name

       944         20          0          0         96       1216   c_w.l
        10          0          0          0          0        116   fz_wm.l
       802         96          0          0          0        692   m_wm.l

    ----------------------------------------------------------------------
      1766        116          0          0        100       2024   Library Totals

    ----------------------------------------------------------------------

==============================================================================


      Code (inc. data)   RO Data    RW Data    ZI Data      Debug   

     24668       1476        880        280      21728    1022362   Grand Totals
     24668       1476        880        280      21728    1022362   ELF Image Totals
     24668       1476        880        280          0          0   ROM Totals

==============================================================================

    Total RO  Size (Code + RO Data)                25548 (  24.95kB)
    Total RW  Size (RW Data + ZI Data)             22008 (  21.49kB)
    Total ROM Size (Code + RO Data + RW Data)      25828 (  25.22kB)

==============================================================================

